03-24 18:01:03.275   656 23550 I ArHal   : (ArDataUpdateActivityEvent:522):update [10] events
03-24 18:01:03.275   656 23550 I ArHal   : (ArDataEnableActivityEvent:727):successfully
03-24 18:01:03.275   656 23550 I ArHal   : (ArDataGetState:1471):id[2]
03-24 18:01:03.276   656   680 I ArHal   : (ArDataNetlinkCb:942):cmd[2].length[240]
03-24 18:01:03.276   656   681 I AR_impl : ActChangedCb start count[10]
03-24 18:01:03.277   656 23550 W ArHal   : (ArDataGetActivityIndex:248):invalid activity[63]
03-24 18:01:03.277   656 23550 W ArHal   : (ArDataGetState:1502):unknown activity[63], discard
03-24 18:01:03.277   656 23550 I AR_impl : enableActivityEvent end, pid[2414]
03-24 18:01:03.278  1645  1645 D HwConnectivityManagerImpl: getNetworkPolicyFlag flagStr null
03-24 18:01:03.278   656 23550 I ArHal   : (ArDataGetState:1471):id[2]
03-24 18:01:03.279   656 23550 W ArHal   : (ArDataGetActivityIndex:248):invalid activity[63]
03-24 18:01:03.279   656 23550 W ArHal   : (ArDataGetState:1502):unknown activity[63], discard
03-24 18:01:03.279   656 23550 E AR_impl : getCurrentActivityV1_1: mImpl V1_1 getCurrentActivity error size(0)
03-24 18:01:03.281  1645  1645 D HwConnectivityManagerImpl: getNetworkPolicyFlag flagStr null
03-24 18:01:03.281  2350  2350 I HwMSDPMovementManager: enableMovementEvent type =0
03-24 18:01:03.282   656   681 I AR_impl : able to onActivityChangedV1_1
03-24 18:01:03.282   656   681 I AR_impl : ActChangedCb end, pid[656]
03-24 18:01:03.282   656 23550 I AR_impl : enableActivityEvent activity[7], event[1] reportLatency[5000000000]ns
03-24 18:01:03.282   656 23550 I ArHal   : (ArEnableActivityEvent:1553):activity[7] event[1] latency[5000000000 ns]
03-24 18:01:03.282   656 23550 I ArHal   : (ArDataUpdateActivityEvent:522):update [10] events
03-24 18:01:03.282   656 23550 I ArHal   : (ArDataEnableActivityEvent:727):successfully
03-24 18:01:03.282   656 23550 I ArHal   : (ArDataGetState:1471):id[2]
03-24 18:01:03.284   656 23550 W ArHal   : (ArDataGetActivityIndex:248):invalid activity[63]
03-24 18:01:03.284   656 23550 W ArHal   : (ArDataGetState:1502):unknown activity[63], discard
03-24 18:01:03.284   656 23550 I AR_impl : enableActivityEvent end, pid[2414]
03-24 18:01:03.284   656   680 I ArHal   : (ArDataNetlinkCb:942):cmd[2].length[240]
03-24 18:01:03.284   656   681 I AR_impl : ActChangedCb start count[10]
03-24 18:01:03.285   656 23550 I ArHal   : (ArDataGetState:1471):id[2]
03-24 18:01:03.285   656 23550 W ArHal   : (ArDataGetActivityIndex:248):invalid activity[63]
03-24 18:01:03.285   656 23550 W ArHal   : (ArDataGetState:1502):unknown activity[63], discard
03-24 18:01:03.285   656 23550 E AR_impl : getCurrentActivityV1_1: mImpl V1_1 getCurrentActivity error size(0)
03-24 18:01:03.286  2350  2350 I HwMSDPMovementManager: enableMovementEvent type =0
03-24 18:01:03.286   656   656 I AR_impl : enableActivityEvent activity[7], event[2] reportLatency[5000000000]ns
03-24 18:01:03.286   656   656 I ArHal   : (ArEnableActivityEvent:1553):activity[7] event[2] latency[5000000000 ns]
03-24 18:01:03.286   656   656 I ArHal   : (ArDataUpdateActivityEvent:522):update [10] events
03-24 18:01:03.287   656   656 I ArHal   : (ArDataEnableActivityEvent:727):successfully
03-24 18:01:03.287   656   656 I ArHal   : (ArDataGetState:1471):id[2]
03-24 18:01:03.288   656   680 I ArHal   : (ArDataNetlinkCb:942):cmd[2].length[240]
03-24 18:01:03.288   656   656 W ArHal   : (ArDataGetActivityIndex:248):invalid activity[63]
03-24 18:01:03.289   656   656 W ArHal   : (ArDataGetState:1502):unknown activity[63], discard
03-24 18:01:03.289   656   656 I AR_impl : enableActivityEvent end, pid[2414]
03-24 18:01:03.289   656   656 I ArHal   : (ArDataGetState:1471):id[2]
03-24 18:01:03.290   656   656 W ArHal   : (ArDataGetActivityIndex:248):invalid activity[63]
03-24 18:01:03.290   656   656 W ArHal   : (ArDataGetState:1502):unknown activity[63], discard
03-24 18:01:03.290   656   656 E AR_impl : getCurrentActivityV1_1: mImpl V1_1 getCurrentActivity error size(0)
03-24 18:01:03.290  2350  2350 I HwMSDPMovementManager: enableMovementEvent type =0
03-24 18:01:03.291  3353 30535 I SecurityComp10105306: d: createSocket s host port autoClose
03-24 18:01:03.291  3353 30534 I SecurityComp10105306: d: createSocket s host port autoClose
03-24 18:01:03.291   656   656 I AR_impl : enableActivityEvent activity[4], event[1] reportLatency[5000000000]ns
03-24 18:01:03.291  3353 30535 I SecurityComp10105306: d: set default protocols
03-24 18:01:03.291   656   656 I ArHal   : (ArEnableActivityEvent:1553):activity[4] event[1] latency[5000000000 ns]
03-24 18:01:03.291   656   656 I ArHal   : (ArDataUpdateActivityEvent:522):update [10] events
03-24 18:01:03.291  3353 30534 I SecurityComp10105306: d: set default protocols
03-24 18:01:03.291  3353 30535 I SecurityComp10105306: d: set default cipher suites
03-24 18:01:03.291  3353 30534 I SecurityComp10105306: d: set default cipher suites
03-24 18:01:03.291   656   656 I ArHal   : (ArDataEnableActivityEvent:727):successfully
03-24 18:01:03.292   656   656 I ArHal   : (ArDataGetState:1471):id[2]
03-24 18:01:03.292  2350 15616 I MSDPMovementServiceManager: [I/HwLocation/MSDPMovementServiceManager 2350:656 null:31] type is 0, latencyNs is 5000000000
03-24 18:01:03.292  1645  1783 I PowerManagerService: handleSandman: wakefulness: 1,startDreaming: false
03-24 18:01:03.292  2350  3811 D LogWrite: logDirPath or logFileName is empty
03-24 18:01:03.293  2350 15616 I ActivityTransitionMappingManager: [I/HwLocation/ActivityTransitionMappingManager 2350:656 null:4] compareReturnEventCache
03-24 18:01:03.293  2350 15616 I ActivityTransitionMappingManager: [I/HwLocation/ActivityTransitionMappingManager 2350:656 null:81] movement android.activity_recognition.on_footeventType 2
03-24 18:01:03.293  2350  3811 D LogWrite: logDirPath or logFileName is empty
03-24 18:01:03.293  2350  3811 W LogWrite: logDirPath or logFileName is empty
03-24 18:01:03.293  2350 15616 I ActivityTransitionMappingManager: [I/HwLocation/ActivityTransitionMappingManager 2350:656 null:129] already report , remove it
03-24 18:01:03.293  2350 15616 I ActivityTransitionMappingManager: [I/HwLocation/ActivityTransitionMappingManager 2350:656 null:0] sendActivityTransitionMappingInfo:requestList size:0
03-24 18:01:03.293  2350  3811 D LogWrite: logDirPath or logFileName is empty
03-24 18:01:03.293  2350  3811 W LogWrite: logDirPath or logFileName is empty
03-24 18:01:03.294   656   656 W ArHal   : (ArDataGetActivityIndex:248):invalid activity[63]
03-24 18:01:03.294   656   656 W ArHal   : (ArDataGetState:1502):unknown activity[63], discard
03-24 18:01:03.294   656   656 I AR_impl : enableActivityEvent end, pid[2414]
03-24 18:01:03.294   656   656 I ArHal   : (ArDataGetState:1471):id[2]
03-24 18:01:03.295   656   656 W ArHal   : (ArDataGetActivityIndex:248):invalid activity[63]
03-24 18:01:03.295   656   656 W ArHal   : (ArDataGetState:1502):unknown activity[63], discard
03-24 18:01:03.295   656   656 E AR_impl : getCurrentActivityV1_1: mImpl V1_1 getCurrentActivity error size(0)
03-24 18:01:03.296  2350  2350 I HwMSDPMovementManager: enableMovementEvent type =0
03-24 18:01:03.296   656   681 I AR_impl : able to onActivityChangedV1_1
03-24 18:01:03.296   656   681 I AR_impl : ActChangedCb end, pid[656]
03-24 18:01:03.296   656   680 I ArHal   : (ArDataNetlinkCb:942):cmd[2].length[240]
03-24 18:01:03.296   656   681 I AR_impl : ActChangedCb start count[20]
03-24 18:01:03.297   656   656 I AR_impl : enableActivityEvent activity[4], event[2] reportLatency[5000000000]ns
03-24 18:01:03.297   656   656 I ArHal   : (ArEnableActivityEvent:1553):activity[4] event[2] latency[5000000000 ns]
03-24 18:01:03.297   656   656 I ArHal   : (ArDataUpdateActivityEvent:522):update [10] events
03-24 18:01:03.297   656   656 I ArHal   : (ArDataEnableActivityEvent:727):successfully
03-24 18:01:03.298   656   656 I ArHal   : (ArDataGetState:1471):id[2]
03-24 18:01:03.299   656   680 I ArHal   : (ArDataNetlinkCb:942):cmd[2].length[240]
03-24 18:01:03.299   656   656 W ArHal   : (ArDataGetActivityIndex:248):invalid activity[63]
03-24 18:01:03.300   656   656 W ArHal   : (ArDataGetState:1502):unknown activity[63], discard
03-24 18:01:03.300   656   656 I AR_impl : enableActivityEvent end, pid[2414]
03-24 18:01:03.300   656   656 I ArHal   : (ArDataGetState:1471):id[2]
03-24 18:01:03.300   656   656 W ArHal   : (ArDataGetActivityIndex:248):invalid activity[63]
03-24 18:01:03.301   656   656 W ArHal   : (ArDataGetState:1502):unknown activity[63], discard
03-24 18:01:03.301   656   656 E AR_impl : getCurrentActivityV1_1: mImpl V1_1 getCurrentActivity error size(0)
03-24 18:01:03.301  2350  2350 I HwMSDPMovementManager: enableMovementEvent type =0
03-24 18:01:03.301   656   681 I AR_impl : able to onActivityChangedV1_1
03-24 18:01:03.301   656   681 I AR_impl : ActChangedCb end, pid[656]
03-24 18:01:03.302   656   681 I AR_impl : ActChangedCb start count[10]
03-24 18:01:03.302   656   656 I AR_impl : enableActivityEvent activity[2], event[1] reportLatency[5000000000]ns
03-24 18:01:03.302   656   656 I ArHal   : (ArEnableActivityEvent:1553):activity[2] event[1] latency[5000000000 ns]
03-24 18:01:03.302   656   656 I ArHal   : (ArDataUpdateActivityEvent:522):update [10] events
03-24 18:01:03.302   656   656 I ArHal   : (ArDataEnableActivityEvent:727):successfully
03-24 18:01:03.303   656   656 I ArHal   : (ArDataGetState:1471):id[2]
03-24 18:01:03.303  2350 15616 I MSDPMovementServiceManager: [I/HwLocation/MSDPMovementServiceManager 2350:656 null:31] type is 0, latencyNs is 5000000000
03-24 18:01:03.303  2350 15616 I ActivityTransitionMappingManager: [I/HwLocation/ActivityTransitionMappingManager 2350:656 null:4] compareReturnEventCache
03-24 18:01:03.303  2350 15616 I ActivityTransitionMappingManager: [I/HwLocation/ActivityTransitionMappingManager 2350:656 null:81] movement android.activity_recognition.stilleventType 2
03-24 18:01:03.303  2350 15616 I ActivityTransitionMappingManager: [I/HwLocation/ActivityTransitionMappingManager 2350:656 null:129] already report , remove it
03-24 18:01:03.303  2350  3811 D LogWrite: logDirPath or logFileName is empty
03-24 18:01:03.303  2350  3811 W LogWrite: logDirPath or logFileName is empty
03-24 18:01:03.303  2350 15616 I ActivityTransitionMappingManager: [I/HwLocation/ActivityTransitionMappingManager 2350:656 null:0] sendActivityTransitionMappingInfo:requestList size:0
03-24 18:01:03.303  2350  3811 D LogWrite: logDirPath or logFileName is empty
03-24 18:01:03.304  2350  3811 D LogWrite: logDirPath or logFileName is empty
03-24 18:01:03.304   656   680 I ArHal   : (ArDataNetlinkCb:942):cmd[2].length[240]
03-24 18:01:03.304   656   656 W ArHal   : (ArDataGetActivityIndex:248):invalid activity[63]
03-24 18:01:03.304   656   656 W ArHal   : (ArDataGetState:1502):unknown activity[63], discard
03-24 18:01:03.304   656   656 I AR_impl : enableActivityEvent end, pid[2414]
03-24 18:01:03.305   656   656 I ArHal   : (ArDataGetState:1471):id[2]
03-24 18:01:03.306   656   656 W ArHal   : (ArDataGetActivityIndex:248):invalid activity[63]
03-24 18:01:03.306   656   656 W ArHal   : (ArDataGetState:1502):unknown activity[63], discard
03-24 18:01:03.306   656   656 E AR_impl : getCurrentActivityV1_1: mImpl V1_1 getCurrentActivity error size(0)
03-24 18:01:03.307  2350  2350 I HwMSDPMovementManager: enableMovementEvent type =0
03-24 18:01:03.307   656   681 I AR_impl : able to onActivityChangedV1_1
03-24 18:01:03.307   656   681 I AR_impl : ActChangedCb end, pid[656]
03-24 18:01:03.307   656   681 I AR_impl : ActChangedCb start count[10]
03-24 18:01:03.309   656   656 I AR_impl : enableActivityEvent activity[2], event[2] reportLatency[5000000000]ns
03-24 18:01:03.309   656   656 I ArHal   : (ArEnableActivityEvent:1553):activity[2] event[2] latency[5000000000 ns]
03-24 18:01:03.309   656   656 I ArHal   : (ArDataUpdateActivityEvent:522):update [10] events
03-24 18:01:03.309   656   656 I ArHal   : (ArDataEnableActivityEvent:727):successfully
03-24 18:01:03.309   656   656 I ArHal   : (ArDataGetState:1471):id[2]
03-24 18:01:03.311   656   680 I ArHal   : (ArDataNetlinkCb:942):cmd[2].length[240]
03-24 18:01:03.311   656   656 W ArHal   : (ArDataGetActivityIndex:248):invalid activity[63]
03-24 18:01:03.312   656   656 W ArHal   : (ArDataGetState:1502):unknown activity[63], discard
03-24 18:01:03.312   656   656 I AR_impl : enableActivityEvent end, pid[2414]
03-24 18:01:03.312   656   656 I ArHal   : (ArDataGetState:1471):id[2]
03-24 18:01:03.313   656   656 W ArHal   : (ArDataGetActivityIndex:248):invalid activity[63]
03-24 18:01:03.313   656   656 W ArHal   : (ArDataGetState:1502):unknown activity[63], discard
03-24 18:01:03.313   656   656 E AR_impl : getCurrentActivityV1_1: mImpl V1_1 getCurrentActivity error size(0)
03-24 18:01:03.314   656   681 I AR_impl : able to onActivityChangedV1_1
03-24 18:01:03.314   656   681 I AR_impl : ActChangedCb end, pid[656]
03-24 18:01:03.315   656   681 I AR_impl : ActChangedCb start count[10]
03-24 18:01:03.315  2350 15616 I MSDPMovementServiceManager: [I/HwLocation/MSDPMovementServiceManager 2350:656 null:31] type is 0, latencyNs is 5000000000
03-24 18:01:03.315  2350  2350 I ScreenStatusBroadcastReceiver: [2023-03-24 18:01:03.314 I/LITE_SDK-ScreenStatusBroadcastReceiver] screen on remove Messages
03-24 18:01:03.315  2350 15616 I ActivityTransitionMappingManager: [I/HwLocation/ActivityTransitionMappingManager 2350:656 null:4] compareReturnEventCache
03-24 18:01:03.315  2350 15616 I ActivityTransitionMappingManager: [I/HwLocation/ActivityTransitionMappingManager 2350:656 null:81] movement android.activity_recognition.walkingeventType 2
03-24 18:01:03.316  2350 15616 I ActivityTransitionMappingManager: [I/HwLocation/ActivityTransitionMappingManager 2350:656 null:129] already report , remove it
03-24 18:01:03.316  2350 15616 I ActivityTransitionMappingManager: [I/HwLocation/ActivityTransitionMappingManager 2350:656 null:0] sendActivityTransitionMappingInfo:requestList size:0
03-24 18:01:03.316  2350  3811 D LogWrite: logDirPath or logFileName is empty
03-24 18:01:03.316  2350  3811 W LogWrite: logDirPath or logFileName is empty
03-24 18:01:03.317   656   681 I AR_impl : able to onActivityChangedV1_1
03-24 18:01:03.317   656   681 I AR_impl : ActChangedCb end, pid[656]
03-24 18:01:03.321 16539 16539 I HiBoard_11.0.25.358_ScreenReceiver: onReceive action android.intent.action.SCREEN_ON
03-24 18:01:03.323  1129  1213 E FusionD : (FdMsgProcessing:965):Msg Id is invalid!
03-24 18:01:03.323  1129  1213 W FusionD : (FdOnLbsMsg:977):Maybe gnss has not start.
03-24 18:01:03.323  1129  1213 I FusionD : (sendScreenState:170):FusdLbs: sendScreenState.
03-24 18:01:03.324 15620 15653 E HwHigeoManager: sendHigeoData final type = 0, result = true
03-24 18:01:03.324 17069 17069 I HiAdSDK.PPSNativeViewViewMonitor:  receive screen state: android.intent.action.SCREEN_ON
03-24 18:01:03.326   718 17824 D AudioPolicyService: getUidState(99002) !cacheIter->second.first, return PROCESS_STATE_UNKNOWN
03-24 18:01:03.326 17069 17069 I HiAdSDK.PPSNativeViewViewMonitor:  receive screen state: android.intent.action.SCREEN_ON
03-24 18:01:03.326   718 17824 D AudioPolicyService: getUidState(10103) !cacheIter->second.first, return PROCESS_STATE_UNKNOWN
03-24 18:01:03.326 17069 17069 I HiAdSDK.PPSNativeViewViewMonitor:  receive screen state: android.intent.action.SCREEN_ON
03-24 18:01:03.327 17069 17069 I chatty  : uid=10103(com.huawei.filemanager) identical 1 line
03-24 18:01:03.327 17069 17069 I HiAdSDK.PPSNativeViewViewMonitor:  receive screen state: android.intent.action.SCREEN_ON
03-24 18:01:03.332 21549 21549 I HwHiAIEngine_ScreenListener: ScreenBroadcastReceiver --> ACTION_SCREEN_ON
03-24 18:01:03.333 21549 21549 I HwHiAIEngine_AiEngineEceProvider: onScreenOn
03-24 18:01:03.333   718   954 D AudioPolicyService: getUidState(99002) !cacheIter->second.first, return PROCESS_STATE_UNKNOWN
03-24 18:01:03.333   718   954 D AudioPolicyService: getUidState(10103) !cacheIter->second.first, return PROCESS_STATE_UNKNOWN
03-24 18:01:03.337   718 17824 D AudioPolicyService: getUidState(10140) !cacheIter->second.first, return PROCESS_STATE_UNKNOWN
03-24 18:01:03.338  1645  2792 W ProcBatteryStats: timer is not running , not stop, name: com.android.phone, uid: 1001, tag: RILJ_ACK_WL
03-24 18:01:03.338  1645  1783 I PowerManagerService: handleSandman: wakefulness: 1,startDreaming: false
03-24 18:01:03.340   718 17824 D AudioPolicyService: getUidState(10140) !cacheIter->second.first, return PROCESS_STATE_UNKNOWN
03-24 18:01:03.341   718   954 D AudioPolicyService: getUidState(10062) !cacheIter->second.first, return PROCESS_STATE_UNKNOWN
03-24 18:01:03.348  1645  2792 I AlarmManager: remove alarm:Alarm{8627b3b type 0 when 1679652662806 PendingIntent{87beab9: PendingIntentRecord{852634d com.huawei.systemmanager broadcastIntent}}com.huawei.systemmanager procName com.huawei.systemmanager:service} according to operation:873bc99
03-24 18:01:03.345   718   954 D AudioPolicyService: getUidState(10062) !cacheIter->second.first, return PROCESS_STATE_UNKNOWN
03-24 18:01:03.355   718   954 D AudioPolicyService: getUidState(10159) !cacheIter->second.first, return PROCESS_STATE_UNKNOWN
03-24 18:01:03.361  1645  4927 V BroadcastQueue: Finished with ordered broadcast BroadcastRecord{856d8f3 u-1 android.intent.action.SCREEN_ON}
03-24 18:01:03.360   718   954 D AudioPolicyService: getUidState(10159) !cacheIter->second.first, return PROCESS_STATE_UNKNOWN
03-24 18:01:03.361  1645  2792 W ServiceManager: Permission failure: android.permission.ACTIVITY_RECOGNITION from uid=10168 pid=7865
03-24 18:01:03.361  1094  1094 I SensorHub: Flush, handle = 17
03-24 18:01:03.363  1094  1183 D SensorHub: huawei Hal get step event
03-24 18:01:03.364  1094  1183 I SensorHub: GetMetadDataEvent: handle = 17
03-24 18:01:03.368  7865 29982 I R_Step_LSC: 1200011300|R|refreshReportData calculate detail steps data
03-24 18:01:03.368  7865 29982 I Step_StandReportReceiver: 1200011300|R|REPORT : 14 14 9 270 0
03-24 18:01:03.370  7865 29990 I Step_HealthSmartCoverHelper: 1200011300|R|broadcast step : 14 distance 9
03-24 18:01:03.390  1645  8867 V ActivityManager: Successfully start provider ContentProviderRecord{8550af3 u0 com.huawei.android.totemweather/.provider.SharedPreferenceProvider} launchingApp=null caller pid= 2572
03-24 18:01:03.455   877   877 I aptouch_daemon: filter_touch_detect, down, in: 1, out: 1
03-24 18:01:03.456  1645  1940 D fingersense_manager: Calling fingersense_classify_touch()
03-24 18:01:03.462  1094  1183 D SensorHub: huawei Hal get step event
03-24 18:01:03.462   711  1935 I motion@1.0-service: motion-hal Motion::readEvents motionType: 11
03-24 18:01:03.462   711  1935 D motion@1.0-service: motion-hal Motion::ReadHwStepCounter motionType == MOTIONHUB_TYPE_HW_STEP_COUNTER
03-24 18:01:03.462   711  1935 I motion@1.0-service: motion-hal Motiontest::get stepcount!
03-24 18:01:03.462   711   744 I motion@1.0-service: pollMotionResult g_pollResultReturn = 19
03-24 18:01:03.462  1645  1936 D         : HWExtMotionService Motioncallback ret_cb:19 , motion_cb:11 , length_cb:19
03-24 18:01:03.463  1645  1936 D         : HWExtMotionService valueSize:19 
03-24 18:01:03.463  1645  1936 D         : HWExtDeviceService getActiveConnections 
03-24 18:01:03.463  1645  1936 D         : HWExtDeviceService connSize:1 
03-24 18:01:03.463  2315 13961 D         : ALOGD: HWExtDeviceManager::notifyDeviceData  type: 1100 
03-24 18:01:03.463  2315 13961 D         : HWExtDeviceManager::notifyDeviceData handleEvent uniqueId : 110001
03-24 18:01:03.463   711  1935 D motion@1.0-service: g_motionPollResultReady::unlock out
03-24 18:01:03.464   711  1935 I motion@1.0-service: ActMotionCb motionClientVector.size = 0
03-24 18:01:03.464   711  1935 I motion@1.0-service: ActMotionCb out
03-24 18:01:03.464  2315  2315 I HWExtDeviceManager: trigger onDeviceDataChanged : mListener : com.huawei.systemserver.ihealth.manager.HwStepCounter$1@3bee6c,type : 1100
03-24 18:01:03.464  2315  2315 D HwStepCounter: onDeviceDataChanged
03-24 18:01:03.464  2315  2315 W HwStepCounter: version : 1
03-24 18:01:03.464  1645  1940 D fingersense_manager: fingersense_classify_touch() finished
03-24 18:01:03.464  2315  2315 I HwStepCounter: dealReportData tm: 2023-03-24 18:01:02 steps_value[0] : 0 state_value[0]:0 level_value[0]:0
03-24 18:01:03.464  2315  3579 D HwStepCounter: ReportProxy client : 1
03-24 18:01:03.465  2315  3577 I StepCounterRemoteStub: Report client count 1
03-24 18:01:03.466  1645  1939 I InputDispatcher: stylus touch down, set lcd event 1
03-24 18:01:03.474  1645  1783 I PowerManagerService: handleSandman: wakefulness: 1,startDreaming: false
03-24 18:01:03.507  2315  2566 I PositionFenceSignalCollect: position fence recognize by cell and serve ap fail, no cell datas
03-24 18:01:03.466  1645  1939 I InputDispatcher: stylus touch down, set lcd event 1
03-24 18:01:03.573   877   877 I aptouch_daemon: filter_touch_detect, all_touch_up
03-24 18:01:03.574  1645  1939 I InputDispatcher: stylus touch up, set lcd event 0
03-24 18:01:03.574  1645  1939 I InputDispatcher: stylus touch up, set lcd event 0
03-24 18:01:03.578  1645  1749 I NavigationBarPolicy: isNaviBarEnable is: true
03-24 18:01:03.579  1645  1749 I NavigationBarPolicy: onFling::not valid gesture , false, return!
03-24 18:01:03.582  2143  2356 I HiAnalytics/event: [2023-03-24 18:01:03.582 I/hianalytics/HiAnalytics/event 2143:26 null:13] HiAnalyticsInstance.onEvent(int type, String eventId, Map<String, String> mapValue) is execute.TAG: _default_config_tag,TYPE: 0
03-24 18:01:03.583  2143  2356 I HiAnalytics/event: [2023-03-24 18:01:03.583 I/hianalytics/HiAnalytics/event 2143:26 null:13] HiAnalyticsInstance.onEvent(int type, String eventId, Map<String, String> mapValue) is execute.TAG: _default_config_tag,TYPE: 0
03-24 18:01:03.598   718  1468 I asd_out_fwk: L = [0], R = [0], continus 20 times, Device = 0x2
03-24 18:01:03.658   719   742 E ACCKIT_ : PerfMgr: fail to read 0
03-24 18:01:03.775  7865 29982 I R_Step_LSC: 1200011300|R|refreshReportData calculate detail steps data
03-24 18:01:03.799  2143  2143 I PanelView1: notifyBarPanelExpansionChanged isPanelVisibleBecauseOfHeadsUp=false,mInstantExpanding=false,mTracking=false
03-24 18:01:03.799  2143  2143 I PanelView2: notifyBarPanelExpansionChanged mPeekAnimator is non null?false,mHeightAnimator is non null?false
03-24 18:01:03.799  2143  2143 I PanelBar: panelExpansionChanged 0.0, false
03-24 18:01:03.800  2143  2143 I PanelView: reportForNotificationCenter isExpand =false,isInTouch =false,mPanelClosedOnDown =false,isCollapsing = false
03-24 18:01:03.800  2143  2143 I AnimatedImageView: onVisibilityChanged state:1
03-24 18:01:03.800  2143  2143 I AnimatedImageView: onVisibilityChanged state:1
03-24 18:01:03.802  2143  2143 I PanelBar: go state: 2->0
03-24 18:01:03.802  2143  2143 I HwPanelWakeUpControl: updateNotificationPanelState: false, origin: true
03-24 18:01:03.802  2143  2143 I HwPanelWakeUpControl: finish hide panel, notification show: false, control center show: false
03-24 18:01:03.802  2143  2143 I HwPanelWakeUpControl: updateDisplayState => mLastDisplayState: 0, mCurrentDisplayState: 0, isShow: false
03-24 18:01:03.802  2143  2143 I HwPanelWakeUpControl: updatePanelExpandState isExpand: false, mIsPanelExpand: false, mIsControlCenterShow: false
03-24 18:01:03.805  1645  4927 W ActivityManager: Sending non-protected broadcast com.android.systemui.statusbar.visible.change from system 2143:com.android.systemui/u0a72 pkg com.android.systemui
03-24 18:01:03.805  2143  2143 I HwCtrlCtr: ControlCenterImpl: release control blur image!
03-24 18:01:03.805  1645  4927 W ActivityManager: Sending non-protected broadcast com.android.systemui.statusbar.visible.change from system 2143:com.android.systemui/u0a72 pkg com.android.systemui
03-24 18:01:03.807  2143  2143 I PanelView1: notifyBarPanelExpansionChanged isPanelVisibleBecauseOfHeadsUp=false,mInstantExpanding=false,mTracking=false
03-24 18:01:03.807  2143  2143 I PanelView2: notifyBarPanelExpansionChanged mPeekAnimator is non null?false,mHeightAnimator is non null?false
03-24 18:01:03.808  2143  2143 I HwCtrlCtr: ControlCenterImpl: release control blur image!
03-24 18:01:03.810  4875  5529 I CAWARENESS_AndroidBroadcastAbility: onReceive Intent { act=com.android.systemui.statusbar.visible.change flg=0x10 (has extras) }
03-24 18:01:03.810  4875  5529 I CAWARENESS_AbilityContext: [1679652064074] publishing {dataId=100000111, mode=0}
03-24 18:01:03.810  4875  5529 I CAWARENESS_AbilityContext: [1679652064074] subscribe list is empty, ignore this publish
03-24 18:01:03.810  2143  2143 D TimeKeeper: getTimeTickInfo:[mMillisUntilFinished:0, mHour:0, mMinute:0, mSecond:0]
03-24 18:01:03.811  2514  3518 I DeviceStateService: statusBar state false
03-24 18:01:03.811  2514  3648 I PG_ash  : not care state bar change
03-24 18:01:03.812  2143  2143 D TimeKeeper: getTimeTickInfo:[mMillisUntilFinished:0, mHour:0, mMinute:0, mSecond:0]
03-24 18:01:03.814  1645  4927 D ActivityTaskManager: Top Process State changed to PROCESS_STATE_TOP
03-24 18:01:03.817  1645  4927 I ActivityTaskManager: Making visible and scheduling visibility: ActivityRecord{84cbe48 u0 com.huawei.android.launcher/.unihome.UniHomeLauncher t1}
03-24 18:01:03.819  1645  4927 D IntelliServiceManager: setting switch is off for user 0
03-24 18:01:03.819  1645  4927 I HwWindowManagerServiceEx: setLandAnimationInfo : false
03-24 18:01:03.820  1645  4927 V WindowManager: notifyAppResumed: wasStopped=true AppWindowToken{84bca41 token=Token{851a5e4 ActivityRecord{84cbe48 u0 com.huawei.android.launcher/.unihome.UniHomeLauncher t1}}}
03-24 18:01:03.824  1645  4927 I ActivityTaskManager: setAppStartingWindow: token=Token{851a5e4 ActivityRecord{84cbe48 u0 com.huawei.android.launcher/.unihome.UniHomeLauncher t1}} pkg=com.huawei.android.launcher transferFrom=null newTask=false taskSwitch=true processRunning=true allowTaskSnapshot=true activityCreated=true LowRamTaskSnapshots=false
03-24 18:01:03.827  1645  4927 I WindowManager: Checking 1 opening apps (frozen=false timeout=false)...
03-24 18:01:03.827  1645  4927 I WindowManager: Check opening app=AppWindowToken{84bca41 token=Token{851a5e4 ActivityRecord{84cbe48 u0 com.huawei.android.launcher/.unihome.UniHomeLauncher t1}}}: allDrawn=false startingDisplayed=false startingMoved=false isRelaunching()=false startingWindow=null
03-24 18:01:03.829  1645  1752 I WindowManager: Checking 1 opening apps (frozen=false timeout=false)...
03-24 18:01:03.829  1645  1752 I WindowManager: Check opening app=AppWindowToken{84bca41 token=Token{851a5e4 ActivityRecord{84cbe48 u0 com.huawei.android.launcher/.unihome.UniHomeLauncher t1}}}: allDrawn=false startingDisplayed=false startingMoved=false isRelaunching()=false startingWindow=null
03-24 18:01:03.836  1645  4927 I WindowManager: Checking 1 opening apps (frozen=false timeout=false)...
03-24 18:01:03.836  1645  4927 I WindowManager: Check opening app=AppWindowToken{84bca41 token=Token{851a5e4 ActivityRecord{84cbe48 u0 com.huawei.android.launcher/.unihome.UniHomeLauncher t1}}}: allDrawn=false startingDisplayed=false startingMoved=false isRelaunching()=false startingWindow=null
03-24 18:01:03.835  2143  2143 D TimeKeeper: getTimeTickInfo:[mMillisUntilFinished:0, mHour:0, mMinute:0, mSecond:0]
03-24 18:01:03.837  2143  2143 W StatusBar: disable<e i a s b H R c S > disable2<Q i n >
03-24 18:01:03.837  2143  2143 I AnimatedImageView: onVisibilityChanged state:1
03-24 18:01:03.837  2143  2143 I AnimatedImageView: onVisibilityChanged state:1
03-24 18:01:03.839  2143  2143 I PV      : onTrackingStopped com.android.systemui.statusbar.phone.NotificationPanelView.onTrackingStopped:2589 com.android.systemui.statusbar.phone.HwPanelView.afterKeyguardExit:286 com.android.systemui.statusbar.phone.HwKeyguardDragHelper$KeyguardAnimationControl.afterKeyguardExit:924 
03-24 18:01:03.839  2143  2143 I PanelView1: notifyBarPanelExpansionChanged isPanelVisibleBecauseOfHeadsUp=false,mInstantExpanding=false,mTracking=false
03-24 18:01:03.839  2143  2143 I PanelView2: notifyBarPanelExpansionChanged mPeekAnimator is non null?false,mHeightAnimator is non null?false
03-24 18:01:03.843  2572  2572 D ActivityThread: Won't deliver top position change in state=5
03-24 18:01:03.850  2572  2572 I ActivityThread: Handle window ActivityRecord{ba41904 token=android.os.BinderProxy@164226e {com.huawei.android.launcher/com.huawei.android.launcher.unihome.UniHomeLauncher}} visibility: true
03-24 18:01:03.851  2572  2620 D ZrHung.AppEyeUiProbe: restart watching
03-24 18:01:03.852  1645  4927 I WindowManager: Checking 1 opening apps (frozen=false timeout=false)...
03-24 18:01:03.852  1645  4927 I WindowManager: Check opening app=AppWindowToken{84bca41 token=Token{851a5e4 ActivityRecord{84cbe48 u0 com.huawei.android.launcher/.unihome.UniHomeLauncher t1}}}: allDrawn=false startingDisplayed=false startingMoved=false isRelaunching()=false startingWindow=null
03-24 18:01:03.859  2572  2572 I HwLauncher: Model loadWidgetsAfterUserUnlockIfNeeded, sLoadWidgetOnResume is false!
03-24 18:01:03.861  1645  2792 I ActivityTaskManager: Stop interception for recently back-home app when launcher resumed
03-24 18:01:03.862  1645  1761 I HwAudioServiceEx: ComponentInfo : className = com.huawei.android.launcher.unihome.UniHomeLauncher, flag = onResume, isHomeActivity = , isTop = true
03-24 18:01:03.863  2315 13961 I Hicom_Monitor: mActivityNotifierEx, className = com.huawei.android.launcher.unihome.UniHomeLauncher, uid = 10105
03-24 18:01:03.863  1645  1994 W HwAudioServiceEx: SoundEffectState bundle get reserved is invalid
03-24 18:01:03.863  2143  2143 E StatusBar: mStatusBarWindow is null or mExpandedVisible is false
03-24 18:01:03.863  1645  1994 I HwAudioServiceEx: sendAppKilledIntentForKit, isKitPackageOnPause = false, isKitPackageKill = false, isKitPackageOnResume = false
03-24 18:01:03.864  2315  2566 D DollieActivityManagerAdapter: [Resumed] bg:true pid:2572 uid:10105 ComponentInfo{com.huawei.android.launcher/com.huawei.android.launcher.unihome.UniHomeLauncher}
03-24 18:01:03.864  2315  2566 E DollieAdapterService: notifyActivityState pkg:com.huawei.android.launcher/com.huawei.android.launcher.unihome.UniHomeLauncher state:2 fg:true mUid:10105
03-24 18:01:03.865  2315  2566 I OllieMsgCenter: publishEvt=2135097351
03-24 18:01:03.865  2315  2566 I OllieMsgCenter: publishEvt=2130771969
03-24 18:01:03.865  2315  2566 I OllieMsgCenter: publishEvt=2130771985
03-24 18:01:03.866  2315  2566 E Booster_BroadcastProxy: [isDataOn]isDataOn failed, invalid slotId=-1
03-24 18:01:03.866  2315  2566 I SpeedTestNotifier: Speed test app is back Activity
03-24 18:01:03.868  2572  2941 I HwLauncher: LocalTaskList loadTasksInBackground:5 numTasks:20 currentUserId:0
03-24 18:01:03.869  2315  2566 I SmartDualCardConfig: getAppType,pkgName=com.huawei.android.launcher,appType=28
03-24 18:01:03.869  2315  2566 E SmartDualCardConfig: isAppInBlackList false,items==null
03-24 18:01:03.869  2315  2566 D ForegroundDataOpt: is APK changed:false uid:10105 mBgLimitLevel:0
03-24 18:01:03.870  2315  2566 E Booster_MatterAppRecommend: [isMatterPackage]invalid mMatterPackagesConfig
03-24 18:01:03.870  2315  2566 I OllieMsgCenter: publishEvt=2134966274
03-24 18:01:03.871  1645  2956 I WindowManager: Checking 1 opening apps (frozen=false timeout=false)...
03-24 18:01:03.871  1645  2956 I WindowManager: Check opening app=AppWindowToken{84bca41 token=Token{851a5e4 ActivityRecord{84cbe48 u0 com.huawei.android.launcher/.unihome.UniHomeLauncher t1}}}: allDrawn=false startingDisplayed=false startingMoved=false isRelaunching()=false startingWindow=null
03-24 18:01:03.872  2315  2566 E BoosterUtil: convertSubIdToSlotId failed, subId:0, slotId:-1
03-24 18:01:03.872  2315  2566 E BoosterUtil: getDefaultDataSlotId failed, invalid slotId:-1, subId:0
03-24 18:01:03.872  2315  2566 D DsduChr : uid=10105, isTrafficFree=false, isUsingFreeTraffic=false
03-24 18:01:03.874  1645  1751 W         : Failed to UpdateQosForCgroupInner, tid=0, policy=10
03-24 18:01:03.876  2572  2826 D mali_winsys: EGLint new_window_surface(egl_winsys_display *, void *, EGLSurface, EGLConfig, egl_winsys_surface **, EGLBoolean) returns 0x3000
03-24 18:01:03.880  1645  1752 I WindowManager: Checking 1 opening apps (frozen=false timeout=false)...
03-24 18:01:03.880  1645  1752 I WindowManager: Check opening app=AppWindowToken{84bca41 token=Token{851a5e4 ActivityRecord{84cbe48 u0 com.huawei.android.launcher/.unihome.UniHomeLauncher t1}}}: allDrawn=false startingDisplayed=false startingMoved=false isRelaunching()=false startingWindow=null
03-24 18:01:03.881  4875 15036 I CAWARENESS_AppUsageManager: onEvent, packageName=com.huawei.android.launcher, activityName=com.huawei.android.launcher.unihome.UniHomeLauncher
03-24 18:01:03.882  1645  1751 D IntelliServiceManager: setting switch is off for user 0
03-24 18:01:03.883   718   954 D AudioPolicyService: getUidState(10105) cacheIter->second.first, return cacheIter->second.second(6)
03-24 18:01:03.883   718   954 D AudioPolicyService: getUidState(10057) cacheIter->second.first, return cacheIter->second.second(6)
03-24 18:01:03.884  4875 15036 I CAWARENESS_AbilityContext: [1679652064474] publishing {dataId=100000006, mode=0}
03-24 18:01:03.884   718   954 D AudioPolicyService: getUidState(10046) cacheIter->second.first, return cacheIter->second.second(6)
03-24 18:01:03.884  4875 15036 I CAWARENESS_AbilityContext: [1679652064474] deliver {dataId=100000006, mode=0} to 33 receivers
03-24 18:01:03.885  4875 15036 I CAWARENESS_AbilityContext: [1679652064475] publishing {dataId=100000007, mode=0}
03-24 18:01:03.885  4875 15036 I CAWARENESS_AbilityContext: [1679652064475] deliver {dataId=100000007, mode=0} to 10 receivers
03-24 18:01:03.885  4875 30474 W CAWARENESS_LifecycleCompatibleFence: timestamp is invalid
03-24 18:01:03.885  1645  4927 D HwConnectivityServiceEx: set 10072 wlan0 value false
03-24 18:01:03.887  4875 30474 I CAWARENESS_CompatibleFenceTrigger: fenceName 11 pid 4742 uid 10045
03-24 18:01:03.887  4875 30474 I CAWARENESS_CacheReportDataService: insertData
03-24 18:01:03.887  4875  7778 I CAWARENESS_CompatibleFenceTrigger: triggerAppLifeFence with PendingIntent
03-24 18:01:03.887  2143  2356 I HiAnalytics/event: [2023-03-24 18:01:03.887 I/hianalytics/HiAnalytics/event 2143:26 null:13] HiAnalyticsInstance.onReport() is execute.TAG: _default_config_tag,TYPE: -1
03-24 18:01:03.887  2143  2356 I HiAnalytics/event: [2023-03-24 18:01:03.887 I/hianalytics/HiAnalytics/event 2143:26 null:11] onReport: Before calling runtaskhandler()
03-24 18:01:03.888  1645  1872 I ActivityManager: sendIntentSender target:PendingIntentRecord{8558a09 com.huawei.recsys broadcastIntent}, intent:act=com.huawei.recsys.awareness.listening hwFlg=0x10 pkg=com.huawei.recsys
03-24 18:01:03.888  2143 30339 I HiAnalytics/event: [2023-03-24 18:01:03.888 I/hianalytics/HiAnalytics/event 2143:276 null:13] run report.TAG : _default_config_tag,TYPE: allType
03-24 18:01:03.891  2572  2572 I HwViewRootImpl: removeInvalidNode all the node in jank list is out of time
03-24 18:01:03.891  1645  1768 I ActivityManager: App 10045/com.huawei.recsys targets O+, restricted
03-24 18:01:03.891  1645  1752 I WindowManager: New wallpaper target: Window{855325d u0 com.huawei.android.launcher/com.huawei.android.launcher.unihome.UniHomeLauncher} prevTarget: null
03-24 18:01:03.892  4875 30474 I CAWARENESS_AwarenessSQLiteDatabase: insert recId is 928
03-24 18:01:03.892  4875 30474 I CAWARENESS_CacheReportDataService: Current count 113
03-24 18:01:03.892  2143 30339 W ActionData: [2023-03-24 18:01:03.892 W/hianalytics/ActionData 2143:276 null:15] No data from cache sp!
03-24 18:01:03.892  2143  2624 D ImageWallpaper: wallpaper visibility changes to: true
03-24 18:01:03.892  2143  2624 I ImageWallpaperRenderer: updateOffsets mXOffset 0.5 mYOffset 0.5
03-24 18:01:03.893  2572  2572 I Task    : Task recycle id=9 windowingMode=1 user=0 lastActiveTime=2657321
03-24 18:01:03.893  2143 30339 I EventDataHandler: [2023-03-24 18:01:03.892 I/hianalytics/EventDataHandler 2143:276 null:4] handler event report...
03-24 18:01:03.893  2572  2572 I Task    : Task recycle id=8 windowingMode=1 user=0 lastActiveTime=3502061
03-24 18:01:03.894  1645  1752 I WindowManager: Checking 1 opening apps (frozen=false timeout=false)...
03-24 18:01:03.894  1645  1752 I WindowManager: Check opening app=AppWindowToken{84bca41 token=Token{851a5e4 ActivityRecord{84cbe48 u0 com.huawei.android.launcher/.unihome.UniHomeLauncher t1}}}: allDrawn=true startingDisplayed=false startingMoved=false isRelaunching()=false startingWindow=null
03-24 18:01:03.894  1645  1752 I WindowManager: Checking 0 opening apps (frozen=false timeout=false)...
03-24 18:01:03.895  2572  2572 I HwLauncher: CalenderDynamicUpdater setHasUpdateSuccess, success: true
03-24 18:01:03.895  1645  1752 D HwWindowManagerServiceEx: ATC boost pid=2572
03-24 18:01:03.895  2572  2572 I HwLauncher: CalenderDynamicUpdater setHasUpdateSuccess, success: true
03-24 18:01:03.895  2143 30339 I EventDataHandler: [2023-03-24 18:01:03.895 I/hianalytics/EventDataHandler 2143:276 null:147] Update data cached into backup,spKey: _default_config_tag#71d10ef418bb44bf8eaa336c8207fe76
03-24 18:01:03.895  1645  1752 I HwWindowManagerServiceEx: closing apps count = 0
03-24 18:01:03.895  1645  1752 D RemoteAnimationController: createAnimationAdapter(): token=AppWindowToken{84bca41 token=Token{851a5e4 ActivityRecord{84cbe48 u0 com.huawei.android.launcher/.unihome.UniHomeLauncher t1}}}
03-24 18:01:03.896  1645  1931 D HwActivityManagerServiceEx: notifyAppToTop pid:2572, enable:1
03-24 18:01:03.897  1645  1931 D HwActivityManagerServiceEx: notifyAppToTop pid:2143, enable:0
03-24 18:01:03.897  1645  1752 V WindowManager: commitVisibility: AppWindowToken{84bca41 token=Token{851a5e4 ActivityRecord{84cbe48 u0 com.huawei.android.launcher/.unihome.UniHomeLauncher t1}}}: hidden=false hiddenRequested=false
03-24 18:01:03.897  2143  2143 I RmeSchedManager: init Rme, version is: v1.0
03-24 18:01:03.897  1645  1752 D RemoteAnimationController: goodToGo()
03-24 18:01:03.898  1645  1752 D RemoteAnimationController: createAnimations()
03-24 18:01:03.898  2143 30372 I HiAnalytics/event: [2023-03-24 18:01:03.898 I/hianalytics/HiAnalytics/event 2143:277 null:13]  begin to send event data TYPE : oper, TAG : _default_config_tag ,reqID:71d10ef418bb44bf8eaa336c8207fe76
03-24 18:01:03.898  2572  2572 I RmeSchedManager: init Rme, version is: v1.0
03-24 18:01:03.898  2572  2572 I RtgSchedEvent: current pid:2572 AppType:28
03-24 18:01:03.898  2143 20525 I KeyguardService: KGSvcCall startKeyguardExitAnimation. duration = 250
03-24 18:01:03.898  2143 30372 I HianalyticsSDK: [2023-03-24 18:01:03.898 I/hianalytics/HianalyticsSDK 2143:277 null:19] getAndroidId(): to getConfigByType()
03-24 18:01:03.899  2143  2143 W StatusBar: disable<e i a s b H R c S > disable2<q!i n >
03-24 18:01:03.899  2143 30339 I SharedPreferenceUtil: [2023-03-24 18:01:03.898 I/hianalytics/SharedPreferenceUtil 2143:276 null:22] clear data file : eventTag : _default_config_tag
03-24 18:01:03.900  1645  2956 I HwScreenOnProximityLock: quit mistouch view for lock go away
03-24 18:01:03.900  2143  2143 I HwCtrlCtr: QsCtrlCentUtils: getSuperTerminalCardStatus#Device + statusdisplayStatus = 1, openStatus = 1
03-24 18:01:03.900  1645  2956 I HwPhoneWindowManager: onShowingChangedL: false
03-24 18:01:03.900  1645  1752 D RemoteAnimationController: RAC addAfterPrepareSurfacesRunnable prepareLauncherLeashVisible
03-24 18:01:03.900  1645  1752 D RemoteAnimationController: when launcher case, set the surface alpha value of launcher to 1.0f, and the value of leash parent to 0.0f
03-24 18:01:03.900   716   716 E TS_Service: hwTsSetAftConfig
03-24 18:01:03.901   716   716 I TS_HAL  : ts_set_aft_config:called
03-24 18:01:03.901  1645  2055 I SensorService: disable begin
03-24 18:01:03.901  1645  2055 E SensorService: 0x728c6d2ec0 removeFd fd=600
03-24 18:01:03.901  1645  2055 I SensorService: disable activate begin
03-24 18:01:03.901  1645  1752 D RemoteAnimationController: startAnimation(): Notify animation start:
03-24 18:01:03.902  1094  1184 E Sensors@1.2-impl: Sensors::batch: sensorHandle: 4, samplingPeriodNs: 20000000, maxReportLatencyNs: 0
03-24 18:01:03.902  2572 14753 I HwLauncher: LauncherAnimationRunner RemoteAnimation start
03-24 18:01:03.902  1094  1184 I Sensors@1.2-impl: IsConfigParamNeedUpdate: service: 1645, sensor: 4, first set config, create it
03-24 18:01:03.902  1094  1184 I Sensors@1.2-impl: GetSensorConfig: sensor: 4, Can't get param
03-24 18:01:03.902  1094  1184 I Sensors@1.2-impl: GetSensorConfig: sensor: 4, Can't get param
03-24 18:01:03.902  1094  1184 I Sensors@1.2-impl: JudgeOptimizeConfig: sensor: 4, oldPeriod: 20000000, initPeroid: 20000000
03-24 18:01:03.902  1645  1934 W DisplayEventDispatcher: dispatcher 0x728d95b3e0 ~ ignoring unknown event type 0x736f6674
03-24 18:01:03.902  2170  2170 W DisplayEventDispatcher: dispatcher 0x71849fd6a0 ~ ignoring unknown event type 0x736f6674
03-24 18:01:03.902  2143  2143 I NotificationPanelView: KGSvcCall setAlpha with value : 1.0
03-24 18:01:03.902   877   923 I         : begin, cmd[0], flag[16]
03-24 18:01:03.902  4696  4696 W DisplayEventDispatcher: dispatcher 0x7188a51f20 ~ ignoring unknown event type 0x736f6674
03-24 18:01:03.903  2143  2143 I StatusBarDebug: updateIsKeyguard mStatusBarStateController.isKeyguardRequested=false,keyguardForDozing=false,mDozingRequested=false,mDeviceInteractive=true,isGoingToSleep=false,isScreenFullyOff=false,mIsKeyguard=true,wakeAndUnlocking=false,getScreenState=2
03-24 18:01:03.903  2143  2143 I SbStateController: setState: state=0;oldState=1
03-24 18:01:03.903 17069 17069 W DisplayEventDispatcher: dispatcher 0x71fa35bec0 ~ ignoring unknown event type 0x736f6674
03-24 18:01:03.903  1645  1783 W DisplayEventDispatcher: dispatcher 0x728d95c460 ~ ignoring unknown event type 0x736f6674
03-24 18:01:03.903  2572  2572 W DisplayEventDispatcher: dispatcher 0x717044df60 ~ ignoring unknown event type 0x736f6674
03-24 18:01:03.903  1645  2055 I SensorService: disableSensor handle:4, packageName:huawei.com.android.server.policy.HwScreenOnProximityLock
03-24 18:01:03.903  1645  2055 I SensorService: disable activate end
03-24 18:01:03.903  1645  2055 I SensorService: disable end
03-24 18:01:03.903  1645  2055 I SensorService: cleanupConnection begin
03-24 18:01:03.903  1645  2055 I SensorService: cleanupConnection end
03-24 18:01:03.903  1645  2055 I HwScreenOnProximityLock: unregister proximity sensor listener
03-24 18:01:03.904  1645  2055 W HwScreenOnProximityLock: mIsDeviceHeld is false,unregister return
03-24 18:01:03.904  1645  1752 W DisplayEventDispatcher: dispatcher 0x714c94c3a0 ~ ignoring unknown event type 0x736f6674
03-24 18:01:03.904  1645  4927 V ActivityTaskManager: Activity idle: Token{851a5e4 ActivityRecord{84cbe48 u0 com.huawei.android.launcher/.unihome.UniHomeLauncher t1}}
03-24 18:01:03.904  2143  2800 V AudioManager: isStreamMute   streamType: 2
03-24 18:01:03.904  2143  2800 D PlayerBase: baseStart() piid=23
03-24 18:01:03.905  1645  8867 I AudioService.PlaybackActivityMonitor: playerEvent(piid=23, event=2, binderUid=10072)
03-24 18:01:03.905  1645  2290 W AwareLog: SysLoadManager: check status do nothing
03-24 18:01:03.905  1645  1995 I AudioSystem: getDeviceConnectionState , Connecting to the Bluetooth device
03-24 18:01:03.905  1645  1995 I IAudioPolicyService: getDeviceConnectionState, BpAudioPolicy: Bluetooth device
03-24 18:01:03.905   718 17824 I IAudioPolicyService: onTransact, BnAudioPolicy Binder transaction: Bluetooth device
03-24 18:01:03.905   718 17824 I APM_AudioPolicyManager: AudioPolicyManager: Bluetooth device
03-24 18:01:03.905   877   923 I         : Excute:74: cmd=aftouch.config.str, param=version:1+state:unlocked
03-24 18:01:03.905   877   923 I aptouch_daemon: aftouch.config.str, 1, version:1+state:unlocked
03-24 18:01:03.905  1645  1751 W DisplayEventDispatcher: dispatcher 0x728c6cb1e0 ~ ignoring unknown event type 0x736f6674
03-24 18:01:03.905  1645  1751 W DisplayEventDispatcher: dispatcher 0x728c6cb2a0 ~ ignoring unknown event type 0x736f6674
03-24 18:01:03.905  1645  1749 I HwAccessibilityWaterMark: updateShortCutSwitch: false
03-24 18:01:03.905  1645  1995 I AudioSystem: getDeviceConnectionState , Connecting to the Bluetooth device
03-24 18:01:03.905  1645  1995 I IAudioPolicyService: getDeviceConnectionState, BpAudioPolicy: Bluetooth device
03-24 18:01:03.905   718 17824 I IAudioPolicyService: onTransact, BnAudioPolicy Binder transaction: Bluetooth device
03-24 18:01:03.906   718 17824 I APM_AudioPolicyManager: AudioPolicyManager: Bluetooth device
03-24 18:01:03.906  1645  1995 I AudioSystem: getDeviceConnectionState , Connecting to the Bluetooth device
03-24 18:01:03.906  1645  1995 I IAudioPolicyService: getDeviceConnectionState, BpAudioPolicy: Bluetooth device
03-24 18:01:03.906   718 17824 I IAudioPolicyService: onTransact, BnAudioPolicy Binder transaction: Bluetooth device
03-24 18:01:03.906   718 17824 I APM_AudioPolicyManager: AudioPolicyManager: Bluetooth device
03-24 18:01:03.906   877  2011 I aptouch_daemon: work_thread, CmdsWorkQueue excuting: aftouch.config.str
03-24 18:01:03.906   877  2011 I aptouch_daemon: thp_cmd_set_aftouch_config_str, version:1+state:unlocked
03-24 18:01:03.906   877  2011 I aptouch_daemon: aft_set_config_str, version:1+state:unlocked
03-24 18:01:03.906  2143  2143 I HwCtrlCtr: ControlCenterImpl: release control blur image!
03-24 18:01:03.906  2572  2938 E TaskKeyCache: Unexpected null key or value: id=27 windowingMode=1 user=0 lastActiveTime=3549936, null
03-24 18:01:03.906   716   716 I aptouch_daemon, [aptouch_interface_client]: ret = delegate cmd to work_queue
03-24 18:01:03.906  1645  2956 I TrustManagerService: handle reportKeyguardShowingChanged.
03-24 18:01:03.907  1645  1645 I TrustManagerService: refreshDeviceLockedForUser : false false
03-24 18:01:03.907  1645  1645 I TrustManagerService: setDeviceLockedForUser finish
03-24 18:01:03.907  2572  2572 D BaseIconCache: Looper.myLooper():Looper (main, tid 1) {dafbe77},mBgLooper:Looper (launcher-loader, tid 106) {6e68ae4}
03-24 18:01:03.907  2143  2143 I AnimatedImageView: onVisibilityChanged state:0
03-24 18:01:03.908  2143  2143 I chatty  : uid=10072(com.huawei.magazine) com.android.systemui identical 4 lines
03-24 18:01:03.908  2143  2143 I AnimatedImageView: onVisibilityChanged state:0
03-24 18:01:03.908  2143  2143 E QS      : setExpanded: should not be here!
03-24 18:01:03.908   718 17824 I APM_AudioPolicyManager: getOutputsForDevices, openOutputs size is 1, outputs size is 1
03-24 18:01:03.909   718 17824 I APM_AudioPolicyManager: getOutputsForDevices, openOutputs size is 1, outputs size is 1
03-24 18:01:03.910  2143  2143 I PanelView1: notifyBarPanelExpansionChanged isPanelVisibleBecauseOfHeadsUp=false,mInstantExpanding=false,mTracking=false
03-24 18:01:03.910  2143  2143 I PanelView2: notifyBarPanelExpansionChanged mPeekAnimator is non null?false,mHeightAnimator is non null?false
03-24 18:01:03.910  2572  2572 D BaseIconCache: Looper.myLooper():Looper (main, tid 1) {dafbe77},mBgLooper:Looper (launcher-loader, tid 106) {6e68ae4}
03-24 18:01:03.910  2143  2143 I HwCtrlCtr: ControlCenterImpl: release control blur image!
03-24 18:01:03.911  2143  2143 I NotificationPanelView: KGSvcCall setAlpha with value : 1.0
03-24 18:01:03.913   675   727 I AudioModuleManager: [AudioModuleGetParameters:71]: list size: 13
03-24 18:01:03.913  2143  4011 I ScannerTilePlugin: handleUpdateState
03-24 18:01:03.913  2143  2143 W NavigationBarFrame: NavigationBarFrame setVisibility 0
03-24 18:01:03.914  2143  2800 I SoundPool: [play]case USE_SHARED_MEM_BUFFER
03-24 18:01:03.914   718   954 I AudioPolicyManagerCustomImpl: sample rate: 44100, format: 0x1, channel_mask: 0x3usage=13 content=4 flags=0x0x800 tags=bitsPerSample: 16, channelCount = 2 streamType =1
03-24 18:01:03.915   675   727 I AudioModuleManager: [AudioModuleGetParameters:71]: list size: 13
03-24 18:01:03.915   718   954 I AudioPolicyManagerCustomImpl: isInLowLatency() 0
03-24 18:01:03.915   718   954 W AudioPolicyManagerCustomImpl: isDirectOutputSupported: stream_type != MUSIC, returning false
03-24 18:01:03.915   718   954 W AudioPolicyManagerCustomImpl: isDirectOutputSupported: is unsupport stream
03-24 18:01:03.916  1645  4927 I KeyguardStateMonitor: onPendingLock pendingLock: false
03-24 18:01:03.917  2143  2143 I AnimatedImageView: onVisibilityChanged state:0
03-24 18:01:03.917  2143  2143 I AnimatedImageView: onVisibilityChanged state:0
03-24 18:01:03.917   495   495 I OEMINFO_NVM_SERVER: GetValidOeminfoRegion: index is (155).
03-24 18:01:03.917   718 17824 I AudioPolicyIntefaceImpl: getOutputForAttr() session 289, attr->flags 0x800, flags 0x4, selectedDeviceId 0, pid 2143, uid 10072
03-24 18:01:03.917   495   495 E OEMINFO_NVM_SERVER: OeminfoGetValidDataSize:index(155), oeminfo data is not find !!!!
03-24 18:01:03.917   495   495 E OEMINFO_NVM_SERVER: OeminfoReturnInfo: oeminfo return info fail.
03-24 18:01:03.917   495   495 E OEMINFO_NVM_SERVER: OinvCmdHandler: pid 703, operation oeminfo_getinfo and ret -1 fail.
03-24 18:01:03.918   703   703 E OEMINFO_NVM_CLIENT: OinvRecvReturn: RET_FAIL return.
03-24 18:01:03.918   703   703 E OEMINFO_NVM_CLIENT: rmt_oeminfo_get_info: index(155) get data from server fail.
03-24 18:01:03.918   703   703 E         : ReadNoneReusedOeminfoDataMalloc: get oeminfo fail, mainId 155, tmpLen 0
03-24 18:01:03.918   703   703 E factory_operation: HalReadUdidNumber: read udid fail
03-24 18:01:03.918   703   703 E factory_operation: HalGetDeviceInfo: failed to get device info, i: 8
03-24 18:01:03.918  1645  1872 E DeviceIdentifiers: GetUDIDNative getUDID return null, generated it
03-24 18:01:03.918  1645  1872 W DeviceIdentifiers: the phone is in udid_model_whitelist, return null!
