03-24 18:00:30.719  1645  1783 I HwProximitySensorDetector: HwBrightnessProximity updateWakeupFromSleep,isWakeupFromSleep=false
03-24 18:00:30.719  1645  1783 I HwAmbientLuxFilterAlgo: setAutoModeEnableFirstLux=695.0
03-24 18:00:30.719  1645  1783 I HwAmbientLuxFilterAlgo: LastScreenBuffer: sumLux=0.0, cntValidData=0, InambientLux=695.0
03-24 18:00:30.719  1645  1783 I AutomaticBrightnessController: mWakeupForFirstAutoBrightness = false
03-24 18:00:30.720  1645  1783 I DisplayPowerController: mPowerState.mScreenChangedReason: 65537 mPendingRequestLocked.mScreenChangeReason 65537
03-24 18:00:30.720  1645  1645 I EyeProtectionControllerImpl: onReceive intent action = android.intent.action.SCREEN_ON
03-24 18:00:30.720  1645  1783 I DisplayPowerController: Animating brightness: target=108, rate=0,brightnessTargetReal=108,AutoBrightness=true
03-24 18:00:30.720  1645  1783 W HwNormalizedRampAnimator: animateTo: target changing from zero to non-zero with dimming, reset rate to 0!
03-24 18:00:30.720  1645  1783 I HwNormalizedRampAnimator: hbm_dimming target=4235 rate=0 duration=0.0
03-24 18:00:30.721  1645  1783 V DisplayPowerController: Brightness [108] reason changing to: 'automatic [ auto_adj ]', previous reason: '0'.
03-24 18:00:30.721  1645  1783 I DisplayPowerController: mPowerState.mScreenChangedReason: 65537 mPendingRequestLocked.mScreenChangeReason 65537
03-24 18:00:30.721  1645  1783 I DisplayPowerController: Animating brightness: target=108, rate=60,brightnessTargetReal=108,AutoBrightness=true
03-24 18:00:30.722  1645 11765 E WifiPermissionsUtil: getUidPermission is DENIED and permissionType android.permission.ACCESS_FINE_LOCATIONuid 10038
03-24 18:00:30.727  1645  1775 D ActivityManager: setPrivilegeType r: ServiceRecord{861dd29 u0 com.huawei.intelliServer.intelliServer/.IntelliService}, interfaceDescriptor : com.huawei.IntelliServer.intellilib.IIntelliService
03-24 18:00:30.728  1645  1783 I HwPowerManagerService: updateSettingsLocked mEyesProtectionMode:0
03-24 18:00:30.748  1645 13897 D SmartHeartBeat: setAlarmsAdjust ...
03-24 18:00:30.769  1645  1876 D HwBatteryService: mPowerSupplyObserver,event:com.huawei.android.os.UEventObserverExt$UEvent@84a8d9b
03-24 18:00:30.769  1645  1876 D HwBatteryService: mPowerSupplyObserver,UI_HEATING_STATUS is not 1 neither 0
03-24 18:00:30.770  1645  2070 I DisplayPowerState: set screen turn on reason mScreenChangedReason: 65537
03-24 18:00:30.770  1645  1783 I DisplayPowerController: mPowerState.mScreenChangedReason: 65537 mPendingRequestLocked.mScreenChangeReason 65537
03-24 18:00:30.770  1645  1783 I DisplayPowerController: Animating brightness: target=108, rate=60,brightnessTargetReal=108,AutoBrightness=true
03-24 18:00:30.771  1645  1783 I HwPhoneWindowManager: UL_PowerscreenTurnedOn
03-24 18:00:30.773  1645  1876 I HwUsbDeviceManager: water_intrused state= 0
03-24 18:00:30.773  1645  1783 W PowerManagerService: Screen on took 248 ms
03-24 18:00:30.774  1645  1783 I PowerManagerService: handleSandman: wakefulness: 1,startDreaming: false
03-24 18:00:30.774  1645  1645 I WindowManager: UL_PowerFinished waking up... (why=ON_BECAUSE_OF_USER)
03-24 18:00:30.774  1645  1645 I ActivityTaskManager: setExpandScreenTurningOn false
03-24 18:00:30.779  1645  2070 D HwPhoneWindowManager: finish hwSetFeatureConfig with result: -2 reasonString: 65537
03-24 18:00:30.779  1645  2070 D ZrHung.SysHungScreenOn: SysHungScreenOn stop
03-24 18:00:30.784  1645  1783 I PowerManagerService: handleSandman: wakefulness: 1,startDreaming: false
03-24 18:00:30.795  1645  2792 W ProcBatteryStats: timer is not running , not stop, name: com.android.phone, uid: 1001, tag: *telephony-radio*
03-24 18:00:30.796  1645  1783 I PowerManagerService: handleSandman: wakefulness: 1,startDreaming: false
03-24 18:00:30.798  2315  2566 I KernelQoeChr: KernelQoeChrhandleMessage : msg = 2130903090
03-24 18:00:30.797  1645  1783 I PowerManagerService: handleSandman: wakefulness: 1,startDreaming: false
03-24 18:00:30.798  2315  2566 I KernelQoeChr: updateScreenState mIsScreenOn:true
03-24 18:00:30.798  2315  2566 E Booster_DollieCore: [setDollieUnsolEnabled]setDollieUnsolEnabled modem not support
03-24 18:00:30.799  2315  2566 E Booster_BroadcastProxy: [isDataOn]isDataOn failed, invalid slotId=-1
03-24 18:00:30.800  2315  2566 I PositionFence_PositionFenceManager: start position fence recognize! reason for 2130903090
03-24 18:00:30.805  1645  1783 I PowerManagerService: handleSandman: wakefulness: 1,startDreaming: false
03-24 18:00:30.811  2315  2566 E OllieTelephony: sendFullData err:-2
03-24 18:00:30.812  1645  1783 I PowerManagerService: handleSandman: wakefulness: 1,startDreaming: false
03-24 18:00:30.821  1645 11765 W ActivityManager: Receiver with filter android.content.IntentFilter@85c7812 already registered for pid 2462, callerPackage is com.huawei.nearby
03-24 18:00:30.829  1645  2793 E WifiPermissionsUtil: getUidPermission is DENIED and permissionType android.permission.ACCESS_FINE_LOCATIONuid 10038
03-24 18:00:30.832  1645  2793 I chatty  : uid=1000(system) Binder:1645_F identical 1 line
03-24 18:00:30.834  1645  2793 E WifiPermissionsUtil: getUidPermission is DENIED and permissionType android.permission.ACCESS_FINE_LOCATIONuid 10038
03-24 18:00:30.838  1645  2793 W ActivityManager: Receiver with filter android.content.IntentFilter@85384bd already registered for pid 2660, callerPackage is com.huawei.systemmanager
03-24 18:00:30.840  1645  2792 I AlarmManager: remove alarm:Alarm{85e1499 type 0 when 1679652327665 PendingIntent{8596dbd: PendingIntentRecord{861d881 com.huawei.systemmanager broadcastIntent}}com.huawei.systemmanager procName com.huawei.systemmanager:service} according to operation:870f371
03-24 18:00:30.842  1645  1783 I PowerManagerService: handleSandman: wakefulness: 1,startDreaming: false
03-24 18:00:30.859  1645  1783 I chatty  : uid=1000(system) PowerManagerSer identical 3 lines
03-24 18:00:30.862  1645  1783 I PowerManagerService: handleSandman: wakefulness: 1,startDreaming: false
03-24 18:00:30.863  1645  2792 W ProcBatteryStats: timer is running , not start, name: com.android.phone, uid: 1001, tag: *telephony-radio*
03-24 18:00:30.863  1645  1783 I PowerManagerService: handleSandman: wakefulness: 1,startDreaming: false
03-24 18:00:30.873  1645  1783 I chatty  : uid=1000(system) PowerManagerSer identical 4 lines
03-24 18:00:30.874  1645  1783 I PowerManagerService: handleSandman: wakefulness: 1,startDreaming: false
03-24 18:00:30.875  1645  1872 W ProcBatteryStats: timer is running , not start, name: com.huawei.ims, uid: 1001, tag: RILJ_IMS
03-24 18:00:30.875  1645  1783 I PowerManagerService: handleSandman: wakefulness: 1,startDreaming: false
03-24 18:00:30.897  1645  1783 I chatty  : uid=1000(system) PowerManagerSer identical 5 lines
03-24 18:00:30.900  1645  1783 I PowerManagerService: handleSandman: wakefulness: 1,startDreaming: false
03-24 18:00:30.910  1645  2956 D HwConnectivityServiceEx: set 10105 wlan0 value false
03-24 18:00:30.915  1645  1783 I PowerManagerService: handleSandman: wakefulness: 1,startDreaming: false
03-24 18:00:30.922  1645  1783 I PowerManagerService: handleSandman: wakefulness: 1,startDreaming: false
03-24 18:00:30.930  1645  2792 I ActivityManager: sendIntentSender target:PendingIntentRecord{857d9dd com.huawei.nb.service broadcastIntent}, intent:hwFlg=0x10
03-24 18:00:30.938  1645  1783 I PowerManagerService: handleSandman: wakefulness: 1,startDreaming: false
03-24 18:00:30.939  1645  3092 I ActivityManager: sendIntentSender target:PendingIntentRecord{857d9dd com.huawei.nb.service broadcastIntent}, intent:hwFlg=0x10
03-24 18:00:30.941  2315  2566 I BoosterTelephonyCollector: handleDsdsStateChanged:dsds state= 0
03-24 18:00:30.942  2315  2566 E BoosterUtil: convertSubIdToSlotId failed, subId:0, slotId:-1
03-24 18:00:30.942  2315  2566 E BoosterUtil: getDefaultDataSlotId failed, invalid slotId:-1, subId:0
03-24 18:00:30.942  2315  2566 E BoosterUtil: convertSubIdToSlotId failed, subId:0, slotId:-1
03-24 18:00:30.942  2315  2566 E BoosterUtil: getDefaultDataSlotId failed, invalid slotId:-1, subId:0
03-24 18:00:30.942  2315  2566 E BoosterGameP: inValidCQI:-1
03-24 18:00:30.942  1645  1872 I AlarmManager: remove alarm:Alarm{8609c75 type 0 when 1679652060909 PendingIntent{85c9709: PendingIntentRecord{8526245 android broadcastIntent}}android procName com.huawei.android.pushagent.PushService} according to operation:8579419
03-24 18:00:30.942  2315  2566 E BoosterUtil: convertSubIdToSlotId failed, subId:0, slotId:-1
03-24 18:00:30.942  2315  2566 E BoosterUtil: getDefaultDataSlotId failed, invalid slotId:-1, subId:0
03-24 18:00:30.943  2315  2566 E BoosterUtil: convertSubIdToSlotId failed, subId:0, slotId:-1
03-24 18:00:30.943  2315  2566 E BoosterUtil: getDefaultDataSlotId failed, invalid slotId:-1, subId:0
03-24 18:00:30.943  2315  2566 E BoosterPlugin: getPsNetworkType failed, invalid slotId=-1
03-24 18:00:30.943  2315  2566 E BoosterUtil: convertSubIdToSlotId failed, subId:0, slotId:-1
03-24 18:00:30.943  2315  2566 E BoosterUtil: getDefaultDataSlotId failed, invalid slotId:-1, subId:0
03-24 18:00:30.943  2315  2566 E BoosterPlugin: getPsNetworkType failed, invalid slotId=-1
03-24 18:00:30.943  2315  2566 E BoosterUtil: convertSubIdToSlotId failed, subId:0, slotId:-1
03-24 18:00:30.943  2315  2566 E BoosterUtil: getDefaultDataSlotId failed, invalid slotId:-1, subId:0
03-24 18:00:30.943  2315  2566 E BoosterPlugin: getPsNetworkType failed, invalid slotId=-1
03-24 18:00:30.943  2315  2566 E BoosterUtil: convertSubIdToSlotId failed, subId:0, slotId:-1
03-24 18:00:30.943  2315  2566 E BoosterUtil: getDefaultDataSlotId failed, invalid slotId:-1, subId:0
03-24 18:00:30.943  2315  2566 E BoosterUtil: convertSubIdToSlotId failed, subId:0, slotId:-1
03-24 18:00:30.943  2315  2566 E BoosterUtil: getDefaultDataSlotId failed, invalid slotId:-1, subId:0
03-24 18:00:30.943  2315  2566 E BoosterPlugin: getPsNetworkType failed, invalid slotId=-1
03-24 18:00:30.944  2315  2566 E BoosterUtil: convertSubIdToSlotId failed, subId:0, slotId:-1
03-24 18:00:30.944  2315  2566 E BoosterUtil: getDefaultDataSlotId failed, invalid slotId:-1, subId:0
03-24 18:00:30.944  2315  2566 I DeepNoDisturbSM: setScreenState isScreenOn=true
03-24 18:00:30.944  2315  2566 E BoosterUtil: convertSubIdToSlotId failed, subId:0, slotId:-1
03-24 18:00:30.944  2315  2566 E BoosterUtil: getDefaultDataSlotId failed, invalid slotId:-1, subId:0
03-24 18:00:30.945  2315  2566 E BoosterUtil: convertSubIdToSlotId failed, subId:0, slotId:-1
03-24 18:00:30.945  2315  2566 E BoosterUtil: getDefaultDataSlotId failed, invalid slotId:-1, subId:0
03-24 18:00:30.945  1645  2792 I AlarmManager: remove alarm:Alarm{85e15dd type 3 when 5378522 PendingIntent{849713d: PendingIntentRecord{85b1651 com.huawei.recsys startService}}com.huawei.recsys procName com.huawei.recsys} according to operation:860e4b1
03-24 18:00:30.946  2315  2566 E BoosterUtil: convertSubIdToSlotId failed, subId:0, slotId:-1
03-24 18:00:30.946  1645  1783 I PowerManagerService: handleSandman: wakefulness: 1,startDreaming: false
03-24 18:00:30.946  2315  2566 E BoosterUtil: getDefaultDataSlotId failed, invalid slotId:-1, subId:0
03-24 18:00:30.946  2315  2566 I HidataAppQoeP: other status.
03-24 18:00:30.946  2315  2566 I PreDnsQuery: No need to handled!
03-24 18:00:30.946  2315  2566 I NetworkQoeChr: end qoe report
03-24 18:00:30.947  2315  2566 I BoosterTelephonyCollector: handleDsdsStateChanged:dsds state= 0
03-24 18:00:30.948  2315  2566 I DeepNoDisturbSM: IdleState processMessage msg.what=EVENT_SCREEN_ON
03-24 18:00:30.948  1645  1783 I PowerManagerService: handleSandman: wakefulness: 1,startDreaming: false
03-24 18:00:30.949  2315  2566 E BoosterUtil: convertSubIdToSlotId failed, subId:0, slotId:-1
03-24 18:00:30.949  1645  1783 I PowerManagerService: handleSandman: wakefulness: 1,startDreaming: false
03-24 18:00:30.949  2315  2566 E BoosterUtil: getDefaultDataSlotId failed, invalid slotId:-1, subId:0
03-24 18:00:30.949  1645  1783 I PowerManagerService: handleSandman: wakefulness: 1,startDreaming: false
03-24 18:00:30.950  2315  2566 I DeepNoDisturbSM: isWifiConnected = true
03-24 18:00:30.951  2315  2566 I DeepNoDisturbSM: isNeedEnterDeepNoDisturbMode false
03-24 18:00:30.953  1645  2792 I AlarmManager: remove alarm:Alarm{85e142d type 1 when 1679653117269 PendingIntent{8841699: PendingIntentRecord{8524341 android broadcastIntent}}android procName com.huawei.android.pushagent.PushService} according to operation:870f751
03-24 18:00:30.957  1645  1783 I PowerManagerService: handleSandman: wakefulness: 1,startDreaming: false
03-24 18:00:30.965  1645 13897 D HwConnectivityServiceEx: set 10057 wlan0 value false
03-24 18:00:30.966  1645 11765 I ActivityManager: sendIntentSender target:PendingIntentRecord{857d9dd com.huawei.nb.service broadcastIntent}, intent:hwFlg=0x10
03-24 18:00:30.966  1645  3092 I HwNetworkPolicy: onTransact, code = 203
03-24 18:00:30.966  3353 30349 I HwNetworkPolicyManager: getHwUidPolicy uid = 10057 policy = 0
03-24 18:00:30.974  1645  2793 I ActivityManager: sendIntentSender target:PendingIntentRecord{857d9dd com.huawei.nb.service broadcastIntent}, intent:hwFlg=0x10
03-24 18:00:30.978  1645  2793 W ProcBatteryStats: timer is not running , not stop, name: com.huawei.ims, uid: 1001, tag: RILJ_IMS
03-24 18:00:30.978  1645  1783 I PowerManagerService: handleSandman: wakefulness: 1,startDreaming: false
03-24 18:00:30.983  1645 11765 I ActivityManager: sendIntentSender target:PendingIntentRecord{857d9dd com.huawei.nb.service broadcastIntent}, intent:hwFlg=0x10
03-24 18:00:30.984  1645  2793 W ProcBatteryStats: timer is not running , not stop, name: com.android.phone, uid: 1001, tag: *telephony-radio*
03-24 18:00:30.986  1645  1783 I PowerManagerService: handleSandman: wakefulness: 1,startDreaming: false
03-24 18:00:30.995  1645  3092 I ActivityManager: sendIntentSender target:PendingIntentRecord{857d9dd com.huawei.nb.service broadcastIntent}, intent:hwFlg=0x10
03-24 18:00:31.007  1645  3092 I ActivityManager: sendIntentSender target:PendingIntentRecord{857d9dd com.huawei.nb.service broadcastIntent}, intent:hwFlg=0x10
03-24 18:00:31.011  1645  1749 I WindowManager: powerPress: eventTime=3581228 interactive=true count=1 beganFromNonInteractive=true mShortPressOnPowerBehavior=1
03-24 18:00:31.012  1645  1783 I PowerManagerService: handleSandman: wakefulness: 1,startDreaming: false
03-24 18:00:31.013  1645  2793 I HwNetworkPolicy: onTransact, code = 203
03-24 18:00:31.013  3353 30350 I HwNetworkPolicyManager: getHwUidPolicy uid = 10057 policy = 0
03-24 18:00:31.023  1645 11765 I HwNetworkPolicy: onTransact, code = 203
03-24 18:00:31.024  3353 30350 I HwNetworkPolicyManager: getHwUidPolicy uid = 10057 policy = 0
03-24 18:00:31.055  1645  1773 I ActivityManager: App 10057/com.huawei.android.totemweather targets O+, restricted
03-24 18:00:31.055  1645  1773 W BroadcastQueue: Background execution not allowed: receiving Intent { act=com.huawei.android.action.WEATHER_CHANGE flg=0x2010 (has extras) } to com.huawei.android.totemweather/.wear.ChangeWeatherReceiver
03-24 18:00:31.057  1645  1773 V BroadcastQueue: Finished with ordered broadcast BroadcastRecord{8616257 u0 com.huawei.android.action.WEATHER_CHANGE}
03-24 18:00:31.085  1645  1783 I PowerManagerService: handleSandman: wakefulness: 1,startDreaming: false
03-24 18:00:31.100  1645  2792 D HwConnectivityServiceEx: set 10085 wlan0 value false
03-24 18:00:31.123  1645  2793 W ProcBatteryStats: timer is not running , not stop, name: com.android.phone, uid: 1001, tag: RILJ_ACK_WL
03-24 18:00:31.124  1645  1783 I PowerManagerService: handleSandman: wakefulness: 1,startDreaming: false
03-24 18:00:31.137  1645  2793 I AlarmManager: remove alarm:Alarm{7fd6663 type 0 when 1679652628172 PendingIntent{84f08ed: PendingIntentRecord{852634d com.huawei.systemmanager broadcastIntent}}com.huawei.systemmanager procName com.huawei.systemmanager:service} according to operation:85ae35d
03-24 18:00:31.147  1645  2792 V BroadcastQueue: Finished with ordered broadcast BroadcastRecord{8613fa9 u-1 android.intent.action.SCREEN_ON}
03-24 18:00:31.177  1645  3092 V ActivityManager: Successfully start provider ContentProviderRecord{8550af3 u0 com.huawei.android.totemweather/.provider.SharedPreferenceProvider} launchingApp=null caller pid= 2572
03-24 18:00:31.222  1645  1783 I PowerManagerService: handleSandman: wakefulness: 1,startDreaming: false
03-24 18:00:31.300  2315  2566 I PositionFenceSignalCollect: position fence recognize by cell and serve ap fail, no cell datas
03-24 18:00:31.372  1645  2793 V ActivityManager: Successfully start provider ContentProviderRecord{83f0556 u0 com.huawei.hwid/com.huawei.hms.tss.provider.SharedFileContentProvider} launchingApp=null caller pid= 3353
03-24 18:00:31.550  1645  2793 D ActivityTaskManager: Top Process State changed to PROCESS_STATE_TOP
03-24 18:00:31.552  1645  2793 I ActivityTaskManager: Making visible and scheduling visibility: ActivityRecord{84cbe48 u0 com.huawei.android.launcher/.unihome.UniHomeLauncher t1}
03-24 18:00:31.552  2572  2572 D ActivityThread: Won't deliver top position change in state=5
03-24 18:00:31.552  1645  2793 D IntelliServiceManager: setting switch is off for user 0
03-24 18:00:31.553  1645  2793 I HwWindowManagerServiceEx: setLandAnimationInfo : false
03-24 18:00:31.554  1645  2793 V WindowManager: notifyAppResumed: wasStopped=true AppWindowToken{84bca41 token=Token{851a5e4 ActivityRecord{84cbe48 u0 com.huawei.android.launcher/.unihome.UniHomeLauncher t1}}}
03-24 18:00:31.557  1645  2793 I ActivityTaskManager: setAppStartingWindow: token=Token{851a5e4 ActivityRecord{84cbe48 u0 com.huawei.android.launcher/.unihome.UniHomeLauncher t1}} pkg=com.huawei.android.launcher transferFrom=null newTask=false taskSwitch=true processRunning=true allowTaskSnapshot=true activityCreated=true LowRamTaskSnapshots=false
03-24 18:00:31.565  1645  2793 I WindowManager: Checking 1 opening apps (frozen=false timeout=false)...
03-24 18:00:31.566  1645  2793 I WindowManager: Check opening app=AppWindowToken{84bca41 token=Token{851a5e4 ActivityRecord{84cbe48 u0 com.huawei.android.launcher/.unihome.UniHomeLauncher t1}}}: allDrawn=false startingDisplayed=false startingMoved=false isRelaunching()=false startingWindow=null
03-24 18:00:31.568  1645  1752 I WindowManager: Checking 1 opening apps (frozen=false timeout=false)...
03-24 18:00:31.568  1645  1752 I WindowManager: Check opening app=AppWindowToken{84bca41 token=Token{851a5e4 ActivityRecord{84cbe48 u0 com.huawei.android.launcher/.unihome.UniHomeLauncher t1}}}: allDrawn=false startingDisplayed=false startingMoved=false isRelaunching()=false startingWindow=null
03-24 18:00:31.572  1645  2793 I WindowManager: Checking 1 opening apps (frozen=false timeout=false)...
03-24 18:00:31.572  1645  2793 I WindowManager: Check opening app=AppWindowToken{84bca41 token=Token{851a5e4 ActivityRecord{84cbe48 u0 com.huawei.android.launcher/.unihome.UniHomeLauncher t1}}}: allDrawn=false startingDisplayed=false startingMoved=false isRelaunching()=false startingWindow=null
03-24 18:00:31.577  2572  2572 I ActivityThread: Handle window ActivityRecord{ba41904 token=android.os.BinderProxy@164226e {com.huawei.android.launcher/com.huawei.android.launcher.unihome.UniHomeLauncher}} visibility: true
03-24 18:00:31.580  1645  1751 D IntelliServiceManager: setting switch is off for user 0
03-24 18:00:31.584  1645  3092 I WindowManager: Checking 1 opening apps (frozen=false timeout=false)...
03-24 18:00:31.584  1645  3092 I WindowManager: Check opening app=AppWindowToken{84bca41 token=Token{851a5e4 ActivityRecord{84cbe48 u0 com.huawei.android.launcher/.unihome.UniHomeLauncher t1}}}: allDrawn=false startingDisplayed=false startingMoved=false isRelaunching()=false startingWindow=null
03-24 18:00:31.587  1645  2792 I ActivityTaskManager: Stop interception for recently back-home app when launcher resumed
03-24 18:00:31.588  1645  1761 I HwAudioServiceEx: ComponentInfo : className = com.huawei.android.launcher.unihome.UniHomeLauncher, flag = onResume, isHomeActivity = , isTop = true
03-24 18:00:31.588  1645  1994 W HwAudioServiceEx: SoundEffectState bundle get reserved is invalid
03-24 18:00:31.588  1645  1994 I HwAudioServiceEx: sendAppKilledIntentForKit, isKitPackageOnPause = false, isKitPackageKill = false, isKitPackageOnResume = false
03-24 18:00:31.591  2315  2566 I NetworkQoeChr: end qoe report
03-24 18:00:31.591  2315  2566 E Booster_BroadcastProxy: [isDataOn]isDataOn failed, invalid slotId=-1
03-24 18:00:31.596  2315  2566 I SmartDualCardConfig: getAppType,pkgName=com.huawei.android.launcher,appType=28
03-24 18:00:31.596  2315  2566 E SmartDualCardConfig: isAppInBlackList false,items==null
03-24 18:00:31.596  2315  2566 E Booster_MatterAppRecommend: [isMatterPackage]invalid mMatterPackagesConfig
03-24 18:00:31.598  1645 13897 I WindowManager: Checking 1 opening apps (frozen=false timeout=false)...
03-24 18:00:31.598  1645 13897 I WindowManager: Check opening app=AppWindowToken{84bca41 token=Token{851a5e4 ActivityRecord{84cbe48 u0 com.huawei.android.launcher/.unihome.UniHomeLauncher t1}}}: allDrawn=false startingDisplayed=false startingMoved=false isRelaunching()=false startingWindow=null
03-24 18:00:31.602  1645  2956 I ActivityManager: sendIntentSender target:PendingIntentRecord{8558a09 com.huawei.recsys broadcastIntent}, intent:act=com.huawei.recsys.awareness.listening hwFlg=0x10 pkg=com.huawei.recsys
03-24 18:00:31.603  2315  2566 E BoosterUtil: convertSubIdToSlotId failed, subId:0, slotId:-1
03-24 18:00:31.603  2315  2566 E BoosterUtil: getDefaultDataSlotId failed, invalid slotId:-1, subId:0
03-24 18:00:31.609  1645 13897 D HwConnectivityServiceEx: set 10072 wlan0 value false
03-24 18:00:31.610  1645  1752 I WindowManager: Checking 1 opening apps (frozen=false timeout=false)...
03-24 18:00:31.611  1645  1752 I WindowManager: Check opening app=AppWindowToken{84bca41 token=Token{851a5e4 ActivityRecord{84cbe48 u0 com.huawei.android.launcher/.unihome.UniHomeLauncher t1}}}: allDrawn=false startingDisplayed=false startingMoved=false isRelaunching()=false startingWindow=null
03-24 18:00:31.614  1645  1768 I ActivityManager: App 10045/com.huawei.recsys targets O+, restricted
03-24 18:00:31.623  1645  2956 V BroadcastQueue: Finished with ordered broadcast BroadcastRecord{8616341 u0 com.huawei.recsys.awareness.listening}
03-24 18:00:31.624  1645  1752 I WindowManager: New wallpaper target: Window{855325d u0 com.huawei.android.launcher/com.huawei.android.launcher.unihome.UniHomeLauncher} prevTarget: null
03-24 18:00:31.627  1645  1752 I WindowManager: Checking 1 opening apps (frozen=false timeout=false)...
03-24 18:00:31.627  1645  1752 I WindowManager: Check opening app=AppWindowToken{84bca41 token=Token{851a5e4 ActivityRecord{84cbe48 u0 com.huawei.android.launcher/.unihome.UniHomeLauncher t1}}}: allDrawn=true startingDisplayed=false startingMoved=false isRelaunching()=false startingWindow=null
03-24 18:00:31.627  1645  1752 I WindowManager: Checking 0 opening apps (frozen=false timeout=false)...
03-24 18:00:31.628  1645  1752 D HwWindowManagerServiceEx: ATC boost pid=2572
03-24 18:00:31.628  1645  1752 I HwWindowManagerServiceEx: closing apps count = 0
03-24 18:00:31.628  1645  1752 D RemoteAnimationController: createAnimationAdapter(): token=AppWindowToken{84bca41 token=Token{851a5e4 ActivityRecord{84cbe48 u0 com.huawei.android.launcher/.unihome.UniHomeLauncher t1}}}
03-24 18:00:31.629  1645  1752 V WindowManager: commitVisibility: AppWindowToken{84bca41 token=Token{851a5e4 ActivityRecord{84cbe48 u0 com.huawei.android.launcher/.unihome.UniHomeLauncher t1}}}: hidden=false hiddenRequested=false
03-24 18:00:31.629  1645  1931 D HwActivityManagerServiceEx: notifyAppToTop pid:2572, enable:1
03-24 18:00:31.629  1645  1931 D HwActivityManagerServiceEx: notifyAppToTop pid:2143, enable:0
03-24 18:00:31.630  1645  1752 D RemoteAnimationController: goodToGo()
03-24 18:00:31.630  1645  1752 D RemoteAnimationController: createAnimations()
03-24 18:00:31.632  2572  2572 I RtgSchedEvent: current pid:2572 AppType:28
03-24 18:00:31.634  1645  1752 D RemoteAnimationController: RAC addAfterPrepareSurfacesRunnable prepareLauncherLeashVisible
03-24 18:00:31.634  1645  1752 D RemoteAnimationController: when launcher case, set the surface alpha value of launcher to 1.0f, and the value of leash parent to 0.0f
03-24 18:00:31.636  1645  1752 D RemoteAnimationController: startAnimation(): Notify animation start:
03-24 18:00:31.645  1645 11765 V ActivityTaskManager: Activity idle: Token{851a5e4 ActivityRecord{84cbe48 u0 com.huawei.android.launcher/.unihome.UniHomeLauncher t1}}
03-24 18:00:31.651  1645  2792 I HwPhoneWindowManager: onShowingChangedL: false
03-24 18:00:31.656  1645  1751 I WindowManager: Set home app runningRemoteAnimation state: true
03-24 18:00:31.658  1645  2792 I StatusBarDisable: setFlags what=0 which=1 pkg=com.android.systemui
03-24 18:00:31.658  1645  2792 I StatusBarDisable: disableLocked mBar.disable net1=0 net2=0 pkg=com.android.systemui what=0
03-24 18:00:31.658  1645  2792 I HwNetworkPolicy: onTransact, code = 12
03-24 18:00:31.658  1645  2792 I HwNetworkPolicy: code is not equals others
03-24 18:00:31.660  1645  1751 W UsageStatsService: Event reported without a package name, eventType:18
03-24 18:00:31.661  1645 11765 I KeyguardStateMonitor: onPendingLock pendingLock: false
03-24 18:00:31.662  1645  1751 I StorageManagerService: onKeyguardStateChanged false
03-24 18:00:31.668  1645  2793 I WindowManager: Changing focus from Window{856d705 u0 StatusBar} to Window{855325d u0 com.huawei.android.launcher/com.huawei.android.launcher.unihome.UniHomeLauncher} displayId=0 Callers=com.android.server.wm.RootWindowContainer.updateFocusedWindowLocked:6666996 com.android.server.wm.WindowManagerService.updateFocusedWindowLocked:6666472 com.android.server.wm.WindowManagerService.relayoutWindow:6268588 com.android.server.wm.Session.relayout:6273284 
03-24 18:00:31.669  1645  2793 I HwDisplayContentEx: currentFocus windowstate not null
03-24 18:00:31.669  1645  1749 D StatusBarManagerService: win:Window{855325d u0 com.huawei.android.launcher/com.huawei.android.launcher.unihome.UniHomeLauncher}mIsColorEnable:truelight:false
03-24 18:00:31.669  1645  2793 I HwDisplayContentEx: trans currentFocus windowstate not null
03-24 18:00:31.669  1645  1749 I StatusBarDisable: setFlags what=0 which=1 pkg=Window{855325d u0 com.huawei.android.launcher/com.huawei.android.launcher.unihome.UniHomeLauncher}
03-24 18:00:31.670  2143  7993 D HwCommandQueue: CommandQueue, set Launcher StatusBar Color
03-24 18:00:31.672  2315  2566 E BoosterUtil: convertSubIdToSlotId failed, subId:0, slotId:-1
03-24 18:00:31.672  2315  2566 E BoosterUtil: getDefaultDataSlotId failed, invalid slotId:-1, subId:0
03-24 18:00:31.672  2315  2566 E BoosterUtil: convertSubIdToSlotId failed, subId:0, slotId:-1
03-24 18:00:31.672  2315  2566 E BoosterUtil: getDefaultDataSlotId failed, invalid slotId:-1, subId:0
03-24 18:00:31.672  2315  2566 E BoosterUtil: convertSubIdToSlotId failed, subId:0, slotId:-1
03-24 18:00:31.672  2315  2566 E BoosterUtil: getDefaultDataSlotId failed, invalid slotId:-1, subId:0
03-24 18:00:31.672  2315  2566 E BoosterUtil: convertSubIdToSlotId failed, subId:0, slotId:-1
03-24 18:00:31.672  2315  2566 E BoosterUtil: getDefaultDataSlotId failed, invalid slotId:-1, subId:0
03-24 18:00:31.673  1645  1783 I PowerManagerService: handleSandman: wakefulness: 1,startDreaming: false
03-24 18:00:31.673  2315  2566 E BoosterUtil: convertSubIdToSlotId failed, subId:0, slotId:-1
03-24 18:00:31.674  2315  2566 E BoosterUtil: getDefaultDataSlotId failed, invalid slotId:-1, subId:0
03-24 18:00:31.674  2315  2566 E BoosterUtil: convertSubIdToSlotId failed, subId:0, slotId:-1
03-24 18:00:31.674  2315  2566 E BoosterUtil: getDefaultDataSlotId failed, invalid slotId:-1, subId:0
03-24 18:00:31.674  2315  2566 I PreDnsQuery: No need to handled!
03-24 18:00:31.679  2315  7990 W ContextImpl: Calling a method in the system process without a qualified user: android.app.ContextImpl.bindService:1777 android.content.ContextWrapper.bindService:705 com.huawei.decision.ServiceConnectionAa.bind:97 com.huawei.decision.DecisionClient.connect:73 com.huawei.systemserver.dmaccessservice.profile.DecisionControl.connectDecision:125 
03-24 18:00:31.680  1645  2792 I HwAlarmManagerService: SmartHeartBeat:setAlarmsPending, pkgList=[]
03-24 18:00:31.682  1645  2792 I ActivityManager: sendIntentSender target:PendingIntentRecord{8558bf5 com.huawei.recsys broadcastIntent}, intent:null
03-24 18:00:31.687  1645  2750 D HwInputMethodManagerService: isSecMethodUsing = false
03-24 18:00:31.718  1645  2793 I WindowManager: setActivityVisibleInFingerBoost callingPid: 2572
03-24 18:00:31.719  1645  1751 I WindowManager: handle SET_LAUNCHER_VISIBLE_IN_FINGER_BOOST visible:true handle:falseuserId:0, currentUserId:0
03-24 18:00:31.719  1645  2793 I WindowManager: send SET_LAUNCHER_VISIBLE_IN_FINGER_BOOST visible: true,delay:0, handle:false, userId:0, callingPid: 2572
03-24 18:00:31.727  1645  1751 D WindowManager: setLauncherVisibleInFingerBoost record=ActivityRecord{84cbe48 u0 com.huawei.android.launcher/.unihome.UniHomeLauncher t1}
03-24 18:00:31.727  1645  1751 I WindowManager: setLauncherVisible setAlpha to 1.0
03-24 18:00:31.738  1645  2956 I ActivityManager: sendIntentSender target:PendingIntentRecord{8537821 com.huawei.recsys broadcastIntent}, intent:null
03-24 18:00:31.746  1645  2956 I ActivityManager: sendIntentSender target:PendingIntentRecord{85eecd5 com.huawei.recsys broadcastIntent}, intent:null
03-24 18:00:31.748  1645 12112 D HwConnectivityServiceEx: set 10072 wlan0 value false
03-24 18:00:31.748  1645  1775 D ActivityManager: setPrivilegeType r: ServiceRecord{861dce9 u0 com.huawei.recsys/com.huawei.common.service.Decision}, interfaceDescriptor : com.huawei.common.service.IDecision
03-24 18:00:31.770  1645  1783 I PowerManagerService: handleSandman: wakefulness: 1,startDreaming: false
03-24 18:00:31.773  1645  1775 D ActivityManager: setPrivilegeType r: ServiceRecord{854a249 u0 com.google.android.gms/.chimera.PersistentDirectBootAwareApiService}, interfaceDescriptor : com.google.android.gms.common.internal.IGmsServiceBroker
03-24 18:00:31.798  1645  1775 D ActivityManager: setPrivilegeType r: ServiceRecord{8461a29 u0 com.huawei.intelligent/.remoteservice.LauncherOverlayService}, interfaceDescriptor : com.huawei.intelligent.remoteservice.ILauncherOverlayService
03-24 18:00:31.802  1645  2956 V BroadcastQueue: Finished with ordered broadcast BroadcastRecord{86163c3 u0 android.intent.action.USER_PRESENT}
03-24 18:00:31.803  1645  2956 I ActivityManager: App 10045/com.huawei.recsys targets O+, restricted
03-24 18:00:31.809  1645  2956 V BroadcastQueue: Finished with ordered broadcast BroadcastRecord{86163dd u0 com.huawei.recsys.awareness.listening}
03-24 18:00:31.810  1645  2956 I ActivityManager: App 10045/com.huawei.recsys targets O+, restricted
03-24 18:00:31.824  1645  4927 I WindowManager: dispatchResized : win = Window{856d705 u0 StatusBar} drawState = HAS_DRAWN
03-24 18:00:31.835  1645  2956 V BroadcastQueue: Finished with ordered broadcast BroadcastRecord{8616257 u0 com.huawei.recsys.awareness.listening}
03-24 18:00:31.836  1645  2956 I ActivityManager: App 10045/com.huawei.recsys targets O+, restricted
03-24 18:00:31.839  1645  8867 I ConnectivityService: HAware B uid 10192 pid 2625
03-24 18:00:31.839  1645  8867 I ConnectivityService: B uid 10192
03-24 18:00:31.843  1645  1645 I AccessibilityShortcutController: checkPackageInstalled packageName:com.google.android.marvin.talkback,isInstalled:true
03-24 18:00:31.843  1645  1645 W Looper  : Slow dispatch took 171ms main h=android.app.ActivityThread$H c=android.app.-$$Lambda$LoadedApk$ReceiverDispatcher$Args$_BumDX2UKsnxLVrE6UJsJZkotuA@85d77e0 m=0
03-24 18:00:31.844  1645  1645 D HwGameAssistantController: isGameForeground? false
03-24 18:00:31.844  1645  1964 I WifiP2pService: InactiveState143468
03-24 18:00:31.844  1645  1964 I WifiP2pService: P2pEnabledState when=3582546 what=143468 arg1=0 arg2=0
03-24 18:00:31.845  1645  1964 I WifiP2pService: DefaultStatewhen=3582546 what=143468 arg1=0 arg2=0
03-24 18:00:31.848  1645  1645 D WifiService: onReceive, action:android.intent.action.USER_PRESENT
03-24 18:00:31.849  1645 14171 I CMA_ALLOC_SCENE: CmaSceneParse: get SMEM_UNLOCKED_TYPE
03-24 18:00:31.850  1645 14171 E CMA_ALLOC_SCENE: face_recognition not enrolled, don't clear smem pool!
03-24 18:00:31.851  1645 14171 E CMA_ALLOC_SCENE: smem_pool_watermark doesn't exist!
03-24 18:00:31.854  1645  8867 V BroadcastQueue: Finished with ordered broadcast BroadcastRecord{85d7f41 u0 com.huawei.recsys.awareness.listening}
03-24 18:00:31.859  1645  1994 I HwAudioServiceEx: restart dms isMusicActive : false, isRingActive : false, isAlarmActive : false
03-24 18:00:31.871  1645  1775 D ActivityManager: setPrivilegeType r: ServiceRecord{852d8c9 u0 com.google.android.gms/.chimera.GmsBoundBrokerService}, interfaceDescriptor : com.google.android.gms.common.internal.IGmsServiceBroker
03-24 18:00:31.963  1645  1752 D HwAppTransitionImpl: windowAnimations = 0 dose not come from system, not to override it.
03-24 18:00:31.978  1645  1752 D HwAppTransitionImpl: windowAnimations = 0 dose not come from system, not to override it.
03-24 18:00:32.143  1645  1872 D BatteryStatsService: begin noteStopAudio
03-24 18:00:32.143  1645  1872 D BatteryStatsService: end noteStopAudio
03-24 18:00:32.181  1645  2956 D RemoteAnimationController: app-onAnimationFinished(): mOuter=com.android.server.wm.RemoteAnimationController@864976b
03-24 18:00:32.181  1645  2956 D RemoteAnimationController: onAnimationFinished(): Notify animation finished:
03-24 18:00:32.181  1645  2956 I WindowManager: send SET_LAUNCHER_VISIBLE_IN_FINGER_BOOST visible: true,delay:0, handle:true, userId:0, callingPid: 1645
03-24 18:00:32.181  1645  1751 I WindowManager: handle SET_LAUNCHER_VISIBLE_IN_FINGER_BOOST visible:true handle:trueuserId:0, currentUserId:0
03-24 18:00:32.182  1645  2956 I WindowManager: Animation done in AppWindowToken{84bca41 token=Token{851a5e4 ActivityRecord{84cbe48 u0 com.huawei.android.launcher/.unihome.UniHomeLauncher t1}}} isHidden:false hiddenRequested:false
03-24 18:00:32.186  1645  1751 D WindowManager: setLauncherVisibleInFingerBoost record=ActivityRecord{84cbe48 u0 com.huawei.android.launcher/.unihome.UniHomeLauncher t1}
03-24 18:00:32.186  1645  1751 I WindowManager: setLauncherVisible setAlpha to 1.0
03-24 18:00:32.187  1645  1751 D WindowManager: setLauncherVisible wallpaperScale=false
03-24 18:00:32.212  1645  2956 I HwNetworkPolicy: onTransact, code = 203
03-24 18:00:32.212  3353 30389 I HwNetworkPolicyManager: getHwUidPolicy uid = 10057 policy = 0
03-24 18:00:32.224  1645  1751 I WindowManager: Set home app runningRemoteAnimation state: false
03-24 18:00:32.224  1645  1751 I WindowManager: Animation done in AppWindowToken{84bca41 token=Token{851a5e4 ActivityRecord{84cbe48 u0 com.huawei.android.launcher/.unihome.UniHomeLauncher t1}}} isHidden:false hiddenRequested:false
03-24 18:00:32.246  1645  1872 I HwNetworkPolicy: onTransact, code = 203
03-24 18:00:32.246  3353 30390 I HwNetworkPolicyManager: getHwUidPolicy uid = 10057 policy = 0
03-24 18:00:32.255  1645  1872 I HwNetworkPolicy: onTransact, code = 203
03-24 18:00:32.256  3353 30390 I HwNetworkPolicyManager: getHwUidPolicy uid = 10057 policy = 0
03-24 18:00:32.293  1645  1773 I ActivityManager: App 10057/com.huawei.android.totemweather targets O+, restricted
03-24 18:00:32.293  1645  1773 W BroadcastQueue: Background execution not allowed: receiving Intent { act=com.huawei.android.action.WEATHER_CHANGE flg=0x2010 (has extras) } to com.huawei.android.totemweather/.wear.ChangeWeatherReceiver
03-24 18:00:32.293  1645  1773 V BroadcastQueue: Finished with ordered broadcast BroadcastRecord{85d7f8f u0 com.huawei.android.action.WEATHER_CHANGE}
03-24 18:00:33.016  1645  2060 D HwConnectivityServiceEx: set 1000 wlan0 value false
03-24 18:00:33.028  2315  2566 I PositionFenceSignalCollect: wifiDatas size 24 for recognize
03-24 18:00:33.028  2315  2566 E PositionFenceRecognize: RecognizeByWifi fail, highPrecisionConfirmedFence is empty
03-24 18:00:33.028  2315  2566 E PositionFenceRecognize: RecognizeByCellAndServeAp fail, cellDatas is empty
03-24 18:00:33.034  1645  2792 E WifiPermissionsUtil: isAppOpAllowed is false and uid 10085 coarseForTargetSdkLessThanQ true isTargetSdkLessThanQ false
03-24 18:00:33.035  1645  2792 E WifiService: Permission violation - getScanResults not allowed for uid=10085, packageName=com.huawei.hwid, reason=java.lang.SecurityException: UID 10085 has no location permission
03-24 18:00:33.216  1645  2956 V ActivityManager: Successfully start provider ContentProviderRecord{8550af3 u0 com.huawei.android.totemweather/.provider.SharedPreferenceProvider} launchingApp=null caller pid= 2572
03-24 18:00:34.670  1645  2066 I HwNormalizedAutomaticBrightnessController: updateProximityState, isProximityState=false
03-24 18:00:35.203  1645  1783 I PowerManagerService: handleSandman: wakefulness: 1,startDreaming: false
03-24 18:00:37.659  1645  8831 D HwConnectivityServiceEx: set 1000 wlan0 value false
03-24 18:00:41.670  1645  8831 I chatty  : uid=1000(system) MobileQosDetect identical 1 line
03-24 18:00:45.674  1645  8831 D HwConnectivityServiceEx: set 1000 wlan0 value false
03-24 18:00:46.816  1645  1926 I ActivityManager: sendIntentSender target:PendingIntentRecord{8505075 android broadcastIntent}, intent:flg=0x4 hwFlg=0x810
03-24 18:00:46.817  1645  1926 E HwActivityTaskManagerServiceEx: isNeedInterceptStart isNeedInterceptAlarm getPackageUid exception
03-24 18:00:46.819  1645  1645 V BroadcastQueue: Finished with ordered broadcast BroadcastRecord{846ec71 u0 com.android.server.display.action.MONITOR_TIMER}
03-24 18:00:46.821  1645  1783 I PowerManagerService: handleSandman: wakefulness: 1,startDreaming: false
03-24 18:00:46.829  1645  1926 I ActivityManager: sendIntentSender target:PendingIntentRecord{863d8a5 com.google.android.gms startService}, intent:flg=0x4 hwFlg=0x810
03-24 18:00:46.844  1645  1783 I PowerManagerService: handleSandman: wakefulness: 1,startDreaming: false
03-24 18:00:46.858  1645  2792 D HwConnectivityServiceEx: set 10192 wlan0 value false
03-24 18:00:46.859  1645  2792 I ConnectivityService: HAware B uid 10192 pid 5093
03-24 18:00:46.859  1645  2792 I ConnectivityService: B uid 10192
03-24 18:00:49.364  1645  1778 E BatteryExternalStatsWorker: no controller energy info supplied for bluetooth
03-24 18:00:49.372  1645  1783 I PowerManagerService: handleSandman: wakefulness: 1,startDreaming: false
03-24 18:00:49.401  1645  1783 I PowerManagerService: handleSandman: wakefulness: 1,startDreaming: false
03-24 18:00:49.428  1645  1926 I ActivityManager: sendIntentSender target:PendingIntentRecord{8524335 android broadcastIntent}, intent:flg=0x4 hwFlg=0x810
03-24 18:00:49.429  1645  1926 E HwActivityTaskManagerServiceEx: isNeedInterceptStart isNeedInterceptAlarm getPackageUid exception
03-24 18:00:49.441  1645  1783 I PowerManagerService: handleSandman: wakefulness: 1,startDreaming: false
03-24 18:00:49.444  1645  2792 V BroadcastQueue: Finished with ordered broadcast BroadcastRecord{846eda9 u0 com.huawei.push.alarm.HEARTBEAT}
03-24 18:00:49.458  1645  1783 I PowerManagerService: handleSandman: wakefulness: 1,startDreaming: false
03-24 18:00:49.470  1645  1778 W BatteryExternalStatsWorker: modem info is invalid: ModemActivityInfo{ mTimestamp=0 mSleepTimeMs=0 mIdleTimeMs=0 mTxTimeMs[]=[0, 0, 0, 0, 0] mRxTimeMs=0 mEnergyUsed=0}
03-24 18:00:49.484  1645  1783 I PowerManagerService: handleSandman: wakefulness: 1,startDreaming: false
03-24 18:00:49.489  1645  1783 I PowerManagerService: handleSandman: wakefulness: 1,startDreaming: false
03-24 18:00:49.498  1645  2792 I AlarmManager: remove alarm:Alarm{7fd241b type 0 when 1679652059444 PendingIntent{870c99d: PendingIntentRecord{8616789 android broadcastIntent}}android procName com.huawei.android.pushagent.PushService} according to operation:87217b1
03-24 18:00:49.514  1645  1783 I PowerManagerService: handleSandman: wakefulness: 1,startDreaming: false
03-24 18:00:49.517  1645  1783 I PowerManagerService: handleSandman: wakefulness: 1,startDreaming: false
03-24 18:00:49.521  1645  8867 I AlarmManager: remove alarm:Alarm{8609c75 type 1 when 1679653230951 PendingIntent{870f751: PendingIntentRecord{8524341 android broadcastIntent}}android procName com.huawei.android.pushagent.PushService} according to operation:85b6979
03-24 18:00:49.531  1645  1783 I PowerManagerService: handleSandman: wakefulness: 1,startDreaming: false
03-24 18:00:49.672  1645  8831 D HwConnectivityServiceEx: set 1000 wlan0 value false
03-24 18:00:53.683  1645  8831 D HwConnectivityServiceEx: set 1000 wlan0 value false
03-24 18:00:54.240  2315  2340 W ContextImpl: Calling a method in the system process without a qualified user: android.app.ContextImpl.sendBroadcast:1183 android.content.ContextWrapper.sendBroadcast:453 com.huawei.systemserver.mediaassist.HwMediaAssistantService.sendCameraChangeBroadcast:518 com.huawei.systemserver.mediaassist.HwMediaAssistantService.notifyCameraStateChange:246 com.huawei.systemserver.mediaassist.IMediaAssist$Stub.onTransact:67 
03-24 18:00:54.250  1645  2792 I CameraService_proxy: Get isLightStrapCaseOn in cameraserviceproxy.
03-24 18:00:54.260  1645  1783 I PowerManagerService: handleSandman: wakefulness: 1,startDreaming: false
03-24 18:00:54.263  1645  1783 I PowerManagerService: handleSandman: wakefulness: 1,startDreaming: false
03-24 18:00:54.426  2315  2340 W ContextImpl: Calling a method in the system process without a qualified user: android.app.ContextImpl.sendBroadcast:1183 android.content.ContextWrapper.sendBroadcast:453 com.huawei.systemserver.mediaassist.HwMediaAssistantService.sendCameraChangeBroadcast:518 com.huawei.systemserver.mediaassist.HwMediaAssistantService.notifyCameraStateChange:246 com.huawei.systemserver.mediaassist.IMediaAssist$Stub.onTransact:67 
03-24 18:00:55.221  1645  1783 I PowerManagerService: UL_Power mReadyToBgReport: true
03-24 18:00:55.221  1645  1783 I HwPowerManagerService: UL_Power Screen timeout occured. mStayOn = false, mProximityPositive = false, mWakeLockSummary = 0x0, mUserActivitySummary = 0x2, mScreenBrightnessBoostInProgress = false
03-24 18:00:55.221  1645  1783 I DisplayPowerController: mPowerState.mScreenChangedReason: 65537 mPendingRequestLocked.mScreenChangeReason 65537
03-24 18:00:55.222  1645  1783 I DisplayPowerController: Animating brightness: target=6, rate=180,brightnessTargetReal=6,AutoBrightness=true
03-24 18:00:55.222  1645  1783 V DisplayPowerController: Brightness [6] reason changing to: 'automatic [ dim ]', previous reason: 'automatic'.
03-24 18:00:55.222  1645  1783 I PowerManagerService: handleSandman: wakefulness: 1,startDreaming: false
03-24 18:00:55.234  1645  1783 I HwNormalizedRampAnimator: hbm_dimming target=202 rate=180 duration=3.0
03-24 18:00:56.974  1645  1876 I HwBatteryService: power_ui state= 1 mQuickChargeStatus=1
03-24 18:00:56.974  1645  1876 I HwBatteryService: handleWirelessTxStatus
03-24 18:00:56.974  1645  1876 I HwBatteryService: switch not open, return, mWirelessTxFlag : 0
03-24 18:00:56.974  1645  1876 W HwBatteryService: need return. Invalid value: -1
03-24 18:00:56.974  1645  1876 D HwBatteryService: setHwChargeTimeRemaining, time = -1 String time: -1
03-24 18:00:56.975  1645  1876 I HwBatteryService: IS_WATCH : false
03-24 18:00:57.677  1645  8831 D HwConnectivityServiceEx: set 1000 wlan0 value false
03-24 18:00:58.265  1645  1783 I DisplayPowerController: mPowerState.mScreenChangedReason: 65537 mPendingRequestLocked.mScreenChangeReason 65537
03-24 18:00:58.265  1645  1783 I DisplayPowerController: Animating brightness: target=6, rate=60,brightnessTargetReal=6,AutoBrightness=true
03-24 18:00:59.368  2315  2566 I NetworkQoeChr: onQoeStatusEnd
03-24 18:01:00.009  1645  1783 I PowerManagerService: handleSandman: wakefulness: 1,startDreaming: false
03-24 18:01:01.223  1645  1783 I PowerManagerService: UL_Power Going to sleep due to timeout (uid 1000)...
03-24 18:01:01.224  1645  1645 W UsageStatsService: Event reported without a package name, eventType:16
03-24 18:01:01.230  1645  2956 D HwInputMethodManagerService: isSecMethodUsing = false
03-24 18:01:01.228  1645  1645 I WindowManager: UL_Power Started going to sleep... (why=OFF_BECAUSE_OF_TIMEOUT)
03-24 18:01:01.236  1645  1783 I DisplayPowerController: mPowerState.mScreenChangedReason: 2 mPendingRequestLocked.mScreenChangeReason 2
03-24 18:01:01.236  1645  1783 I DisplayPowerController: Animating brightness: target=6, rate=60,brightnessTargetReal=6,AutoBrightness=true
03-24 18:01:01.237  1645  1783 I PowerManagerService:  canDreamLocked: mWakefulness: 3mDreamsSupportedConfig: truemDreamsEnabledSetting: falseisBrightOrDim: trueisVr: falsemUserActivitySummary4
03-24 18:01:01.237  1645  1783 I PowerManagerService: handleSandman: wakefulness: 3,startDreaming: true
03-24 18:01:01.238  1645  1783 I PowerManagerService: Sleeping (uid 1000)...
03-24 18:01:01.239  1645  1783 I DisplayPowerController: LightSensorEnable change true -> false
03-24 18:01:01.244  1645  8867 I KeyguardStateMonitor: onPendingLock pendingLock: true
03-24 18:01:01.247  1645  2074 I DE J DES: [effect] LightSensorEnable=false
03-24 18:01:01.247  1645  1783 I DisplayPowerController: ScreenState change 1 -> 0
03-24 18:01:01.248  1645  2073 I DE J HwBrightnessSceneRecognition: [effect] notifyScreenStatus = false
03-24 18:01:01.248  1645 13948 I DE J HwBrightnessSceneRecognition: [effect] disableAr failed, mIsArConnected||mHwMsdpMovementManager||mArActivities is null!
03-24 18:01:01.250  1645  1783 E HwAodManager: setPowerState with HwAodManager not exist!
03-24 18:01:01.250  1645  1783 I DisplayPowerController: mPowerState.mScreenChangedReason: 2 mPendingRequestLocked.mScreenChangeReason 2
03-24 18:01:01.267  1645  2956 D HwStorageManagerService: setScreenStateFlag
03-24 18:01:01.268   494   503 D vold    : begin lockScreenPrepare
03-24 18:01:01.268   494   503 D vold    : FscryptLockScreenPrepare flag is: 1 userId:0
03-24 18:01:01.279  1645  1783 I HwProximitySensorDetector: HwBrightnessProximity updateWakeupFromSleep,isWakeupFromSleep=false
03-24 18:01:01.279  1645  1783 I DisplayPowerController: set brightness to DIM brightness:6
03-24 18:01:01.279  1645  1783 V DisplayPowerController: Brightness [6] reason changing to: 'automatic', previous reason: 'automatic [ dim ]'.
03-24 18:01:01.446  1645  1994 I HwAudioServiceEx: restart dms isMusicActive : false, isRingActive : false, isAlarmActive : false
03-24 18:01:01.453  1645  1783 I DisplayPowerController: mPowerState.mScreenChangedReason: 2 mPendingRequestLocked.mScreenChangeReason 2
03-24 18:01:01.453  1645  1783 I DisplayPowerController: UL_Power Blocking screen off
03-24 18:01:01.453  1645  1783 I DisplayPowerController: UL_PowerUnblocked screen off after 1 ms
03-24 18:01:01.454  1645  1783 D ActivityTaskManager: Top Process State changed to PROCESS_STATE_TOP_SLEEPING
03-24 18:01:01.482  1645  1783 I HwPhoneWindowManager: UL_PowerscreenTurnedOff
03-24 18:01:01.482  1645  1783 I HwNormalizedAutomaticBrightnessController: setBrightnessNoLimit set auto Brightness=-1,time=500
03-24 18:01:01.482  1645  1783 I HwNormalizedManualBrightnessController: setBrightnessNoLimit set brightness=-1,time=500
03-24 18:01:01.491  1645  1761 I HwAudioServiceEx: ComponentInfo : className = com.huawei.android.launcher.unihome.UniHomeLauncher, flag = onPause, isHomeActivity = , isTop = false
03-24 18:01:01.491  1645  1994 W HwAudioServiceEx: SoundEffectState bundle get reserved is invalid
03-24 18:01:01.492  1645  1994 I HwAudioServiceEx: sendAppKilledIntentForKit, isKitPackageOnPause = false, isKitPackageKill = false, isKitPackageOnResume = false
03-24 18:01:01.492  1645  1783 E ColorFade: eglDestroySurface failed: error 12301
03-24 18:01:01.492  1645  1783 E ColorFade: java.lang.Throwable
03-24 18:01:01.492  1645  1783 E ColorFade: 	at com.android.server.display.ColorFade.logEglError(libmapleservices.so:3234336)
03-24 18:01:01.492  1645  1783 E ColorFade: 	at com.android.server.display.ColorFade.destroyEglSurface(libmapleservices.so:3296704)
03-24 18:01:01.492  1645  1783 E ColorFade: 	at com.android.server.display.ColorFade.dismissResources(libmapleservices.so:4176476)
03-24 18:01:01.492  1645  1783 E ColorFade: 	at com.android.server.display.DisplayPowerController.animateScreenStateChange(libmapleservices.so:5096988)
03-24 18:01:01.492  1645  1783 E ColorFade: 	at com.android.server.display.DisplayPowerController.updatePowerState(libmapleservices.so:5103088)
03-24 18:01:01.492  1645  1783 E ColorFade: 	at com.android.server.display.DisplayPowerController$DisplayControllerHandler.handleMessage(libmapleservices.so:5153424)
03-24 18:01:01.492  1645  1783 E ColorFade: 	at android.os.Handler.dispatchMessage(libmapleframework.so:6246716)
03-24 18:01:01.492  1645  1783 E ColorFade: 	at android.os.Looper.loop(libmapleframework.so:4840388)
03-24 18:01:01.492  1645  1783 E ColorFade: 	at android.os.HandlerThread.run(libmapleframework.so:4832244)
03-24 18:01:01.492  1645  1783 E ColorFade: 	at com.android.server.ServiceThread.run(libmapleservices.so:4873808)
03-24 18:01:01.493  1645  1783 I HwNormalizedAutomaticBrightnessController: Disable LightSensor starting...
03-24 18:01:01.500  1645  1783 I HwBrightnessSceneController: updateLightSensorEnabled LightSensorEnabled=false
03-24 18:01:01.501  1645  1783 I DisplayPowerController: Animating brightness: target=0, rate=0,brightnessTargetReal=0,AutoBrightness=true
03-24 18:01:01.501  1645  1783 I DisplayPowerController: update mPowerPolicyChangeFromDimming set screen_auto_brightness db=0 when poweroff from dim
03-24 18:01:01.501  1645  1783 I HwNormalizedRampAnimator: hbm_dimming target=0 rate=0 duration=0.0
