03-24 18:01:01.503  1645  1783 V DisplayPowerController: Brightness [0] reason changing to: 'screen_off', previous reason: 'automatic'.
03-24 18:01:01.504  1645  1783 I DisplayPowerController: mPowerState.mScreenChangedReason: 2 mPendingRequestLocked.mScreenChangeReason 2
03-24 18:01:01.504  1645  2070 I DisplayPowerState: set screen turn off reason mScreenChangedReason: 2
03-24 18:01:01.504  1645  2066 I HwNormalizedAutomaticBrightnessController: updateProximityState, isProximityState=false
03-24 18:01:01.505  1645  1783 I DisplayPowerController: Animating brightness: target=0, rate=0,brightnessTargetReal=0,AutoBrightness=true
03-24 18:01:01.505  1645  2070 D HwPhoneWindowManager: finish hwSetFeatureConfig with result: -2 reasonString: 2
03-24 18:01:01.511  1645  8867 V ActivityManager: Successfully start provider ContentProviderRecord{8625a63 u0 com.huawei.magazine/com.huawei.keyguard.database.MagazineDBProvider} launchingApp=ProcessRecord{85d1b05 20933:com.huawei.magazine:data/u0a72} caller pid= 2143
03-24 18:01:01.512  2315  2566 I SmartDualCardConfig: getAppType,pkgName=com.huawei.android.launcher,appType=28
03-24 18:01:01.512  2315  2566 E SmartDualCardConfig: isAppInBlackList false,items==null
03-24 18:01:01.514  1645  1751 V ActivityTaskManager: Activity idle: null
03-24 18:01:01.516  1645  1751 D ActivityTaskManager: Ignore adjust for same activity when stop r:ActivityRecord{84cbe48 u0 com.huawei.android.launcher/.unihome.UniHomeLauncher t1}
03-24 18:01:01.517  1645  1751 V ActivityTaskManager: Activity idle: null
03-24 18:01:01.523  1645  1751 I chatty  : uid=1000(system) android.display identical 3 lines
03-24 18:01:01.524  1645  1751 V ActivityTaskManager: Activity idle: null
03-24 18:01:01.526  1645  1751 V LocalDisplayAdapter: getDisplayDeviceInfoLocked called,1080x2280, 1080x2280displayCutout DisplayCutout{insets=Rect(0, 90 - 0, 0) waterfall=Insets{left=0, top=0, right=0, bottom=0} boundingRect={Bounds=[Rect(0, 0 - 0, 0), Rect(365, 0 - 715, 90), Rect(0, 0 - 0, 0), Rect(0, 0 - 0, 0)]}}
03-24 18:01:01.526  1645  1751 I DisplayManagerService: Display device changed state: "", OFF
03-24 18:01:01.526  1645  1751 V ActivityTaskManager: Activity idle: null
03-24 18:01:01.533  1645  8867 I WindowManager: notifyAppStopped: AppWindowToken{84bca41 token=Token{851a5e4 ActivityRecord{84cbe48 u0 com.huawei.android.launcher/.unihome.UniHomeLauncher t1}}}
03-24 18:01:01.540  1645  1645 I HwMultiDisplayManager: onDisplayChanged: 0
03-24 18:01:01.540  1645  2248 I AlarmManager: remove alarm:Alarm{8609c63 type 3 when 89981337 PendingIntent{84a5905: PendingIntentRecord{848c1a1 android broadcastIntent}}android procName system} according to operation:84a5905
03-24 18:01:01.542  1645  1749 I HwActivityStackSupervisorEx: handleVrDisplayChanged displayId = 0
03-24 18:01:01.542  1645  1749 W HwActivityStackSupervisorEx: handleVrDisplayChanged other vr mode displayId: 0
03-24 18:01:01.544  1645  1752 D LogicalDisplay: configureDisplayLocked mTempLayerStackRect=Rect(0, 0 - 1080, 2280) mTempDisplayRect=Rect(0, 0 - 1080, 2280) orientation = 0
03-24 18:01:01.544  1645  1752 I DisplayDevice: setProjectionLocked displayId 0 orientation(0->0) LayerStackRect(Rect(0, 0 - 1080, 2280)->Rect(0, 0 - 1080, 2280)) DisplayRect(Rect(0, 0 - 1080, 2280)->Rect(0, 0 - 1080, 2280))
03-24 18:01:01.545  1645  1752 I DisplayDevice: isNeedRefreshOrientaion orientation 0
03-24 18:01:01.552  2315  2340 W ContextImpl: Calling a method in the system process without a qualified user: android.app.ContextImpl.sendBroadcast:1183 android.content.ContextWrapper.sendBroadcast:453 com.huawei.systemserver.mediaassist.HwMediaAssistantService.sendCameraChangeBroadcast:518 com.huawei.systemserver.mediaassist.HwMediaAssistantService.notifyCameraStateChange:246 com.huawei.systemserver.mediaassist.IMediaAssist$Stub.onTransact:67 
03-24 18:01:01.570  1645  8867 W ProcBatteryStats: timer is running , not start, name: com.android.phone, uid: 1001, tag: *telephony-radio*
03-24 18:01:01.580  2315  2340 W ContextImpl: Calling a method in the system process without a qualified user: android.app.ContextImpl.sendBroadcast:1183 android.content.ContextWrapper.sendBroadcast:453 com.huawei.systemserver.mediaassist.HwMediaAssistantService.sendCameraChangeBroadcast:518 com.huawei.systemserver.mediaassist.HwMediaAssistantService.notifyCameraStateChange:246 com.huawei.systemserver.mediaassist.IMediaAssist$Stub.onTransact:67 
03-24 18:01:01.592  1645  1872 I HwNetworkPolicy: onTransact, code = 12
03-24 18:01:01.592  1645  1872 I HwNetworkPolicy: code is not equals others
03-24 18:01:01.615  1645  3092 W ProcBatteryStats: timer is not running , not stop, name: com.android.phone, uid: 1001, tag: *telephony-radio*
03-24 18:01:01.649  1645 12112 D BatteryStatsService: begin noteStopAudio
03-24 18:01:01.649  1645 12112 D BatteryStatsService: end noteStopAudio
--------- beginning of main
03-24 18:01:01.707  1025  1471 I         : mempoolcfg case CLEAR_ALL, handleMessage
03-24 18:01:01.708  1025  1471 E MemPoolMonitor: [22bf026_64E] checkEfficiency(), allSize = 0
03-24 18:01:01.708  1025  1471 E MemPoolMonitor: [22bf026_64E] checkEfficiency(), allSize = 0
03-24 18:01:01.710   623  1285 I netd    : trafficSwapActiveStatsMap() <13.46ms>
03-24 18:01:01.723  4875 30456 I CAWARENESS_OdmfProcessor: disconnectService
03-24 18:01:01.723  4875 30456 I CAWARENESS_OdmfProcessor: onDisconnect
03-24 18:01:01.723  4875 30456 W HwNaturalBaseClient: Connection to NaturalBase Data Service is closed completely.
03-24 18:01:01.725   623  1285 I netd    : trafficSwapActiveStatsMap() <13.22ms>
03-24 18:01:01.730   971  1925 I dubaid  : [WifiHandler.cpp] InitWorkTimeReportInfo# Init work time report
03-24 18:01:01.749  2315  2935 I HwMediaAssistantService: reset:false,false,true
03-24 18:01:01.769   701  1597 E DE H =ACET: countAceError:476: getACE() return 1
03-24 18:01:01.769   964  1029 I bastetd : [BastetDevice   ] IndScreenState# Screen on: 0
03-24 18:01:01.770   723   723 I SurfaceFlinger: Finished setting power mode 0 on display 0
03-24 18:01:01.771  1645  2070 D SurfaceControl: Excessive delay in setPowerMode()
03-24 18:01:01.771  1645  2070 I PowerManagerService-JNI: fingersense switch state:1
03-24 18:01:01.771   723   723 I SurfaceFlinger: processDisplayChangesLocked:3436 the current display is different from the drawing dispaly.
03-24 18:01:01.772  1645  2070 I fingersense_manager: Calling fingersense_on_pause()
03-24 18:01:01.774  1645  2070 I fingersense_manager: fingersense_on_pause() finished
03-24 18:01:01.774  1645  2070 I PowerManagerService-JNI: turning FingerSense off
03-24 18:01:01.774  1645  1783 I DisplayPowerController: mPowerState.mScreenChangedReason: 2 mPendingRequestLocked.mScreenChangeReason 2
03-24 18:01:01.775  1645  1783 I DisplayPowerController: Animating brightness: target=0, rate=0,brightnessTargetReal=0,AutoBrightness=true
03-24 18:01:01.777  1645  1783 I PowerManagerService: need release DisplaySuspendBlocker
03-24 18:01:01.777  1645  1783 I PowerManagerService: handleSandman: wakefulness: 0,startDreaming: false
03-24 18:01:01.779  2143  7993 I KeyguardService: KGSvcCall onFinishedGoingToSleep. reason:3 false
03-24 18:01:01.781  1645  3092 D HwStorageManagerService: setScreenStateFlag
03-24 18:01:01.782   494   503 D vold    : begin lockScreenPrepare
03-24 18:01:01.782   494   503 D vold    : FscryptLockScreenPrepare flag is: 1 userId:0
03-24 18:01:01.791  1645  1783 I PowerManagerService: handleSandman: wakefulness: 0,startDreaming: false
03-24 18:01:01.791  1645  1645 I Bluetooth_framework: BluetoothManagerService:isBleAppPresent() count: 0
03-24 18:01:01.793  1645  1962 I TrafficMonitor: expired arrive. level:-1
03-24 18:01:01.793  1645  1962 I TrafficMonitor: during_ms:2004,period_ms:2000
03-24 18:01:01.793  1645  1962 I TrafficMonitor: count:20,rx_sum:1,tx_sum:0,rxBytes:86,during_ms:2004,rx_speed:42.91417165668663,tx_speed:0.0,rto:0.0
03-24 18:01:01.793  1645  1962 I HuaweiWifiWatchdogStateMachine: Get speed information rx_speed = 42 ,tx_speed = 0 ,isSpeedOk = false ,mBestSpeedInPeriod = 42
03-24 18:01:01.796  1645  1645 I DE J DES: [effect] BroadcastReceiver.onReceive() action:android.intent.action.SCREEN_OFF
03-24 18:01:01.796  1645  1645 I DE J DES: [effect] is not super wall paper theme, normal screen off.
03-24 18:01:01.797  1645  1645 I DE J DES: [effect] In Qr Code:false, gray:false, window:false, Scene:false
03-24 18:01:01.801  1645  3092 I HwFingerprintService:  Remaining Num Attempts = 5
03-24 18:01:01.802  2315  2315 D HicomNfManager: onReceive action get:android.intent.action.SCREEN_OFF
03-24 18:01:01.802  2315  2315 I HicomNfManager: receive screen off action
03-24 18:01:01.803  2315  2315 D HicomNf_java_to_c: ScreenStatusChange is called with status: 0
03-24 18:01:01.806  1645  3092 I HwScreenOnProximityLock: keyguardShowing, screen on:false
03-24 18:01:01.806  2514  3518 I UserStateManager: screenoff startMotionDetection
03-24 18:01:01.806  1645  3092 I HwPhoneWindowManager: onShowingChangedL: true
03-24 18:01:01.806  2514  3518 I MotionDetection: start motion detection, reportLatencySec = 200
03-24 18:01:01.806  1645  1749 I HwAccessibilityWaterMark: mIsAccessibilityLockScreenOn: false mIsKeyGuardShowing true
03-24 18:01:01.806  2514  3648 I Network_Policy: device is charging
03-24 18:01:01.806  2514  3518 I HwMSDPMovementManager: getServiceVersion
03-24 18:01:01.806  2514  3648 I Network_WifiChipsetAbnormal: not in sleep time.
03-24 18:01:01.807  1645  3092 I TrustManagerService: handle reportKeyguardShowingChanged.
03-24 18:01:01.808  1645  1645 I TrustManagerService: refreshDeviceLockedForUser : false true
03-24 18:01:01.808  1645  1645 I TrustManagerService: setDeviceLockedForUser finish
03-24 18:01:01.809  1645  2956 W ActivityManager: Sending non-protected broadcast com.huawei.intent.action.PG_ENABLE_FAST_SLEEP from system 2514:com.huawei.iaware/1000 pkg com.huawei.powergenie
03-24 18:01:01.809  1645  3092 D ActivityTaskManager: canShowActivityWhileKeyguardShowing false r=ActivityRecord{84cbe48 u0 com.huawei.android.launcher/.unihome.UniHomeLauncher t1}
03-24 18:01:01.809  1645  2956 W ActivityManager: Sending non-protected broadcast com.huawei.intent.action.PG_ENABLE_FAST_SLEEP from system 2514:com.huawei.iaware/1000 pkg com.huawei.powergenie
03-24 18:01:01.809  2514  3518 I MotionDetection: action is 31
03-24 18:01:01.810  1645  3092 V WindowManager: commitVisibility: AppWindowToken{84bca41 token=Token{851a5e4 ActivityRecord{84cbe48 u0 com.huawei.android.launcher/.unihome.UniHomeLauncher t1}}}: hidden=true hiddenRequested=true
03-24 18:01:01.811  1645  1751 W UsageStatsService: Event reported without a package name, eventType:17
03-24 18:01:01.811  1645  3092 I WindowManager: Changing focus from Window{855325d u0 com.huawei.android.launcher/com.huawei.android.launcher.unihome.UniHomeLauncher} to null displayId=0 Callers=com.android.server.wm.RootWindowContainer.updateFocusedWindowLocked:6666996 com.android.server.wm.WindowManagerService.updateFocusedWindowLocked:6666472 com.android.server.wm.AppWindowToken.commitVisibility:6035196 com.android.server.wm.AppWindowToken.setVisibility:6323684 
03-24 18:01:01.812  1645  3092 I HwDisplayContentEx: currentFocus windowstate null
03-24 18:01:01.813  1645  3092 D ZrHung.AppEyeFocusWindow: FocusWindowErrorScene CheckFreezeScreen
03-24 18:01:01.813  2514  3648 I BroadcastAdapter: sendFastSleepCommand : true
03-24 18:01:01.814  2514  3518 E CAWARENESS_CLIENT: sdk_Utils: getHwMsdpOtherParametersByString string is empty!
03-24 18:01:01.815  2514  3518 I HwMSDPMovementManager: enableMovementEvent type =0
03-24 18:01:01.815  2514  3648 I Network_Policy: scr off battery level:17
03-24 18:01:01.815  2514  3772 I LongStandbyDetection: this scr off is scr lock
03-24 18:01:01.815  2514  3648 I ash_scr : off
03-24 18:01:01.816  2514  3772 I LongStandbyDetection: update startLockTimestamp to 1679652061816
03-24 18:01:01.816  1645  3092 I WindowManager: Policy visibility false: Window{8553305 u0 AssistPreviewPanel}
03-24 18:01:01.818   656 23550 I chatty  : uid=1000(system) HwBinder:656_2 expire 196 lines
03-24 18:01:01.821   656   680 I chatty  : uid=1000(system) activity_recogn expire 16 lines
03-24 18:01:01.823   656   681 I chatty  : uid=1000(system) activity_recogn expire 85 lines
03-24 18:01:01.823  1645  3092 I WindowManager: New wallpaper target: null prevTarget: Window{855325d u0 com.huawei.android.launcher/com.huawei.android.launcher.unihome.UniHomeLauncher}
03-24 18:01:01.825  2514  3518 I HwMSDPMovementManager: enableMovementEvent type =0
03-24 18:01:01.831  1645  3092 I WindowManager: Animation done in AppWindowToken{84bca41 token=Token{851a5e4 ActivityRecord{84cbe48 u0 com.huawei.android.launcher/.unihome.UniHomeLauncher t1}}} isHidden:true hiddenRequested:true
03-24 18:01:01.835  1645  3092 I WindowManager: notifyAppStopped: AppWindowToken{84bca41 token=Token{851a5e4 ActivityRecord{84cbe48 u0 com.huawei.android.launcher/.unihome.UniHomeLauncher t1}}}
03-24 18:01:01.835  2514  3518 I HwMSDPMovementManager: enableMovementEvent type =0
03-24 18:01:01.837  1645  3092 I KeyguardStateMonitor: onPendingLock pendingLock: false
03-24 18:01:01.837  1645  2792 I ActivityManager: sendIntentSender target:PendingIntentRecord{84cf8a5 com.huawei.powergenie broadcastIntent}, intent:hwFlg=0x10
03-24 18:01:01.843  1645  1751 I StorageManagerService: onKeyguardStateChanged true
03-24 18:01:01.844  2514  2514 I SceneReceiver: state type: 20004 eventType:1 pid:0 uid:0 pkg:null
03-24 18:01:01.846  2514  3518 I HwMSDPMovementManager: enableMovementEvent type =0
03-24 18:01:01.850  2514  6409 W ThermalTraceTool: IOException:java.io.IOException: read failed: EIO (I/O error)
03-24 18:01:01.856  2514  3518 I HwMSDPMovementManager: enableMovementEvent type =0
03-24 18:01:01.863   723   925 W BufferQueueProducer: [com.huawei.android.launcher/com.huawei.android.launcher.unihome.UniHomeLauncher#0]:1390: disconnect: not connected (req=1)
03-24 18:01:01.863  2572  2826 W libEGL  : EGLNativeWindowType 0x7180029a10 disconnect failed
03-24 18:01:01.863  1645  2792 W ActivityManager: Sending non-protected broadcast com.huawei.hiai.awareness.movement from system uid 1000 pkg com.huawei.powergenie
03-24 18:01:01.863  1645  2792 W ActivityManager: Sending non-protected broadcast com.huawei.hiai.awareness.movement from system uid 1000 pkg com.huawei.powergenie
03-24 18:01:01.864  1645  1645 I HWRME LIBHWRME_CLIENT: ResMngMmEvent interface arg 3, 0
03-24 18:01:01.866  1645 12112 E WindowManager: win=Window{855325d u0 com.huawei.android.launcher/com.huawei.android.launcher.unihome.UniHomeLauncher} destroySurfaces: appStopped=true win.mWindowRemovalAllowed=false win.mRemoveOnExit=false
03-24 18:01:01.867  2514  3518 I HwMSDPMovementManager: enableMovementEvent type =0
03-24 18:01:01.867  1645  2792 I ActivityManager: sendIntentSender target:PendingIntentRecord{84cf8a5 com.huawei.powergenie broadcastIntent}, intent:hwFlg=0x10
03-24 18:01:01.877  1645 12112 D IntelliServiceManager: setting switch is off for user 0
03-24 18:01:01.877  2514  3518 I HwMSDPMovementManager: enableMovementEvent type =0
03-24 18:01:01.878  1645 12112 I HwWindowManagerServiceEx: setLandAnimationInfo : false
03-24 18:01:01.884  2572  2572 I ActivityThread: Handle window ActivityRecord{ba41904 token=android.os.BinderProxy@164226e {com.huawei.android.launcher/com.huawei.android.launcher.unihome.UniHomeLauncher}} visibility: false
03-24 18:01:01.884  1645  1751 D IntelliServiceManager: setting switch is off for user 0
03-24 18:01:01.886  2572  2572 E RtgSchedManager: endActivityTransaction: margin state not match
03-24 18:01:01.886  2514  3518 I HwMSDPMovementManager: enableMovementEvent type =0
03-24 18:01:01.886  2572  2572 D DecorView: showOrHideHighlightView: hasFocus=false; winMode=1; isMrgNull=true
03-24 18:01:01.894  2514  3518 I HwMSDPMovementManager: enableMovementEvent type =0
03-24 18:01:01.897  1645  1645 I HwBatteryService: intent = Intent { act=android.intent.action.SCREEN_OFF flg=0x58200010 }
03-24 18:01:01.897  1645  2792 W ActivityManager: Sending non-protected broadcast com.huawei.hiai.awareness.movement from system uid 1000 pkg com.huawei.powergenie
03-24 18:01:01.898  1645  2792 W ActivityManager: Sending non-protected broadcast com.huawei.hiai.awareness.movement from system uid 1000 pkg com.huawei.powergenie
03-24 18:01:01.900   718  2218 D AudioPolicyService: getUidState(10105) cacheIter->second.first, return cacheIter->second.second(7)
03-24 18:01:01.900   718  2218 D AudioPolicyService: getUidState(10072) cacheIter->second.first, return cacheIter->second.second(0)
03-24 18:01:01.900   718  2218 D AudioPolicyService: getUidState(10057) cacheIter->second.first, return cacheIter->second.second(7)
03-24 18:01:01.900   718  2218 D AudioPolicyService: getUidState(10046) cacheIter->second.first, return cacheIter->second.second(7)
03-24 18:01:01.900  1645  2792 I ActivityManager: sendIntentSender target:PendingIntentRecord{84cf8a5 com.huawei.powergenie broadcastIntent}, intent:hwFlg=0x10
03-24 18:01:01.903  2514  3518 I HwMSDPMovementManager: enableMovementEvent type =0
03-24 18:01:01.905  1645  1645 I VibratorService: Keep vibration on receive the screen off
03-24 18:01:01.905  1645  2792 W ActivityManager: Sending non-protected broadcast com.huawei.hiai.awareness.movement from system uid 1000 pkg com.huawei.powergenie
03-24 18:01:01.906  1645  2792 W ActivityManager: Sending non-protected broadcast com.huawei.hiai.awareness.movement from system uid 1000 pkg com.huawei.powergenie
03-24 18:01:01.908  2143  2143 I StatusBarDebug: updateIsKeyguard mStatusBarStateController.isKeyguardRequested=true,keyguardForDozing=false,mDozingRequested=false,mDeviceInteractive=true,isGoingToSleep=true,isScreenFullyOff=true,mIsKeyguard=false,wakeAndUnlocking=false,getScreenState=0
03-24 18:01:01.909  1645  2792 I ActivityManager: sendIntentSender target:PendingIntentRecord{84cf8a5 com.huawei.powergenie broadcastIntent}, intent:hwFlg=0x10
03-24 18:01:01.909  2143  2143 I SbStateController: setState: state=1;oldState=0
03-24 18:01:01.912  2514  3518 I MotionDetection: register Motion Fence ok, reportLatencySec: 200
03-24 18:01:01.912  2514 30253 I MotionDetection: Request Result = RequestResult{1, 4, 31, null, 1679652061911, 1679652061911, 100, com.huawei.powergenie_1:1;1,4,31, 1, null, 3, -1, null}
03-24 18:01:01.913  2514  3518 I APwBatteryMonitor: screen off start battery: 17
03-24 18:01:01.913  2514  3518 I APwMonitor: run monitor start. init: true screen off: true
03-24 18:01:01.918  2143  2143 I HwCtrlCtr: ControlCenterImpl: release control blur image!
03-24 18:01:01.919  2143  2143 I AnimatedImageView: onVisibilityChanged state:1
03-24 18:01:01.920  2143  2143 I chatty  : uid=10072(com.huawei.magazine) com.android.systemui identical 4 lines
03-24 18:01:01.920  2143  2143 I AnimatedImageView: onVisibilityChanged state:1
03-24 18:01:01.924  2143  2143 E QS      : setExpanded: should not be here!
03-24 18:01:01.925  1645  2792 W ActivityManager: Sending non-protected broadcast com.huawei.hiai.awareness.movement from system uid 1000 pkg com.huawei.powergenie
03-24 18:01:01.926  1645  2792 W ActivityManager: Sending non-protected broadcast com.huawei.hiai.awareness.movement from system uid 1000 pkg com.huawei.powergenie
03-24 18:01:01.926  2143  2143 I NotificationViewHierarchyManager: updateNotificationViews activeNotificationSize=0
03-24 18:01:01.927  2143  2143 D PluginInstanceManager: stopListening
03-24 18:01:01.928  2143  2143 I ScrollLayout2: removeContainerView StatusBarNotification(pkg=android user=UserHandle{-1} id=26 tag=null key=-1|android|26|null|1000: Notification(channel=DEVELOPER pri=0 contentView=null vibrate=null sound=null tick defaults=0x0 flags=0x2 color=0xff607d8b groupKey=ranker_group26 vis=PUBLIC))
03-24 18:01:01.929  2143  2143 D PluginInstanceManager: stopListening
03-24 18:01:01.929  2143  2143 I ScrollLayout2: removeContainerView StatusBarNotification(pkg=com.android.settings user=UserHandle{0} id=1000002 tag=null key=0|com.android.settings|1000002|null|1000: Notification(channel=SETTINGS_USB pri=1 contentView=null vibrate=null sound=null tick defaults=0x0 flags=0x2 color=0x00000000 groupKey=ranker_group1000002 vis=PRIVATE))
03-24 18:01:01.929  1645  1963 I WifiClientModeImpl: apf dbg, screen state change: screenOn=false
03-24 18:01:01.929  1645  1963 I WifiClientModeImpl: apf dbg, set screen state to driver, screenOn=false
03-24 18:01:01.931  1132  1132 I         : Enter SendCommandToDriverByInterfaceName
03-24 18:01:01.929  1645  2792 I ActivityManager: sendIntentSender target:PendingIntentRecord{84cf8a5 com.huawei.powergenie broadcastIntent}, intent:hwFlg=0x10
03-24 18:01:01.934  1645  1783 I PowerManagerService: handleSandman: wakefulness: 0,startDreaming: false
03-24 18:01:01.935  1645  2792 W ActivityManager: Sending non-protected broadcast com.huawei.hiai.awareness.movement from system uid 1000 pkg com.huawei.powergenie
03-24 18:01:01.936  1645  2792 W ActivityManager: Sending non-protected broadcast com.huawei.hiai.awareness.movement from system uid 1000 pkg com.huawei.powergenie
03-24 18:01:01.942  1645  1645 I WifiClientModeImpl: unknow:action = android.intent.action.SCREEN_OFF
03-24 18:01:01.942  2143  2143 D PluginInstanceManager: stopListening
03-24 18:01:01.943  2143  2143 I ScrollLayout2: removeContainerView StatusBarNotification(pkg=com.huawei.tips user=UserHandle{0} id=0 tag=null key=0|com.huawei.tips|0|null|10118: Notification(channel=tips pri=0 contentView=null vibrate=null sound=null defaults=0x0 flags=0x210 color=0x00000000 groupKey=com.huawei.tips vis=PRIVATE))
03-24 18:01:01.945  1645  1963 W WifiNative: apf dbg, setSuspendOptimizations: enabled=true
03-24 18:01:01.946  1645  1964 I WifiP2pService: InactiveState143467
03-24 18:01:01.946  1645  1964 V HwWifiServiceFactory: get AllImpl object = com.android.server.wifi.HwWifiServiceFactoryImpl@847c737
03-24 18:01:01.946  1645  1964 I WifiP2pService: P2pEnabledState when=3612648 what=143467 arg1=0 arg2=0
03-24 18:01:01.947  1645  1964 I WifiP2pService: DefaultStatewhen=3612648 what=143467 arg1=0 arg2=0
03-24 18:01:01.946  1645  1964 V HwWifiServiceFactory: get AllImpl object = com.android.server.wifi.HwWifiServiceFactoryImpl@847c737
03-24 18:01:01.947  1645  1964 W AlarmManager: Unrecognized alarm listener com.android.server.wifi.p2p.HwWifiP2pService$2@848d950
03-24 18:01:01.947  2143  2143 W StatusBar: disable<e i a s b h r c s > disable2<Q!i n >
03-24 18:01:01.947  2143  2143 I HwCtrlCtr: QsCtrlCentUtils: getSuperTerminalCardStatus#Device + statusdisplayStatus = 1, openStatus = 1
03-24 18:01:01.948  2143  2143 I PanelView1: notifyBarPanelExpansionChanged isPanelVisibleBecauseOfHeadsUp=false,mInstantExpanding=true,mTracking=false
03-24 18:01:01.948  2143  2143 I PanelView2: notifyBarPanelExpansionChanged mPeekAnimator is non null?false,mHeightAnimator is non null?false
03-24 18:01:01.948  2143  2143 I PanelBar: panelExpansionChanged 0.0, true
03-24 18:01:01.948  2143  2143 I AnimatedImageView: onVisibilityChanged state:1
03-24 18:01:01.948  2143  2143 I AnimatedImageView: onVisibilityChanged state:1
03-24 18:01:01.949  2143  2143 I PanelBar: go state: 0->1
03-24 18:01:01.949  2143  2143 I HwPanelWakeUpControl: updateNotificationPanelState: false, origin: false
03-24 18:01:01.950  2143  2143 W StatusBar: disable<e i a s b h r c s > disable2<Q i n >
03-24 18:01:01.950  2143  2143 I AnimatedImageView: onVisibilityChanged state:1
03-24 18:01:01.950  1645  1783 I PowerManagerService: handleSandman: wakefulness: 0,startDreaming: false
03-24 18:01:01.950  2143  2143 I AnimatedImageView: onVisibilityChanged state:1
03-24 18:01:01.951  2514  3518 D APwMonitor: run monitor end.
03-24 18:01:01.951  2143  2143 I HwCtrlCtr: ControlCenterImpl: root view is gone, return
03-24 18:01:01.951  2514  3518 I StateActionFactory: not make action for msgId: 385
03-24 18:01:01.952  2514  3518 I MotionDetection: Activity = ON_B eventType = exit timeStampNs = 53199701769 Last movement timeStampNs = 0
03-24 18:01:01.952  2514  3518 I StateActionFactory: not make action for msgId: 385
03-24 18:01:01.952  2514  3518 I MotionDetection: Activity = IN_V eventType = exit timeStampNs = 53178794998 Last movement timeStampNs = 0
03-24 18:01:01.952  2514  3518 I StateActionFactory: not make action for msgId: 385
03-24 18:01:01.952  2514  3518 I MotionDetection: Activity = RN eventType = exit timeStampNs = 53199732290 Last movement timeStampNs = 0
03-24 18:01:01.952  2514  3518 I StateActionFactory: not make action for msgId: 385
03-24 18:01:01.952  2514  3518 I MotionDetection: Activity = STL eventType = exit timeStampNs = 3540060790727 Last movement timeStampNs = 0
03-24 18:01:01.952  2514  3518 I MotionDetection: rev STL_EX,need double check
03-24 18:01:01.952  2514  3518 I StateActionFactory: not make action for msgId: 385
03-24 18:01:01.952  2514  3518 I MotionDetection: Activity = WLK eventType = exit timeStampNs = 3485162204790 Last movement timeStampNs = 3540060790727
03-24 18:01:01.952  2514  3518 I MotionDetection: ineffective event.
03-24 18:01:01.954  2143  2143 W NavigationBarFrame: NavigationBarFrame setVisibility 8
03-24 18:01:01.957   718 17824 D AudioFlinger: setParameters(): io 0, keyvalue screen_state=off, calling pid 1645 calling uid 1000
03-24 18:01:01.958   675   727 I AudioModuleManager: [AudioModuleSetParameters:51]: list size: 13
03-24 18:01:01.959   675   727 W audio_dts_parser: [get_config_value:31]: get config file path failed
03-24 18:01:01.963  1645  1872 I StatusBarDisable: setFlags what=3200000 which=1 pkg=com.android.systemui
03-24 18:01:01.963  1645  1872 I StatusBarDisable: disableLocked mBar.disable net1=3200000 net2=0 pkg=com.android.systemui what=3200000
03-24 18:01:01.964  1645  2956 W ActivityManager: Sending non-protected broadcast com.huawei.android.action.KEYGUARD_STATE from system 2143:com.android.systemui/u0a72 pkg com.android.systemui
03-24 18:01:01.965  1645  1783 I PowerManagerService: handleSandman: wakefulness: 0,startDreaming: false
03-24 18:01:01.968  1645  1645 D HwBastetService: BroadcastReceiver android.intent.action.SCREEN_OFF
03-24 18:01:01.969  1645  2023 I HwBastetService: doBroadcastMessage actionId: 2
03-24 18:01:01.969   964  1033 I bastetd : [IBastetService ] onTransact# BnBastetService::onTransact, code=28, flags=17
03-24 18:01:01.969   964  1033 I bastetd : [BastetGarbagePktFilter ] BstGpfHandleScreenOff# Screen off
03-24 18:01:01.978  1645  1749 I HwPhoneWindowManager: OverscanTimeout run
03-24 18:01:01.983  1645  3092 V ActivityManager: Successfully start provider ContentProviderRecord{8512cc6 u0 com.huawei.android.launcher/.LauncherProvider} launchingApp=null caller pid= 2143
03-24 18:01:01.985  2572  4119 I HwLauncher: LauncherProvider launcher call - method:lockVisible arg:null extras: uid =10072 pid =2143
03-24 18:01:01.987  1645  3092 I WindowManager: setActivityVisibleInFingerBoost callingPid: 2572
03-24 18:01:01.988  1645  3092 I WindowManager: send SET_LAUNCHER_VISIBLE_IN_FINGER_BOOST visible: false,delay:50, handle:true, userId:0, callingPid: 2572
03-24 18:01:01.987  1645  2060 I WiFi_PRO_WifiProStateMachine: handleDeviceScreenOff enter
03-24 18:01:01.997  1645  3092 I WindowManager: dispatchResized : win = Window{856d705 u0 StatusBar} drawState = DRAW_PENDING
03-24 18:01:01.998   718  1468 I asd_out_fwk: L = [0], R = [0], continus 20 times, Device = 0x2
03-24 18:01:02.001  1645  3092 I WindowManager: Changing focus from null to Window{856d705 u0 StatusBar} displayId=0 Callers=com.android.server.wm.RootWindowContainer.updateFocusedWindowLocked:6666996 com.android.server.wm.WindowManagerService.updateFocusedWindowLocked:6666472 com.android.server.wm.WindowManagerService.relayoutWindow:6268588 com.android.server.wm.Session.relayout:6273284 
03-24 18:01:02.003  1645  3092 I HwDisplayContentEx: currentFocus windowstate not null
03-24 18:01:02.003  1645  1749 D StatusBarManagerService: win:Window{856d705 u0 StatusBar}mIsColorEnable:truelight:false
03-24 18:01:02.003  1645  3092 D ZrHung.AppEyeFocusWindow: FocusWindowErrorScene cancelCheckFreezeScreen
03-24 18:01:02.003  1645  3092 I HwDisplayContentEx: trans currentFocus windowstate not null
03-24 18:01:02.003  1645  1749 I StatusBarDisable: setFlags what=0 which=1 pkg=Window{856d705 u0 StatusBar}
03-24 18:01:02.003  1645  3092 D ZrHung.AppEyeTransparentWindow: TransparentWindow mHungConfigStatus = 0,mHungConfigEnable = 1
03-24 18:01:02.003   716   716 E TS_Service: hwTsSetAftConfig
03-24 18:01:02.003   716   716 I TS_HAL  : ts_set_aft_config:called
03-24 18:01:02.003  2143 20525 D HwCommandQueue: CommandQueue, set Launcher StatusBar Color
03-24 18:01:02.004   877   923 I         : begin, cmd[0], flag[16]
03-24 18:01:02.005  1645  1931 D HwActivityManagerServiceEx: notifyAppToTop pid:2143, enable:1
03-24 18:01:02.005   877   923 I         : Excute:74: cmd=aftouch.config.str, param=version:1+state:locked
03-24 18:01:02.005   877   923 I aptouch_daemon: aftouch.config.str, 1, version:1+state:locked
03-24 18:01:02.005  1645  1931 D HwActivityManagerServiceEx: notifyAppToTop pid:2572, enable:0
03-24 18:01:02.005  1645  1783 I PowerManagerService: handleSandman: wakefulness: 0,startDreaming: false
03-24 18:01:02.005   716   716 I aptouch_daemon, [aptouch_interface_client]: ret = delegate cmd to work_queue
03-24 18:01:02.006   877  2011 I aptouch_daemon: work_thread, CmdsWorkQueue excuting: aftouch.config.str
03-24 18:01:02.006   877  2011 I aptouch_daemon: thp_cmd_set_aftouch_config_str, version:1+state:locked
03-24 18:01:02.006   877  2011 I aptouch_daemon: aft_set_config_str, version:1+state:locked
03-24 18:01:02.006  2572  2572 I RmeSchedManager: init Rme, version is: v1.0
03-24 18:01:02.009  2143  2143 I RmeSchedManager: init Rme, version is: v1.0
03-24 18:01:02.010  2143  2143 I RtgSchedEvent: current pid:2143 AppType:255
03-24 18:01:02.012   723  1638 W BufferQueueProducer: [StatusBar#0]:1390: disconnect: not connected (req=1)
03-24 18:01:02.012  2143  2937 W libEGL  : EGLNativeWindowType 0x7144a1ad90 disconnect failed
03-24 18:01:02.015  2143  2937 D mali_winsys: EGLint new_window_surface(egl_winsys_display *, void *, EGLSurface, EGLConfig, egl_winsys_surface **, EGLBoolean) returns 0x3000
03-24 18:01:02.022  1645  1992 D GnssLocationProvider: receive broadcast intent, action: android.intent.action.SCREEN_OFF
03-24 18:01:02.023  1645  1992 D GnssLocationProvider: WakeLock acquired by sendMessage(<Unknown>, 0, null)
03-24 18:01:02.024  1645  1783 I PowerManagerService: handleSandman: wakefulness: 0,startDreaming: false
03-24 18:01:02.026  2143  2143 I PanelBar: go state: 1->2
03-24 18:01:02.026  2143  2143 I HwPanelWakeUpControl: updateNotificationPanelState: true, origin: false
03-24 18:01:02.026  2143  2143 I HwPanelWakeUpControl: finish show panel: 1
03-24 18:01:02.026  2143  2143 I HwPanelWakeUpControl: updateDisplayState => mLastDisplayState: 0, mCurrentDisplayState: 1, isShow: true
03-24 18:01:02.026  2143  2143 I HwPanelWakeUpControl: updatePanelExpandState isExpand: false, mIsPanelExpand: false, mIsControlCenterShow: false
03-24 18:01:02.028  1645  1992 I GnssLocationProvider: disableGpsForPowerManager:false
03-24 18:01:02.028  1645  3092 W ActivityManager: Sending non-protected broadcast com.android.systemui.statusbar.visible.change from system 2143:com.android.systemui/u0a72 pkg com.android.systemui
03-24 18:01:02.028  1645  3092 W ActivityManager: Sending non-protected broadcast com.android.systemui.statusbar.visible.change from system 2143:com.android.systemui/u0a72 pkg com.android.systemui
03-24 18:01:02.030  1645  1992 D GnssLocationProvider: WakeLock released by handleMessage(<Unknown>, 0, null)
03-24 18:01:02.031  4875  5529 I CAWARENESS_AndroidBroadcastAbility: onReceive Intent { act=com.android.systemui.statusbar.visible.change flg=0x10 (has extras) }
03-24 18:01:02.031  4875  5529 I CAWARENESS_AbilityContext: [1679652062295] publishing {dataId=100000111, mode=0}
03-24 18:01:02.031  2514  3518 I DeviceStateService: statusBar state true
03-24 18:01:02.031  4875  5529 I CAWARENESS_AbilityContext: [1679652062295] subscribe list is empty, ignore this publish
03-24 18:01:02.032  2514  3648 I PG_ash  : not care state bar change
03-24 18:01:02.030  1645  1783 I PowerManagerService: handleSandman: wakefulness: 0,startDreaming: false
03-24 18:01:02.036  1645  1761 I HwActivityTaskManagerServiceEx: OverscanTimeout run
03-24 18:01:02.038  1645  1751 I WindowManager: handle SET_LAUNCHER_VISIBLE_IN_FINGER_BOOST visible:false handle:trueuserId:0, currentUserId:0
03-24 18:01:02.038  1645  1751 D WindowManager: setLauncherVisibleInFingerBoost record=ActivityRecord{84cbe48 u0 com.huawei.android.launcher/.unihome.UniHomeLauncher t1}
03-24 18:01:02.038  1645  1751 I WindowManager: setLauncherVisible setAlpha to 0.0
03-24 18:01:02.040  1645  1751 D WindowManager: setLauncherVisible wallpaperScale=true
03-24 18:01:02.071   723  1638 W BufferQueueProducer: [NavigationBar0#0]:1390: disconnect: not connected (req=1)
03-24 18:01:02.071  2143  2937 W libEGL  : EGLNativeWindowType 0x70ffdafc10 disconnect failed
03-24 18:01:02.073  1645  3092 E WindowManager: win=Window{852e3ad u0 NavigationBar0} destroySurfaces: appStopped=true win.mWindowRemovalAllowed=false win.mRemoveOnExit=false
03-24 18:01:02.081  1645  3092 W ActivityManager: Sending non-protected broadcast com.android.keyguard.keyguardlocked from system 2143:com.android.systemui/u0a72 pkg com.android.systemui
03-24 18:01:02.109  2514  3518 I ScenarioService: check surface view pkg: com.huawei.android.launcher
03-24 18:01:02.111  2143  2143 I StatusBarDebug: updateIsKeyguard mStatusBarStateController.isKeyguardRequested=true,keyguardForDozing=false,mDozingRequested=false,mDeviceInteractive=false,isGoingToSleep=false,isScreenFullyOff=true,mIsKeyguard=true,wakeAndUnlocking=false,getScreenState=0
03-24 18:01:02.114  2143  2143 W StatusBar: disable<e i a s b H!R!c S!> disable2<Q i n >
03-24 18:01:02.122  2143  2143 W StatusBar: disable<e i a s b H R c S > disable2<Q i n >
03-24 18:01:02.122  2143  2143 I HwCtrlCtr: ControlCenterImpl: root view is gone, return
03-24 18:01:02.126   723  1772 W BufferQueueProducer: [GestureNavLeft#0]:1390: disconnect: not connected (req=1)
03-24 18:01:02.127  1645  2075 W libEGL  : EGLNativeWindowType 0x71871e8150 disconnect failed
03-24 18:01:02.128  1645  1934 E WindowManager: win=Window{7f72e5d u0 GestureNavLeft} destroySurfaces: appStopped=true win.mWindowRemovalAllowed=false win.mRemoveOnExit=false
03-24 18:01:02.136  2315  2566 I OllieMsgCenter: publishEvt=2130903100
03-24 18:01:02.137  2315  2566 I KernelQoeChr: KernelQoeChrhandleMessage : msg = 2130903100
03-24 18:01:02.137  2315  2566 I KernelQoeChr: updateScreenState mIsScreenOn:false
03-24 18:01:02.138  2315  2566 E Booster_DollieCore: [setDollieUnsolEnabled]setDollieUnsolEnabled modem not support
03-24 18:01:02.138  2315  2566 E Booster_BroadcastProxy: [isDataOn]isDataOn failed, invalid slotId=-1
03-24 18:01:02.138  2315  2566 I DsduChr : screen off
03-24 18:01:02.138  2315  2566 I SpeedTestNotifier: is not speed test scene, send 0 to IAware
03-24 18:01:02.138  2315  2566 I SmartDualCardTrafficManager: startScreenOffTimer
03-24 18:01:02.139   723  1772 W BufferQueueProducer: [GestureNavRight#0]:1390: disconnect: not connected (req=1)
03-24 18:01:02.140  1645  2075 W libEGL  : EGLNativeWindowType 0x7280721e10 disconnect failed
03-24 18:01:02.144  1645  1783 I PowerManagerService: handleSandman: wakefulness: 0,startDreaming: false
03-24 18:01:02.147  1645  1934 E WindowManager: win=Window{84d04b1 u0 GestureNavRight} destroySurfaces: appStopped=true win.mWindowRemovalAllowed=false win.mRemoveOnExit=false
03-24 18:01:02.157  2315  2566 E OllieTelephony: sendFullData err:-2
03-24 18:01:02.157  2315  2566 E MsdpMovementManager: screen off, re enable msdp movement state report
03-24 18:01:02.157  2315  2566 I HwMSDPMovementManager: getSupportedMovements
03-24 18:01:02.160  2315  2566 I HwMSDPMovementManager: enableMovementEvent type =0
03-24 18:01:02.160  1645  1783 I PowerManagerService: handleSandman: wakefulness: 0,startDreaming: false
03-24 18:01:02.164  2431  2610 D HwWifiStatStore: updateScreen : false
03-24 18:01:02.168  2431  2610 I WifiStatController: not need report or sync
03-24 18:01:02.169  2315  2566 I HwMSDPMovementManager: enableMovementEvent type =0
03-24 18:01:02.177  2315  2566 I HwMSDPMovementManager: enableMovementEvent type =0
03-24 18:01:02.181  2462  2462 I ChannelQualityMonitor: eventReceiver the screen is off!
03-24 18:01:02.181  2462  2820 I ChannelQualityMonitor: already cancel alarm!
03-24 18:01:02.183  2315  2566 I HwMSDPMovementManager: enableMovementEvent type =0
03-24 18:01:02.185  2462  2462 I UniBleManager: onReceive: ACTION_SCREEN_OFF
03-24 18:01:02.185  2462  2462 E UniBleManager: recover: mUniBleHandler is null
03-24 18:01:02.186  2462  2462 I DeviceMonitorService: start deal:action is android.intent.action.SCREEN_OFF
03-24 18:01:02.186  2462  2832 I DeviceMonitorService: DMS start deal:action is android.intent.action.SCREEN_OFF
03-24 18:01:02.186  2462  2832 I DeviceMonitorService: Screen off, stop alarm
03-24 18:01:02.186  2462  2832 D UniBleUtils: unpublishServiceForPC: 
03-24 18:01:02.186  2462  2832 E UniBleManager: unpublishService: moduleName: com.huawei.nearby publishId: 0
03-24 18:01:02.186  2462  2832 E UniBleManager: unpublishService: mUniBleHandler is null
03-24 18:01:02.186  2462  2832 I MonitorStrategy: condition change screen false
03-24 18:01:02.186  2462  2934 I ElectionHeartbeatInfo: reset current master weight=2507
03-24 18:01:02.186  2462  2934 W MonitorStrategy: condition heartbeat bluetooth off
03-24 18:01:02.187  2462  2934 I ElectionHeartbeatInfo: reset current master weight=2507
03-24 18:01:02.187  2462  2934 I MonitorStrategy: checkMetaDeviceCondition, not isBluetoothOn
03-24 18:01:02.187  2462  2934 I MonitorStrategy: bleEnabled is false and not BluetoothBusy or isMovedState, set all MetaDevice OFFLINE
03-24 18:01:02.187  2462  2934 I DeviceRepository: setAllMetaDeviceOffline, meta online device count=0
03-24 18:01:02.187  2462  2934 W MonitorStrategy: condition tick screen off
03-24 18:01:02.187  2462  2934 I MonitorStrategy: remove ALL MSG_CHECKOFFLINE_THE_DEVICE message and MSG_NORMAL_TICK_AFTER_PERFORMANCE, bleBackGround=false, isScreenOn=false
03-24 18:01:02.187  2462  2934 I SensorhubApi: isSupportSensorAdvertiseFilter
03-24 18:01:02.187  2462  2934 W BluetoothAdapter: getBluetoothService() called with no BluetoothManagerCallback
03-24 18:01:02.187  2462  2934 D BluetoothDeviceAdapterEx: isSupportSensorAdvertisFilter got null service
03-24 18:01:02.187  2462  2934 I BluetoothAdvFilterEx: isSupportSensorAdvertisFilter support:false
03-24 18:01:02.187  2462  2934 I SensorhubApi: isSupportSensorAdvertiseFilter false
03-24 18:01:02.187  2462  2934 I HeartbeatMonitor: heartbeat enable=false, screen=false
03-24 18:01:02.187  2462  2934 I HeartbeatMonitor: remove check offline msg
03-24 18:01:02.189  2572  2572 I HwLauncher: ContinuityFolderManager  the init current continuityFolder id is : 15
03-24 18:01:02.189  2572 30458 I CloudFolderApiClientImpl: HiFolderSdk [2023-03-24 18:01:02.189 I/CloudFolderApiClientImpl 2572:294 CloudFolderApiClientImpl.java:218] Enter disconnect, Connection Status: 1
03-24 18:01:02.190  2572  2572 I HwLauncher: ContinuityFolderManager refreshAllContinuityInfo need connect
03-24 18:01:02.190  2572  2572 I CloudFolderApiClientImpl: HiFolderSdk [2023-03-24 18:01:02.190 I/CloudFolderApiClientImpl 2572:1 CloudFolderApiClientImpl.java:201] In connect, isHuaweiMobileServicesAvailable result: 0
03-24 18:01:02.193  2514  3518 I StateActionFactory: not make action for msgId: 377
03-24 18:01:02.195  2315  2566 I HwMSDPMovementManager: enableMovementEvent type =0
03-24 18:01:02.195  2752  2752 I ProcessUtil: [I/HMSCore/ProcessUtil 2752:1 SourceFile:2] Process = com.huawei.hwid.persistent
03-24 18:01:02.196  2752  2752 I ScreenOffBroadcastReceiver: [I/HMSCore/ScreenOffBroadcastReceiver 2752:1 SourceFile:1] Receive ScreenOffBroadcastReceiver, process name:com.huawei.hwid.persistent
03-24 18:01:02.196  2752  2752 I ProcessUtil: [I/HMSCore/ProcessUtil 2752:1 SourceFile:2] Process = com.huawei.hwid.persistent
03-24 18:01:02.196  2752  2752 I ProcessUtil: [I/HMSCore/ProcessUtil 2752:1 SourceFile:2] Process = com.huawei.hwid.persistent
03-24 18:01:02.196  2752  2752 I ScreenOffBroadcastReceiver: [I/HMSCore/ScreenOffBroadcastReceiver 2752:1 SourceFile:8] Receive ScreenOffBroadcastReceiver end
03-24 18:01:02.202  2315  2566 I HwMSDPMovementManager: enableMovementEvent type =0
03-24 18:01:02.208  2572  2572 I CloudFolderApiClientImpl: HiFolderSdk [2023-03-24 18:01:02.207 I/CloudFolderApiClientImpl 2572:1 CloudFolderApiClientImpl.java:327] bind service result=true
03-24 18:01:02.208 21403 21403 I HiFolderCoreService: HiFolder [2023-03-24 18:01:02.208 I/HiFolderCoreService 21403:1 null:4] onCreate called
03-24 18:01:02.210  1645  2792 D HwConnectivityServiceEx: set 1000 wlan0 value false
03-24 18:01:02.210  2514  3518 I StateActionFactory: not make action for msgId: 377
03-24 18:01:02.210  2514  3603 I PGServer: report state:12 event type:1 pid:-1 uid:0 pkg:com.huawei.hifolder#5412912 to pid: 1645
03-24 18:01:02.210  2514  3518 I AppResManager: Request interaction :{com.huawei.hifolder com.huawei.hifolder 65535 5412912 3612912 0}
03-24 18:01:02.211  2514  3648 I Network_Policy: com.huawei.hifolder, resType: 65535, isRequestInteraction: true
03-24 18:01:02.211  2514  2569 I PowerKit_Impl: apply pkg: com.huawei.hifolder resource:65535 timeout:1800000 reason:download app
03-24 18:01:02.211   718 17824 D AudioPolicyService: getUidState(10086) cacheIter->second.first, return cacheIter->second.second(20)
03-24 18:01:02.216  2514  3603 I PGServer: report state:12 event type:1 pid:-1 uid:0 pkg:com.huawei.hifolder#5412913 to pid: 1645
03-24 18:01:02.216  2514  2569 I AppResManager: Request interaction :{com.huawei.hifolder com.huawei.hifolder 65535 5412913 3612912 0}
03-24 18:01:02.216  2514  3648 I Network_Policy: com.huawei.hifolder, resType: 65535, isRequestInteraction: true
03-24 18:01:02.216  2315  2566 I HwMSDPMovementManager: enableMovementEvent type =0
03-24 18:01:02.218   656 23550 I chatty  : uid=1000(system) HwBinder:656_2 expire 198 lines
03-24 18:01:02.218  2350  2350 I ProcessUtil: [I/HMSCore/ProcessUtil 2350:1 SourceFile:2] Process = com.huawei.hwid.core
03-24 18:01:02.219  2350  3811 D LogWrite: logDirPath or logFileName is empty
03-24 18:01:02.219  2350  2350 I ScreenOffBroadcastReceiver: [I/HMSCore/ScreenOffBroadcastReceiver 2350:1 SourceFile:1] Receive ScreenOffBroadcastReceiver, process name:com.huawei.hwid.core
03-24 18:01:02.219  2660 30460 I NetworkKit_a: 2660-30460|null|com.huawei.hms.framework.network.grs.a|a|5|get url from sp is not empty.
03-24 18:01:02.220  2350  3811 D LogWrite: logDirPath or logFileName is empty
03-24 18:01:02.220  2350  2350 I ProcessUtil: [I/HMSCore/ProcessUtil 2350:1 SourceFile:2] Process = com.huawei.hwid.core
03-24 18:01:02.220  2350  3811 D LogWrite: logDirPath or logFileName is empty
03-24 18:01:02.220  2350  2350 I ProcessUtil: [I/HMSCore/ProcessUtil 2350:1 SourceFile:2] Process = com.huawei.hwid.core
03-24 18:01:02.220  2350  2350 I ScreenOffBroadcastReceiver: [I/HMSCore/ScreenOffBroadcastReceiver 2350:1 SourceFile:8] Receive ScreenOffBroadcastReceiver end
03-24 18:01:02.220   656   680 I chatty  : uid=1000(system) activity_recogn expire 15 lines
03-24 18:01:02.220  2350  3811 D LogWrite: logDirPath or logFileName is empty
03-24 18:01:02.220  2350  3811 D LogWrite: logDirPath or logFileName is empty
03-24 18:01:02.225  2315  2566 I HwMSDPMovementManager: enableMovementEvent type =0
03-24 18:01:02.229 21403 21403 I HwPowerKitManager: HiFolder [2023-03-24 18:01:02.227 I/HwPowerKitManager 21403:1 null:34] apply succeed
03-24 18:01:02.232  1645  1775 D ActivityManager: setPrivilegeType r: ServiceRecord{8568ce9 u0 com.huawei.hifolder/.core.service.HiFolderCoreService}, interfaceDescriptor : com.huawei.hifolder.framework.aidl.IAIDLInvoke
03-24 18:01:02.234  2315  2566 I HwMSDPMovementManager: enableMovementEvent type =0
03-24 18:01:02.242  2315  2566 I HwMSDPMovementManager: enableMovementEvent type =0
03-24 18:01:02.242  2660 30460 E AntimalPlugin: AntiFraudManager:Url select error.
03-24 18:01:02.243  2660 30460 E AntimalPlugin: AntiFraudManager:Download FraudListFile failed
03-24 18:01:02.251  2315  2566 I HwMSDPMovementManager: enableMovementEvent type =0
03-24 18:01:02.258  2315  2566 I HwMSDPMovementManager: enableMovementEvent type =0
03-24 18:01:02.262  2572  2572 I ndroid.launche: Explicit concurrent copying GC freed 36391(1882KB) AllocSpace objects, 5(124KB) LOS objects, 50% free, 6037KB/11MB, paused 127us total 53.252ms
03-24 18:01:02.263  2572  2572 I CloudFolderApiClientImpl: HiFolderSdk [2023-03-24 18:01:02.263 I/CloudFolderApiClientImpl 2572:1 CloudFolderApiClientImpl.java:393] Enter sendConnectApiServceRequest.
03-24 18:01:02.264  2315  3141 I Hicom_Monitor: notifyScreenStatusChanged: status:7
03-24 18:01:02.264  2315  3141 D ParaManager: onScreenStatusChanged, status:7
03-24 18:01:02.264  2315  3141 D ParaManager: updateScreenStatus screenStatus = 2
03-24 18:01:02.264  2315  3141 D HighSpeedDevicesManager: onScreenStatusChanged, status:7
03-24 18:01:02.264  2315  3141 D HighSpeedDevicesManager: onScreenStatusChanged, screenStatus:2
03-24 18:01:02.267  2572  2597 W System  : A resource failed to call release. 
03-24 18:01:02.268  2315  3141 D HighSpeedDevicesManager: reportScreenState CONNECTED_DEVICE_STATE_OFF.
03-24 18:01:02.268  2315  3141 D FiControl: onScreenStatusChanged, status = 7
03-24 18:01:02.269 21403 21440 I ApkUtil : HiFolder [2023-03-24 18:01:02.268 I/ApkUtil 21403:1087 null:101] checkSignature not droi device
03-24 18:01:02.269 21403 21440 I ConnectRequest: HiFolder [2023-03-24 18:01:02.269 I/ConnectRequest 21403:1087 null:78] folderCatInfo getCat:0 folderCatInfo getCatName:TopApps
03-24 18:01:02.269 21403 21440 I ConnectRequest: HiFolder [2023-03-24 18:01:02.269 I/ConnectRequest 21403:1087 null:78] folderCatInfo getCat:15 folderCatInfo getCatName:HotApp
03-24 18:01:02.270 21403 21440 I ConnectRequest: HiFolder [2023-03-24 18:01:02.270 I/ConnectRequest 21403:1087 null:234] connectInfo haveInstalledApps:true, isForceConnect:false
03-24 18:01:02.270 21403 21440 I ConnectInfo: HiFolder [2023-03-24 18:01:02.270 I/ConnectInfo 21403:1087 null:21] isForegroundEntry entryType = 1
03-24 18:01:02.270 21403 21440 I ConnectInfo: HiFolder [2023-03-24 18:01:02.270 I/ConnectInfo 21403:1087 null:21] isForegroundEntry entryType = 1
03-24 18:01:02.270 21403 21440 I ConnectRequest: HiFolder [2023-03-24 18:01:02.270 I/ConnectRequest 21403:1087 null:258] HiFolder background start
03-24 18:01:02.270  2315  2566 E BoosterUtil: convertSubIdToSlotId failed, subId:0, slotId:-1
03-24 18:01:02.270  2315  2566 E BoosterUtil: getDefaultDataSlotId failed, invalid slotId:-1, subId:0
03-24 18:01:02.271  2315  2566 E BoosterUtil: convertSubIdToSlotId failed, subId:0, slotId:-1
03-24 18:01:02.271  2315  2566 E BoosterUtil: getDefaultDataSlotId failed, invalid slotId:-1, subId:0
03-24 18:01:02.271  2315  2566 E BoosterGameP: inValidCQI:-1
03-24 18:01:02.271  1645  8867 I WiFi_PROMatterAppRecommend: callBack, receive booster callback type 10
03-24 18:01:02.271  2315  2566 E BoosterUtil: convertSubIdToSlotId failed, subId:0, slotId:-1
03-24 18:01:02.271  1645  2060 I WiFi_PROMatterAppRecommend: handleMessage, message.what=2
03-24 18:01:02.271  2315  2566 E BoosterUtil: getDefaultDataSlotId failed, invalid slotId:-1, subId:0
03-24 18:01:02.272  2315  2566 E BoosterUtil: convertSubIdToSlotId failed, subId:0, slotId:-1
03-24 18:01:02.272  2315  2566 E BoosterUtil: getDefaultDataSlotId failed, invalid slotId:-1, subId:0
03-24 18:01:02.272 21403 21440 I ConnectRequest: HiFolder [2023-03-24 18:01:02.271 I/ConnectRequest 21403:1087 null:37] backgroundStartup appMarketHomeCountryFromSp from sp is null
03-24 18:01:02.272  2315  2566 E BoosterUtil: convertSubIdToSlotId failed, subId:0, slotId:-1
03-24 18:01:02.272  2315  2566 E BoosterUtil: getDefaultDataSlotId failed, invalid slotId:-1, subId:0
03-24 18:01:02.272  2315  2566 E BoosterUtil: convertSubIdToSlotId failed, subId:0, slotId:-1
03-24 18:01:02.272  2315  2566 E BoosterUtil: getDefaultDataSlotId failed, invalid slotId:-1, subId:0
03-24 18:01:02.272  1645  1783 I PowerManagerService: handleSandman: wakefulness: 0,startDreaming: false
03-24 18:01:02.273  2315  2566 E BoosterUtil: convertSubIdToSlotId failed, subId:0, slotId:-1
03-24 18:01:02.273  2315  2566 E BoosterUtil: getDefaultDataSlotId failed, invalid slotId:-1, subId:0
03-24 18:01:02.273 21403 21440 I HomeCountryUtils: HiFolder [2023-03-24 18:01:02.272 I/HomeCountryUtils 21403:1087 null:42] getHomeCountry from vendor----CN
03-24 18:01:02.273 21403 21440 I ConnectRequest: HiFolder [2023-03-24 18:01:02.273 I/ConnectRequest 21403:1087 null:48] HiFolder DisAgreePact
03-24 18:01:02.273  2315  2566 E BoosterUtil: convertSubIdToSlotId failed, subId:0, slotId:-1
03-24 18:01:02.273  2315  2566 E BoosterUtil: getDefaultDataSlotId failed, invalid slotId:-1, subId:0
03-24 18:01:02.273  2315  2566 E BoosterUtil: convertSubIdToSlotId failed, subId:0, slotId:-1
03-24 18:01:02.273  2315  2566 E BoosterUtil: getDefaultDataSlotId failed, invalid slotId:-1, subId:0
03-24 18:01:02.273  2315  2566 I DeepNoDisturbSM: setScreenState isScreenOn=false
03-24 18:01:02.274  2315  2566 E BoosterUtil: convertSubIdToSlotId failed, subId:0, slotId:-1
03-24 18:01:02.274  2315  2566 E BoosterUtil: getDefaultDataSlotId failed, invalid slotId:-1, subId:0
03-24 18:01:02.274  2315  2566 E BoosterUtil: convertSubIdToSlotId failed, subId:0, slotId:-1
03-24 18:01:02.274  2315  2566 E BoosterUtil: getDefaultDataSlotId failed, invalid slotId:-1, subId:0
