03-24 18:01:02.556   656 23550 I ArHal   : (ArDataEnableActivityEvent:727):successfully
03-24 18:01:02.556   656 23550 I ArHal   : (ArDataGetState:1471):id[2]
03-24 18:01:02.558   656   680 I ArHal   : (ArDataNetlinkCb:942):cmd[2].length[240]
03-24 18:01:02.558   656 23550 W ArHal   : (ArDataGetActivityIndex:248):invalid activity[63]
03-24 18:01:02.558   656 23550 W ArHal   : (ArDataGetState:1502):unknown activity[63], discard
03-24 18:01:02.558   656 23550 I AR_impl : enableActivityEvent end, pid[2414]
03-24 18:01:02.558   656 23550 I ArHal   : (ArDataGetState:1471):id[2]
03-24 18:01:02.558  2350  3811 D LogWrite: logDirPath or logFileName is empty
03-24 18:01:02.559  2350  3811 W LogWrite: logDirPath or logFileName is empty
03-24 18:01:02.559   656 23550 W ArHal   : (ArDataGetActivityIndex:248):invalid activity[63]
03-24 18:01:02.559   656 23550 W ArHal   : (ArDataGetState:1502):unknown activity[63], discard
03-24 18:01:02.559   656 23550 E AR_impl : getCurrentActivityV1_1: mImpl V1_1 getCurrentActivity error size(0)
03-24 18:01:02.560  2350  2350 I HwMSDPMovementManager: enableMovementEvent type =0
03-24 18:01:02.561   656   681 I AR_impl : able to onActivityChangedV1_1
03-24 18:01:02.561   656   681 I AR_impl : ActChangedCb end, pid[656]
03-24 18:01:02.561   656   681 I AR_impl : ActChangedCb start count[10]
03-24 18:01:02.562   656 23550 I AR_impl : enableActivityEvent activity[5], event[1] reportLatency[200000000000]ns
03-24 18:01:02.562   656 23550 I ArHal   : (ArEnableActivityEvent:1553):activity[5] event[1] latency[200000000000 ns]
03-24 18:01:02.562   656 23550 I ArHal   : (ArDataUpdateActivityEvent:522):update [10] events
03-24 18:01:02.562   656 23550 I ArHal   : (ArDataEnableActivityEvent:727):successfully
03-24 18:01:02.562   656 23550 I ArHal   : (ArDataGetState:1471):id[2]
03-24 18:01:02.564   656   680 I ArHal   : (ArDataNetlinkCb:942):cmd[2].length[240]
03-24 18:01:02.564   656 23550 W ArHal   : (ArDataGetActivityIndex:248):invalid activity[63]
03-24 18:01:02.564   656 23550 W ArHal   : (ArDataGetState:1502):unknown activity[63], discard
03-24 18:01:02.564   656 23550 I AR_impl : enableActivityEvent end, pid[2414]
03-24 18:01:02.565   656 23550 I ArHal   : (ArDataGetState:1471):id[2]
03-24 18:01:02.566   656 23550 W ArHal   : (ArDataGetActivityIndex:248):invalid activity[63]
03-24 18:01:02.566   656 23550 W ArHal   : (ArDataGetState:1502):unknown activity[63], discard
03-24 18:01:02.566   656 23550 E AR_impl : getCurrentActivityV1_1: mImpl V1_1 getCurrentActivity error size(0)
03-24 18:01:02.567  2350  2350 I HwMSDPMovementManager: enableMovementEvent type =0
03-24 18:01:02.567   656   681 I AR_impl : able to onActivityChangedV1_1
03-24 18:01:02.567   656   681 I AR_impl : ActChangedCb end, pid[656]
03-24 18:01:02.567   656   681 I AR_impl : ActChangedCb start count[10]
03-24 18:01:02.569   656 23550 I AR_impl : enableActivityEvent activity[7], event[1] reportLatency[200000000000]ns
03-24 18:01:02.569   656 23550 I ArHal   : (ArEnableActivityEvent:1553):activity[7] event[1] latency[200000000000 ns]
03-24 18:01:02.569   656 23550 I ArHal   : (ArDataUpdateActivityEvent:522):update [10] events
03-24 18:01:02.570   656 23550 I ArHal   : (ArDataEnableActivityEvent:727):successfully
03-24 18:01:02.570   656 23550 I ArHal   : (ArDataGetState:1471):id[2]
03-24 18:01:02.571   656   680 I ArHal   : (ArDataNetlinkCb:942):cmd[2].length[240]
03-24 18:01:02.572   656 23550 W ArHal   : (ArDataGetActivityIndex:248):invalid activity[63]
03-24 18:01:02.572   656 23550 W ArHal   : (ArDataGetState:1502):unknown activity[63], discard
03-24 18:01:02.572   656 23550 I AR_impl : enableActivityEvent end, pid[2414]
03-24 18:01:02.572   656 23550 I ArHal   : (ArDataGetState:1471):id[2]
03-24 18:01:02.573   656 23550 W ArHal   : (ArDataGetActivityIndex:248):invalid activity[63]
03-24 18:01:02.573   656 23550 W ArHal   : (ArDataGetState:1502):unknown activity[63], discard
03-24 18:01:02.573   656 23550 E AR_impl : getCurrentActivityV1_1: mImpl V1_1 getCurrentActivity error size(0)
03-24 18:01:02.574  2350  2350 I HwMSDPMovementManager: enableMovementEvent type =0
03-24 18:01:02.574   656   681 I AR_impl : able to onActivityChangedV1_1
03-24 18:01:02.574   656   681 I AR_impl : ActChangedCb end, pid[656]
03-24 18:01:02.574   656   681 I AR_impl : ActChangedCb start count[10]
03-24 18:01:02.577   656 23550 I AR_impl : enableActivityEvent activity[7], event[2] reportLatency[200000000000]ns
03-24 18:01:02.577   656 23550 I ArHal   : (ArEnableActivityEvent:1553):activity[7] event[2] latency[200000000000 ns]
03-24 18:01:02.577   656 23550 I ArHal   : (ArDataUpdateActivityEvent:522):update [10] events
03-24 18:01:02.577   656 23550 I ArHal   : (ArDataEnableActivityEvent:727):successfully
03-24 18:01:02.577   656 23550 I ArHal   : (ArDataGetState:1471):id[2]
03-24 18:01:02.579   656   680 I ArHal   : (ArDataNetlinkCb:942):cmd[2].length[240]
03-24 18:01:02.579   656 23550 W ArHal   : (ArDataGetActivityIndex:248):invalid activity[63]
03-24 18:01:02.579   656 23550 W ArHal   : (ArDataGetState:1502):unknown activity[63], discard
03-24 18:01:02.579   656 23550 I AR_impl : enableActivityEvent end, pid[2414]
03-24 18:01:02.580   656 23550 I ArHal   : (ArDataGetState:1471):id[2]
03-24 18:01:02.581   656 23550 W ArHal   : (ArDataGetActivityIndex:248):invalid activity[63]
03-24 18:01:02.581   656 23550 W ArHal   : (ArDataGetState:1502):unknown activity[63], discard
03-24 18:01:02.581   656 23550 E AR_impl : getCurrentActivityV1_1: mImpl V1_1 getCurrentActivity error size(0)
03-24 18:01:02.582  2350  2350 I HwMSDPMovementManager: enableMovementEvent type =0
03-24 18:01:02.583   656   681 I AR_impl : able to onActivityChangedV1_1
03-24 18:01:02.583   656   681 I AR_impl : ActChangedCb end, pid[656]
03-24 18:01:02.583   656   681 I AR_impl : ActChangedCb start count[10]
03-24 18:01:02.583  2350 13516 I MSDPMovementServiceManager: [I/HwLocation/MSDPMovementServiceManager 2350:482 null:31] type is 0, latencyNs is 200000000000
03-24 18:01:02.583  2350  3811 D LogWrite: logDirPath or logFileName is empty
03-24 18:01:02.584  2350 13516 I ActivityTransitionMappingManager: [I/HwLocation/ActivityTransitionMappingManager 2350:482 null:4] compareReturnEventCache
03-24 18:01:02.584  2350 13516 I ActivityTransitionMappingManager: [I/HwLocation/ActivityTransitionMappingManager 2350:482 null:81] movement android.activity_recognition.on_footeventType 2
03-24 18:01:02.584  2350 13516 I ActivityTransitionMappingManager: [I/HwLocation/ActivityTransitionMappingManager 2350:482 null:129] already report , remove it
03-24 18:01:02.584  2350 13516 I ActivityTransitionMappingManager: [I/HwLocation/ActivityTransitionMappingManager 2350:482 null:0] sendActivityTransitionMappingInfo:requestList size:0
03-24 18:01:02.585   656 23550 I AR_impl : enableActivityEvent activity[4], event[1] reportLatency[200000000000]ns
03-24 18:01:02.585   656 23550 I ArHal   : (ArEnableActivityEvent:1553):activity[4] event[1] latency[200000000000 ns]
03-24 18:01:02.585   656 23550 I ArHal   : (ArDataUpdateActivityEvent:522):update [10] events
03-24 18:01:02.585  2350  3811 D LogWrite: logDirPath or logFileName is empty
03-24 18:01:02.585  2350  3811 W LogWrite: logDirPath or logFileName is empty
03-24 18:01:02.585   656 23550 I ArHal   : (ArDataEnableActivityEvent:727):successfully
03-24 18:01:02.585   656 23550 I ArHal   : (ArDataGetState:1471):id[2]
03-24 18:01:02.586   656   680 I ArHal   : (ArDataNetlinkCb:942):cmd[2].length[240]
03-24 18:01:02.587   656 23550 W ArHal   : (ArDataGetActivityIndex:248):invalid activity[63]
03-24 18:01:02.587   656 23550 W ArHal   : (ArDataGetState:1502):unknown activity[63], discard
03-24 18:01:02.587   656 23550 I AR_impl : enableActivityEvent end, pid[2414]
03-24 18:01:02.588   656 23550 I ArHal   : (ArDataGetState:1471):id[2]
03-24 18:01:02.588   656 23550 W ArHal   : (ArDataGetActivityIndex:248):invalid activity[63]
03-24 18:01:02.589   656 23550 W ArHal   : (ArDataGetState:1502):unknown activity[63], discard
03-24 18:01:02.589   656 23550 E AR_impl : getCurrentActivityV1_1: mImpl V1_1 getCurrentActivity error size(0)
03-24 18:01:02.589  2350  2350 I HwMSDPMovementManager: enableMovementEvent type =0
03-24 18:01:02.591   656 23550 I AR_impl : enableActivityEvent activity[4], event[2] reportLatency[200000000000]ns
03-24 18:01:02.591   656 23550 I ArHal   : (ArEnableActivityEvent:1553):activity[4] event[2] latency[200000000000 ns]
03-24 18:01:02.591   656 23550 I ArHal   : (ArDataUpdateActivityEvent:522):update [10] events
03-24 18:01:02.591   656 23550 I ArHal   : (ArDataEnableActivityEvent:727):successfully
03-24 18:01:02.591   656 23550 I ArHal   : (ArDataGetState:1471):id[2]
03-24 18:01:02.593   656 23550 W ArHal   : (ArDataGetActivityIndex:248):invalid activity[63]
03-24 18:01:02.593   656 23550 W ArHal   : (ArDataGetState:1502):unknown activity[63], discard
03-24 18:01:02.593   656 23550 I AR_impl : enableActivityEvent end, pid[2414]
03-24 18:01:02.594   656 23550 I ArHal   : (ArDataGetState:1471):id[2]
03-24 18:01:02.595   656 23550 W ArHal   : (ArDataGetActivityIndex:248):invalid activity[63]
03-24 18:01:02.595   656 23550 W ArHal   : (ArDataGetState:1502):unknown activity[63], discard
03-24 18:01:02.595   656 23550 E AR_impl : getCurrentActivityV1_1: mImpl V1_1 getCurrentActivity error size(0)
03-24 18:01:02.596  2350  2350 I HwMSDPMovementManager: enableMovementEvent type =0
03-24 18:01:02.597  2350 13516 I MSDPMovementServiceManager: [I/HwLocation/MSDPMovementServiceManager 2350:482 null:31] type is 0, latencyNs is 200000000000
03-24 18:01:02.597   656 23550 I AR_impl : enableActivityEvent activity[2], event[1] reportLatency[200000000000]ns
03-24 18:01:02.597   656 23550 I ArHal   : (ArEnableActivityEvent:1553):activity[2] event[1] latency[200000000000 ns]
03-24 18:01:02.597   656 23550 I ArHal   : (ArDataUpdateActivityEvent:522):update [10] events
03-24 18:01:02.598   656 23550 I ArHal   : (ArDataEnableActivityEvent:727):successfully
03-24 18:01:02.598  2350 13516 I ActivityTransitionMappingManager: [I/HwLocation/ActivityTransitionMappingManager 2350:482 null:4] compareReturnEventCache
03-24 18:01:02.598   656 23550 I ArHal   : (ArDataGetState:1471):id[2]
03-24 18:01:02.598  2350 13516 I ActivityTransitionMappingManager: [I/HwLocation/ActivityTransitionMappingManager 2350:482 null:81] movement android.activity_recognition.stilleventType 2
03-24 18:01:02.598  2350 13516 I ActivityTransitionMappingManager: [I/HwLocation/ActivityTransitionMappingManager 2350:482 null:129] already report , remove it
03-24 18:01:02.598  2350 13516 I ActivityTransitionMappingManager: [I/HwLocation/ActivityTransitionMappingManager 2350:482 null:0] sendActivityTransitionMappingInfo:requestList size:0
03-24 18:01:02.598  2350  3811 D LogWrite: logDirPath or logFileName is empty
03-24 18:01:02.599  2350  3811 W LogWrite: logDirPath or logFileName is empty
03-24 18:01:02.599   656 23550 W ArHal   : (ArDataGetActivityIndex:248):invalid activity[63]
03-24 18:01:02.599   656 23550 W ArHal   : (ArDataGetState:1502):unknown activity[63], discard
03-24 18:01:02.599   656 23550 I AR_impl : enableActivityEvent end, pid[2414]
03-24 18:01:02.600   656 23550 I ArHal   : (ArDataGetState:1471):id[2]
03-24 18:01:02.601   656 23550 W ArHal   : (ArDataGetActivityIndex:248):invalid activity[63]
03-24 18:01:02.601   656 23550 W ArHal   : (ArDataGetState:1502):unknown activity[63], discard
03-24 18:01:02.601   656 23550 E AR_impl : getCurrentActivityV1_1: mImpl V1_1 getCurrentActivity error size(0)
03-24 18:01:02.602  2350  2350 I HwMSDPMovementManager: enableMovementEvent type =0
03-24 18:01:02.603   656   681 I AR_impl : able to onActivityChangedV1_1
03-24 18:01:02.603   656   681 I AR_impl : ActChangedCb end, pid[656]
03-24 18:01:02.603   656   680 I ArHal   : (ArDataNetlinkCb:942):cmd[2].length[240]
03-24 18:01:02.603   656   680 I ArHal   : (ArDataNetlinkCb:942):cmd[2].length[240]
03-24 18:01:02.603   656   681 I AR_impl : ActChangedCb start count[30]
03-24 18:01:02.603   656 23550 I AR_impl : enableActivityEvent activity[2], event[2] reportLatency[200000000000]ns
03-24 18:01:02.603   656 23550 I ArHal   : (ArEnableActivityEvent:1553):activity[2] event[2] latency[200000000000 ns]
03-24 18:01:02.603   656 23550 I ArHal   : (ArDataUpdateActivityEvent:522):update [10] events
03-24 18:01:02.604   656 23550 I ArHal   : (ArDataEnableActivityEvent:727):successfully
03-24 18:01:02.604   656 23550 I ArHal   : (ArDataGetState:1471):id[2]
03-24 18:01:02.606   656   680 I ArHal   : (ArDataNetlinkCb:942):cmd[2].length[240]
03-24 18:01:02.606   656 23550 W ArHal   : (ArDataGetActivityIndex:248):invalid activity[63]
03-24 18:01:02.606   656 23550 W ArHal   : (ArDataGetState:1502):unknown activity[63], discard
03-24 18:01:02.606   656 23550 I AR_impl : enableActivityEvent end, pid[2414]
03-24 18:01:02.606   656 23550 I ArHal   : (ArDataGetState:1471):id[2]
03-24 18:01:02.607   656 23550 W ArHal   : (ArDataGetActivityIndex:248):invalid activity[63]
03-24 18:01:02.607   656 23550 W ArHal   : (ArDataGetState:1502):unknown activity[63], discard
03-24 18:01:02.607   656 23550 E AR_impl : getCurrentActivityV1_1: mImpl V1_1 getCurrentActivity error size(0)
03-24 18:01:02.609   656   681 I AR_impl : able to onActivityChangedV1_1
03-24 18:01:02.609   656   681 I AR_impl : ActChangedCb end, pid[656]
03-24 18:01:02.609   656   681 I AR_impl : ActChangedCb start count[10]
03-24 18:01:02.609  2350  2350 I ScreenStatusBroadcastReceiver: [2023-03-24 18:01:02.608 I/LITE_SDK-ScreenStatusBroadcastReceiver] screen off remove Messages
03-24 18:01:02.609  2350 13516 I MSDPMovementServiceManager: [I/HwLocation/MSDPMovementServiceManager 2350:482 null:31] type is 0, latencyNs is 200000000000
03-24 18:01:02.610  2350  2350 I ScreenStatusBroadcastReceiver: [2023-03-24 18:01:02.609 I/LITE_SDK-ScreenStatusBroadcastReceiver] sendEmptyMessageDelayed 5 seconds for screenOff. the result is : true
03-24 18:01:02.610  2350  3811 D LogWrite: logDirPath or logFileName is empty
03-24 18:01:02.610  2350 13516 I ActivityTransitionMappingManager: [I/HwLocation/ActivityTransitionMappingManager 2350:482 null:4] compareReturnEventCache
03-24 18:01:02.610  2350 13516 I ActivityTransitionMappingManager: [I/HwLocation/ActivityTransitionMappingManager 2350:482 null:81] movement android.activity_recognition.walkingeventType 2
03-24 18:01:02.610  2350 13516 I ActivityTransitionMappingManager: [I/HwLocation/ActivityTransitionMappingManager 2350:482 null:129] already report , remove it
03-24 18:01:02.610  2350 13516 I ActivityTransitionMappingManager: [I/HwLocation/ActivityTransitionMappingManager 2350:482 null:0] sendActivityTransitionMappingInfo:requestList size:0
03-24 18:01:02.611   656   681 I AR_impl : able to onActivityChangedV1_1
03-24 18:01:02.611   656   681 I AR_impl : ActChangedCb end, pid[656]
03-24 18:01:02.614  2350  3811 D LogWrite: logDirPath or logFileName is empty
03-24 18:01:02.614  2350  3811 W LogWrite: logDirPath or logFileName is empty
03-24 18:01:02.622  1129  1213 E FusionD : (FdMsgProcessing:965):Msg Id is invalid!
03-24 18:01:02.622  1129  1213 W FusionD : (FdOnLbsMsg:977):Maybe gnss has not start.
03-24 18:01:02.622  1129  1213 I FusionD : (sendScreenState:170):FusdLbs: sendScreenState.
03-24 18:01:02.623 15620 15653 E HwHigeoManager: sendHigeoData final type = 0, result = true
03-24 18:01:02.623 16539 16539 I HiBoard_11.0.25.358_ScreenReceiver: onReceive action android.intent.action.SCREEN_OFF
03-24 18:01:02.623 16539 16539 I HiBoard_11.0.25.358_ScreenOffManager: updateScreenOffObservers
03-24 18:01:02.627 16893 16893 I ProcessUtil: [I/HMSCore/ProcessUtil 16893:1 SourceFile:2] Process = com.huawei.hwid.container2
03-24 18:01:02.628 16893 16893 I ScreenOffBroadcastReceiver: [I/HMSCore/ScreenOffBroadcastReceiver 16893:1 SourceFile:1] Receive ScreenOffBroadcastReceiver, process name:com.huawei.hwid.container2
03-24 18:01:02.628 16893 16893 I ProcessUtil: [I/HMSCore/ProcessUtil 16893:1 SourceFile:2] Process = com.huawei.hwid.container2
03-24 18:01:02.628 16893 16893 I ProcessUtil: [I/HMSCore/ProcessUtil 16893:1 SourceFile:2] Process = com.huawei.hwid.container2
03-24 18:01:02.628 16893 16893 I ScreenOffBroadcastReceiver: [I/HMSCore/ScreenOffBroadcastReceiver 16893:1 SourceFile:8] Receive ScreenOffBroadcastReceiver end
03-24 18:01:02.637 17069 17069 I HiAdSDK.PPSNativeViewViewMonitor:  receive screen state: android.intent.action.SCREEN_OFF
03-24 18:01:02.640 17069 17069 I chatty  : uid=10103(com.huawei.filemanager) identical 3 lines
03-24 18:01:02.641 17069 17069 I HiAdSDK.PPSNativeViewViewMonitor:  receive screen state: android.intent.action.SCREEN_OFF
03-24 18:01:02.641   718 17824 D AudioPolicyService: getUidState(99002) !cacheIter->second.first, return PROCESS_STATE_UNKNOWN
03-24 18:01:02.641   718 17824 D AudioPolicyService: getUidState(10103) !cacheIter->second.first, return PROCESS_STATE_UNKNOWN
03-24 18:01:02.644  2462  2462 W nearby  : BleAdvertiseManager:onScreenOff, do noting!
03-24 18:01:02.649   718  2218 D AudioPolicyService: getUidState(99002) !cacheIter->second.first, return PROCESS_STATE_UNKNOWN
03-24 18:01:02.649   718  2218 D AudioPolicyService: getUidState(10103) !cacheIter->second.first, return PROCESS_STATE_UNKNOWN
03-24 18:01:02.654 21549 21549 I HwHiAIEngine_ScreenListener: ScreenBroadcastReceiver --> ACTION_SCREEN_OFF
03-24 18:01:02.654 21549 21549 I HwHiAIEngine_AiEngineEceProvider: onScreenOff
03-24 18:01:02.654 21549 21549 I HwHiAIEngine_AiEngineEceProvider: dealLock
03-24 18:01:02.670  2143  2143 D TimeKeeper: getTimeTickInfo:[mMillisUntilFinished:0, mHour:0, mMinute:0, mSecond:0]
03-24 18:01:02.670  2143  2143 D TimeKeeper: getTimeTickInfo:[mMillisUntilFinished:0, mHour:0, mMinute:0, mSecond:0]
03-24 18:01:02.672   718  2218 D AudioPolicyService: getUidState(10140) !cacheIter->second.first, return PROCESS_STATE_UNKNOWN
03-24 18:01:02.672  2143  2143 D TimeKeeper: getTimeTickInfo:[mMillisUntilFinished:0, mHour:0, mMinute:0, mSecond:0]
03-24 18:01:02.673   718  2218 D AudioPolicyService: getUidState(10062) !cacheIter->second.first, return PROCESS_STATE_UNKNOWN
03-24 18:01:02.684 26277 26277 I Linker-11.1.1.300-gammaHuaweiRom-LinkerAppEventCenter: event:event.screen_off
03-24 18:01:02.685 26277 30320 I Linker-11.1.1.300-gammaHuaweiRom-AgreementStateMachine: onEvent:event.screen_off
03-24 18:01:02.686 26277 30325 I Linker-11.1.1.300-gammaHuaweiRom-SyncAimReceiptMonitor: enter sync aim receipt monitor
03-24 18:01:02.688  1645  4927 D HwConnectivityServiceEx: set 10062 NULL value false
03-24 18:01:02.688 26277 30521 I Linker-11.1.1.300-gammaHuaweiRom-SyncAimReceiptMonitor: result invalid or no data
03-24 18:01:02.689  1645  4927 D HwConnectivityServiceEx: set 10062 wlan0 value false
03-24 18:01:02.694 28769 28769 E handoff-HandleScreenStatusManager: handleScreenOffDialogEvent
03-24 18:01:02.697   718  2218 D AudioPolicyService: getUidState(10062) !cacheIter->second.first, return PROCESS_STATE_UNKNOWN
03-24 18:01:02.699  1645  1940 I DiagnosisDetector: stop timing
03-24 18:01:02.699  1645  1940 D HwCustPhoneWindowManager: answer call by keyCode = 26, down = true, isSupVolumnkeyAnswerCall = false
03-24 18:01:02.699  1645  1940 I HwPhoneWindowManager: enter wakeupNoteEditor
03-24 18:01:02.701  1645  1940 I WindowManager: telecomManager check ringing, mIncallPowerBehavior = 1,interactive=false
03-24 18:01:02.701  1645  1940 I WindowManager: hungUp=false, mScreenshotChordVolumeDownKeyTriggered=false, mA11yShortcutChordVolumeUpKeyTriggered=false, gesturedServiceIntercepted=false, mPowerKeyHandledByTv=false
03-24 18:01:02.702  2143 20525 I KeyguardService: KGSvcCall doFaceRecognize reason:FCDT-POWERKEY true
03-24 18:01:02.703  1645  1940 D ZrHung.SysHungScreenOn: SysHungScreenOn start
03-24 18:01:02.703  1645  1940 I PowerManagerService: UL_Power Waking up from Asleep (uid=1000, reason=WAKE_REASON_POWER_BUTTON, details=android.policy:POWER)...
03-24 18:01:02.705  1645  1940 I HwPowerManagerService: setColorTemperatureAccordingToSetting new from displayengine.
03-24 18:01:02.705  1645  1940 W HwPowerManagerService: ColorTemperature read from setting failed, and set default values
03-24 18:01:02.705  2514  3518 I SubScenario: power key speed
03-24 18:01:02.706 28979 28979 I SpeakerNetConfigManager: |120004315|100|dispatchAction[android.intent.action.SCREEN_OFF]
03-24 18:01:02.710  1645  1940 I HwPowerManagerService: setColorTemperatureAccordingToSetting and setColorRGB sucessfully:red = 1.0, green = 1.0, blue = 1.0
03-24 18:01:02.710  1645  1940 I PowerManagerService: need acquire DisplaySuspendBlocker
03-24 18:01:02.711  1645  1783 I PowerManagerService: handleSandman: wakefulness: 1,startDreaming: false
03-24 18:01:02.711  1645  1940 I WindowManager: interceptKeyBeforeQueueing: key 26 , result : 0
03-24 18:01:02.714  1645  1645 W UsageStatsService: Event reported without a package name, eventType:15
03-24 18:01:02.719  1645  1645 I WindowManager: UL_Power Started waking up... (why=ON_BECAUSE_OF_USER)
03-24 18:01:02.721  2143 20525 I KeyguardService: KGSvcCall onStartedWakingUp.
03-24 18:01:02.722  1645  3092 I HwLKSS  : getStrongAuthSolution userId:0 weaverFlag 0
03-24 18:01:02.722  1645  3092 I HwLKSS  : getStrongAuthSolution userId:0 flag 0
03-24 18:01:02.722  2143 20525 I HwLockPatternUtilsEx: getStrongAuthSolution userId:0 strongAuthSolution:0
03-24 18:01:02.734  1645  1783 I PowerManagerService: Face Dectect wakeUpInternal type:android.policy:POWER#1000
03-24 18:01:02.735  1645  1783 I DisplayPowerController: LightSensorEnable change false -> true
03-24 18:01:02.735  1645  2080 I SensorService: createSensorEventConnection begin
03-24 18:01:02.735  1645  2080 I SensorService: SensorEventConnection begin
03-24 18:01:02.736  1645  2080 I SensorService: SensorEventConnection end
03-24 18:01:02.736  1645  2080 I SensorService: createSensorEventConnection end
03-24 18:01:02.736  1645  2080 D SensorManager: 0x728c6df120 addFd fd=419
03-24 18:01:02.736  1645  2080 I SensorService: enable begin
03-24 18:01:02.736  1645  2080 I SensorService: batch begin
03-24 18:01:02.737 16321 16321 D IntelliService: onCreate start
03-24 18:01:02.737 16321 16321 D IntelliService: phone type COL-AL10
03-24 18:01:02.737 16321 16321 I CVFaceVision: createDetector init start
03-24 18:01:02.737 16321 16321 D FaceDetectEngine: FacedetectEngine load model begin!
03-24 18:01:02.737 16321 16321 I FrameWork:  ****** LoadModelSync begin ********
03-24 18:01:02.737 16321 16321 E FrameWork: stringCount: 4
03-24 18:01:02.737  1094  1094 E Sensors@1.2-impl: Sensors::batch: sensorHandle: 3, samplingPeriodNs: 300000000, maxReportLatencyNs: 0
03-24 18:01:02.737  1094  1094 I Sensors@1.2-impl: IsConfigParamNeedUpdate: service: 1645, sensor: 3, first set config, create it
03-24 18:01:02.737  1094  1094 I Sensors@1.2-impl: SetReportConfig: the sensor not find, create it
03-24 18:01:02.737  1094  1094 I Sensors@1.2-impl: GetSensorConfig: sensor: 3, Can't get param
03-24 18:01:02.737  1094  1094 I Sensors@1.2-impl: JudgeOptimizeConfig: sensor: 3, oldPeriod: 0, initPeroid: 0
03-24 18:01:02.737  1094  1094 I Sensors@1.2-impl: SetOptimizeConfig: sensor: 3 first setconfig, create it
03-24 18:01:02.737  1094  1094 I Sensors@1.2-impl: GetSampleFifoConfig: sensor: 3, period: 300000000, reportDelay: 0
03-24 18:01:02.737  1094  1094 I SensorHub: batch called handle:3 sampleNs:300000000 latencyNs:0
03-24 18:01:02.737 16321 16321 I FrameWork: facedetect.txt file len: 9133
03-24 18:01:02.737  1094  1094 I SensorHub: in Batch, handle = 3, flags = 0, periodNs = 300000000, timeout = 0
03-24 18:01:02.738 16321 16321 I FrameWork: file read in jni: {
03-24 18:01:02.738 16321 16321 I FrameWork:         "dataType":"FLOAT32",
03-24 18:01:02.738 16321 16321 I FrameWork:         "dataFormat":"RGBA",
03-24 18:01:02.738 16321 16321 I FrameWork:         "loopStart":"NodeDetectPostFace",
03-24 18:01:02.738 16321 16321 I FrameWork:         "loopLists":"NodeLandmarkCrop,NodeLandmarkResize,NodeLandmarkCColor,NodeLandmarkNormalize,NodeLandmarkDllite,NodeModifyRect,NodeLandmarkCrop2,NodeLandmarkResize2,NodeLandmarkCColor2,NodeLandmarkNormalize2,NodeLandmarkDllite2,NodeLandmarkReloc,NodeIsFaceAffineT,NodeIsFaceCrop,NodeIsFaceCColor,NodeIsFaceNormalize,NodeIsFaceDllite,NodePoseAffineT,NodePoseCrop,NodePoseCColor,NodePoseNormalize,NodePoseDllite",
03-24 18:01:02.738 16321 16321 I FrameWork:         "rawInput":"rawImage",
03-24 18:01:02.738 16321 16321 I FrameWork:         "finalOutput":"finalResultDetect;finalResultLandmark;finalResultIsFace;finalResultPose",
03-24 18:01:02.738 16321 16321 I FrameWork:         "node": [
03-24 18:01:02.738 16321 16321 I FrameWork:         {
03-24 18:01:02.738 16321 16321 I FrameWork:             "nodeName": "NodeDetectResize",
03-24 18:01:02.738 16321 16321 I FrameWork:             "operation": "CVLiteResize",
03-24 18:01:02.738 16321 16321 I FrameWork:             "input": "rawImage",
03-24 18:01:02.738 16321 16321 I FrameWork:             "output": "NodeDetectCColor;NodeDetectPostFace",
03-24 18:01:02.738 16321 16321 I FrameWork:             "operationConfig": "dstWidth:400;dstHeight:400;interpolationMode:1"
03-24 18:01:02.738 16321 16321 I FrameWork:         },
03-24 18:01:02.738 16321 16321 I FrameWork:         {
03-24 18:01:02.738 16321 16321 I FrameWork:             "nodeName": "NodeDete
03-24 18:01:02.738 16321 16321 I FrameWork: The json file buffer length read in jni 9133
03-24 18:01:02.738 16321 16321 I FrameWork: cv_faceDetectorModel_09.ms file len: 656920
03-24 18:01:02.743   718  2218 D AudioPolicyService: getUidState(10087) !cacheIter->second.first, return PROCESS_STATE_UNKNOWN
03-24 18:01:02.743   718  2218 D AudioPolicyService: getUidState(10072) cacheIter->second.first, return cacheIter->second.second(6)
03-24 18:01:02.744   718 17824 D AudioPolicyService: getUidState(10147) cacheIter->second.first, return cacheIter->second.second(20)
03-24 18:01:02.745  1645  2080 I SensorService: batch end
03-24 18:01:02.745  1645  2080 I SensorService: enableSensor handle:3, packageName:com.android.server.display.HwLightSensorListener, opPackageName:android , rate=300000000
03-24 18:01:02.745  1645  2080 I SensorService: enable activate begin
03-24 18:01:02.745  1094  1094 I Sensors@1.2-impl: activate-3 enabled-1 fwkOals-1 camOals-0 fwkOcolor-0 camOcolor-0 fwkOtof-0 camOtof-0
03-24 18:01:02.745  1094  1094 I Sensors@1.2-impl: GetTotalOpenCnt: The sensor haven't open
03-24 18:01:02.745  1094  1094 I Sensors@1.2-impl: IsOpenNeedUpdate: service: 1645, sensor: 3, open: 1, openCnt: 0
03-24 18:01:02.745  1094  1094 I SensorHub: Activate, handle: 3, enabled:1, err: 0
03-24 18:01:02.746  1645  2080 I SensorService: enable activate end
03-24 18:01:02.746  1645  2080 I SensorService: enable end
03-24 18:01:02.746  1645  2080 I DE J DES: [effect] LightSensorEnable=true
03-24 18:01:02.746  2143  2143 I StatusBarDebug: updateIsKeyguard mStatusBarStateController.isKeyguardRequested=true,keyguardForDozing=false,mDozingRequested=false,mDeviceInteractive=true,isGoingToSleep=false,isScreenFullyOff=true,mIsKeyguard=true,wakeAndUnlocking=false,getScreenState=0
03-24 18:01:02.747  1645  1783 I DisplayPowerController: ScreenState change 0 -> 1
03-24 18:01:02.748  1645  2018 I DE J HwBrightnessSceneRecognition: [effect] notifyScreenStatus = true
03-24 18:01:02.748  1645  2081 I DE J HwBrightnessSceneRecognition: [effect] enableAr failed, mIsArConnected||mHwMsdpMovementManager||mArActivities is null!
03-24 18:01:02.749  1645  1783 E HwAodManager: setPowerState with HwAodManager not exist!
03-24 18:01:02.749  1645  1783 I DisplayPowerController: mPowerState.mScreenChangedReason: 65537 mPendingRequestLocked.mScreenChangeReason 65537
03-24 18:01:02.749  2143  2143 W StatusBar: disable<e i a s b H R c S > disable2<Q i n >
03-24 18:01:02.749  1645  1783 I WindowManager: UL_Power Screen turning on...
03-24 18:01:02.750  1645  1783 I WindowManager: UL_Power screen Turning On begin...
03-24 18:01:02.750  1645  1783 I KeyguardServiceDelegate: UL_Power onScreenTurningOn(showListener = com.android.server.policy.PhoneWindowManager$2@8444538)
03-24 18:01:02.750  1645  1783 I HwProximitySensorDetector: HwBrightnessProximity updateWakeupFromSleep,isWakeupFromSleep=true
03-24 18:01:02.750  2143  2143 W StatusBar: disable<e i a s b H R c S > disable2<Q i n >
03-24 18:01:02.750  2143  2143 I HwCtrlCtr: ControlCenterImpl: root view is gone, return
03-24 18:01:02.750  1645  1783 I SensorService: createSensorEventConnection begin
03-24 18:01:02.750  1645  1783 I SensorService: SensorEventConnection begin
03-24 18:01:02.750  1645  1783 I SensorService: SensorEventConnection end
03-24 18:01:02.750  1645  1783 I SensorService: createSensorEventConnection end
03-24 18:01:02.750  1645  1783 D SensorManager: 0x715612f8a0 addFd fd=112
03-24 18:01:02.750  2143 20525 I KeyguardService: KGSvcCall onScreenTurningOn.
03-24 18:01:02.750  1645  1783 I SensorService: enable begin
03-24 18:01:02.751  1645  1783 I SensorService: batch begin
03-24 18:01:02.751  1645  1783 I SensorService: batch end
03-24 18:01:02.751  1645  1783 I SensorService: enableSensor handle:3, packageName:com.android.server.display.AutomaticBrightnessController, opPackageName:android , rate=300000000
03-24 18:01:02.751  1645  1783 I SensorService: enable activate begin
03-24 18:01:02.751  1645  1783 I SensorService: enable activate end
03-24 18:01:02.751  1645  1783 I SensorService: enable end
03-24 18:01:02.751  1645  1783 I HwBrightnessSceneController: updateLightSensorEnabled LightSensorEnabled=true
03-24 18:01:02.751  2143  2143 D TimeKeeper: getTimeTickInfo:[mMillisUntilFinished:0, mHour:0, mMinute:0, mSecond:0]
03-24 18:01:02.751  2143  2143 D TimeKeeper: getTimeTickInfo:[mMillisUntilFinished:0, mHour:0, mMinute:0, mSecond:0]
03-24 18:01:02.751  1645  2066 I SensorService: createSensorEventConnection begin
03-24 18:01:02.751  1645  2066 I SensorService: SensorEventConnection begin
03-24 18:01:02.751  1645  1783 I DisplayPowerController: Animating brightness: target=-1, rate=0,brightnessTargetReal=-1,AutoBrightness=true
03-24 18:01:02.751  1645  1783 V DisplayPowerController: Brightness [-1] reason changing to: '0 [ auto_adj ]', previous reason: 'screen_off'.
03-24 18:01:02.751  1645  2066 I SensorService: SensorEventConnection end
03-24 18:01:02.751  1645  2066 I SensorService: createSensorEventConnection end
03-24 18:01:02.752  1645  2066 D SensorManager: 0x71ccc76340 addFd fd=619
03-24 18:01:02.752  1645  2066 I SensorService: enable begin
03-24 18:01:02.752  1645  2066 I SensorService: Proximity sensor name : proximity-ltr578
03-24 18:01:02.752  2143  2143 D TimeKeeper: getTimeTickInfo:[mMillisUntilFinished:0, mHour:0, mMinute:0, mSecond:0]
03-24 18:01:02.753  1645  2070 I PowerManagerService-JNI: fingersense switch state:1
03-24 18:01:02.754  1645  2070 I fingersense_manager: Calling fingersense_on_resume()
03-24 18:01:02.755 16321 16321 I FrameWork: file read in jni: (
03-24 18:01:02.755  2143  2143 D TimeKeeper: getTimeTickInfo:[mMillisUntilFinished:0, mHour:0, mMinute:0, mSecond:0]
03-24 18:01:02.755 16321 16321 I FrameWork: cv_faceDetectorModel_15.ms file len: 1978200
03-24 18:01:02.755  2143  2143 D TimeKeeper: getTimeTickInfo:[mMillisUntilFinished:0, mHour:0, mMinute:0, mSecond:0]
03-24 18:01:02.756  1645  2070 I fingersense_manager: fingersense_on_resume() finished
03-24 18:01:02.756  1645  2070 I PowerManagerService-JNI: turning FingerSense on
03-24 18:01:02.756  2143  2143 D TimeKeeper: getTimeTickInfo:[mMillisUntilFinished:0, mHour:0, mMinute:0, mSecond:0]
03-24 18:01:02.756  1645  2070 I SurfaceComposerClient: Setting power mode 2 on display 0x728d91d380
03-24 18:01:02.756  1645  1751 D DisplayCutout: pathAndDisplayCutoutFromSpec sCachedDensity=3.0,sCachedDisplayWidth=1080,sCachedDisplayHeight=2280,density=3.0 displayWidth 1080 displayHeight 2280
03-24 18:01:02.756  1645  1751 V LocalDisplayAdapter: getDisplayDeviceInfoLocked called,1080x2280, 1080x2280displayCutout DisplayCutout{insets=Rect(0, 90 - 0, 0) waterfall=Insets{left=0, top=0, right=0, bottom=0} boundingRect={Bounds=[Rect(0, 0 - 0, 0), Rect(365, 0 - 715, 90), Rect(0, 0 - 0, 0), Rect(0, 0 - 0, 0)]}}
03-24 18:01:02.757  1645  1751 I DisplayManagerService: Display device changed state: "", ON
03-24 18:01:02.757  1645  2015 I HwMediaSessionServiceEx: MediaDisplayEventReceiver onDisplayChanged: 0
03-24 18:01:02.757  1645  2248 I NetworkTimeUpdateService: Display displayState:2
03-24 18:01:02.758  1645  3092 I WindowManager: UL_Power mKeyguardDelegate.ShowListener.onDrawn.
03-24 18:01:02.762   723   723 I SurfaceFlinger: SetPowerMode_2 2023-3-24 18:1:2 on display 0.
03-24 18:01:02.762   723   723 I RoundCornerDisplay: [RcdSetPowerMode]RcdSetPowerMode mode = 2
03-24 18:01:02.762  1645  1749 I HwActivityStackSupervisorEx: handleVrDisplayChanged displayId = 0
03-24 18:01:02.762   966 25820 D AGPService: itouch ITouchService::SetSurfaceFlingerInfo::surfaceflingerInfo.screenOnOff = 2
03-24 18:01:02.766   661   697 D hwcomposer: [Disp0]: mode = 2
03-24 18:01:02.766   661   697 I hwcomposer: SetPrimaryPanelDfrInfo:3331: SetPrimaryPanelFps 60Hz
03-24 18:01:02.768  1645  1749 W HwActivityStackSupervisorEx: handleVrDisplayChanged other vr mode displayId: 0
03-24 18:01:02.768  1645  2294 I HwPCUtils#HwPCManagerService: onDisplayChanged, displayId:0
03-24 18:01:02.770  1645  1752 D LogicalDisplay: configureDisplayLocked mTempLayerStackRect=Rect(0, 0 - 1080, 2280) mTempDisplayRect=Rect(0, 0 - 1080, 2280) orientation = 0
03-24 18:01:02.770  1645  1752 I DisplayDevice: setProjectionLocked displayId 0 orientation(0->0) LayerStackRect(Rect(0, 0 - 1080, 2280)->Rect(0, 0 - 1080, 2280)) DisplayRect(Rect(0, 0 - 1080, 2280)->Rect(0, 0 - 1080, 2280))
03-24 18:01:02.770  1645  1752 I DisplayDevice: isNeedRefreshOrientaion orientation 0
03-24 18:01:02.775  1645  2066 I SensorService: batch begin
03-24 18:01:02.775  1645  2248 I NetworkTimeUpdateService: skew is :10mBasePollingIntervalMs start is :86400000
03-24 18:01:02.775  1645  2248 I NetworkTimeUpdateService: mBasePollingIntervalMs process is :86400000
03-24 18:01:02.775  1645  2248 I AlarmManager: remove alarm:Alarm{84c5505 type 3 when 90012247 PendingIntent{84a5905: PendingIntentRecord{848c1a1 android broadcastIntent}}android procName system} according to operation:84a5905
03-24 18:01:02.775  1094  1094 E Sensors@1.2-impl: Sensors::batch: sensorHandle: 4, samplingPeriodNs: 200000000, maxReportLatencyNs: 0
03-24 18:01:02.775  1094  1094 I Sensors@1.2-impl: IsConfigParamNeedUpdate: service: 1645, sensor: 4, first set config, create it
03-24 18:01:02.775  1094  1094 I Sensors@1.2-impl: SetReportConfig: the sensor not find, create it
03-24 18:01:02.775  1094  1094 I Sensors@1.2-impl: GetSensorConfig: sensor: 4, Can't get param
03-24 18:01:02.775  1094  1094 I Sensors@1.2-impl: GetSensorConfig: sensor: 4, Can't get param
03-24 18:01:02.775  1094  1094 I Sensors@1.2-impl: JudgeOptimizeConfig: sensor: 4, oldPeriod: 0, initPeroid: 200000000
03-24 18:01:02.775  1094  1094 I Sensors@1.2-impl: SetOptimizeConfig: sensor: 4 first setconfig, create it
03-24 18:01:02.775  1094  1094 I Sensors@1.2-impl: GetSampleFifoConfig: sensor: 4, period: 200000000, reportDelay: 0
03-24 18:01:02.775  1094  1094 I SensorHub: batch called handle:4 sampleNs:200000000 latencyNs:0
03-24 18:01:02.775  1094  1094 I SensorHub: in Batch, handle = 4, flags = 0, periodNs = 200000000, timeout = 0
03-24 18:01:02.776  1645  2066 I SensorService: batch end
03-24 18:01:02.776  1645  2066 I SensorService: enableSensor handle:4, packageName:com.android.server.display.HwProximitySensorDetector, opPackageName:android , rate=200000000
03-24 18:01:02.776  1645  2066 I SensorService: enable activate begin
03-24 18:01:02.776  1094  1094 I Sensors@1.2-impl: activate-4 enabled-1 fwkOals-1 camOals-0 fwkOcolor-0 camOcolor-0 fwkOtof-0 camOtof-0
03-24 18:01:02.776  1094  1094 I Sensors@1.2-impl: GetTotalOpenCnt: The sensor haven't open
03-24 18:01:02.776  1094  1094 I Sensors@1.2-impl: IsOpenNeedUpdate: service: 1645, sensor: 4, open: 1, openCnt: 0
03-24 18:01:02.776  1094  1094 I SensorHub: Activate, handle: 4, enabled:1, err: 0
03-24 18:01:02.777  1645  2066 I SensorService: enable activate end
03-24 18:01:02.777  1645  2066 I SensorService: enable end
03-24 18:01:02.784 16321 16321 I FrameWork: file read in jni: (
03-24 18:01:02.786 16321 16321 I FrameWork: cv_faceDetectorModel_17.ms file len: 1523352
03-24 18:01:02.786  1645 12112 W ProcBatteryStats: timer is running , not start, name: com.android.phone, uid: 1001, tag: *telephony-radio*
03-24 18:01:02.787  1645  1752 I WindowManager: dispatchResized : win = Window{856d705 u0 StatusBar} drawState = DRAW_PENDING
03-24 18:01:02.791  1073  1292 D COMMRIL : ComrilTimerStart TimerId = 24, tv->tv_sec = 1
03-24 18:01:02.795  1073  1323 D COMMRIL : ComrilTimerStart TimerId = 25, tv->tv_sec = 1
03-24 18:01:02.795  1645  1783 I HwPowerManagerService: updateSettingsLocked mEyesProtectionMode:0
03-24 18:01:02.795  1645  1645 I HwMultiDisplayManager: onDisplayChanged: 0
03-24 18:01:02.796   701   701 I hisi_effect: SetEffectInfo:367: modules=2 dispPanelId=0
03-24 18:01:02.798   718  1468 I asd_out_fwk: L = [0], R = [0], continus 20 times, Device = 0x2
03-24 18:01:02.798  1645  2792 W ProcBatteryStats: timer is running , not start, name: com.android.phone, uid: 1001, tag: RILJ_ACK_WL
03-24 18:01:02.802 16321 16321 I FrameWork: file read in jni: $
03-24 18:01:02.802 16321 16321 I FrameWork: cv_faceDetectorModel_isface.ms file len: 1412692
03-24 18:01:02.804  1645  1962 I TrafficMonitor: update:rxPkts:3,txPkts:4,rxBytes:2655,txBytes:668
03-24 18:01:02.804  1645  1962 I TrafficMonitor: gettimer:interval=180000
03-24 18:01:02.804  1645  2248 I NetworkTimeUpdateService: Ignoring NTP update
03-24 18:01:02.811  1073  1291 I         : HwCustType is 0
03-24 18:01:02.811  1073  1291 E         : open file error
03-24 18:01:02.811  1073  1291 I         : no cota live update cust policy found
03-24 18:01:02.811  1073  1291 I         : GetCfgDirRealPolicyValue: custPolicyDirs: /system/emui/base:/system/emui/china:/system/emui/china_honor:/vendor/etc:/odm/cust/all/cn:/odm/etc:/odm/hw_odm/COL-AL10:/hw_product/etc:/hw_product/region_comm/china:/preas/china:/hw_product/hw_oem/COL-AL10:/preload/COL-AL10/all/cn:/cust/global:/cust/hw/cn:/version/cust/all/cn:/version/special_cust/COL-AL10/all/cn:/cust/cotalite:/cust/ecota
03-24 18:01:02.812 16321 16321 I FrameWork: file read in jni: $
03-24 18:01:02.812 16321 16321 I FrameWork: load face detect model succeed
03-24 18:01:02.812 16321 16321 I FrameWork: This is Executor Init
03-24 18:01:02.812 16321 16321 I FrameWork: Graph start to parse config file
03-24 18:01:02.812 16321 16321 I FrameWork: Graph parsing config file success
03-24 18:01:02.812 16321 16321 I FrameWork: Graph constructor success
03-24 18:01:02.812 16321 16321 I FrameWork: This :NativeContext is new Context from service, add 0x718b5aab00 to Executor GraphManager
03-24 18:01:02.812 16321 16321 I FrameWork: Graph Init and start to check every operations
03-24 18:01:02.812 16321 16321 I FrameWork: config before write to file
03-24 18:01:02.812 16321 16321 I FrameWork: config length before remove: 9216
03-24 18:01:02.812 16321 16321 I FrameWork: config length after remove: 9133
03-24 18:01:02.812 16321 16321 I FrameWork: Interception success
03-24 18:01:02.812 16321 16321 I FrameWork: config after remove invalid character: {
03-24 18:01:02.812 16321 16321 I FrameWork:         "dataType":"FLOAT32",
03-24 18:01:02.812 16321 16321 I FrameWork:         "dataFormat":"RGBA",
03-24 18:01:02.812 16321 16321 I FrameWork:         "loopStart":"NodeDetectPostFace",
03-24 18:01:02.812 16321 16321 I FrameWork:         "loopLists":"NodeLandmarkCrop,NodeLandmarkResize,NodeLandmarkCColor,NodeLandmarkNormalize,NodeLandmarkDllite,NodeModifyRect,NodeLandmarkCrop2,NodeLandmarkResize2,NodeLandmarkCColor2,NodeLandmarkNormalize2,NodeLandmarkDllite2,NodeLandmarkReloc,NodeIsFaceAffineT,NodeIsFaceCrop,NodeIsFaceCColor,NodeIsFaceNormalize,NodeIsFaceDllite,NodePoseAffineT,NodePoseCrop,NodePoseCColor,NodePoseNormalize,NodePoseDllite",
03-24 18:01:02.812 16321 16321 I FrameWork:         "rawInput":"rawImage",
03-24 18:01:02.812 16321 16321 I FrameWork:         "finalOutput":"finalResultDetect;finalResultLandmark;finalResultIsFace;finalResultPose",
03-24 18:01:02.812 16321 16321 I FrameWork:         "node": [
03-24 18:01:02.812 16321 16321 I FrameWork:         {
03-24 18:01:02.812 16321 16321 I FrameWork:             "nodeName": "NodeDetectResize",
03-24 18:01:02.812 16321 16321 I FrameWork:             "operation": "CVLiteResize",
03-24 18:01:02.812 16321 16321 I FrameWork:             "input": "rawImage",
03-24 18:01:02.812 16321 16321 I FrameWork:             "output": "NodeDetectCColor;NodeDetectPostFace",
03-24 18:01:02.812 16321 16321 I FrameWork:             "operationConfig": "dstWidth:400;dstHeight:400;interpolationMode:1"
03-24 18:01:02.812 16321 16321 I FrameWork:         },
03-24 18:01:02.812 16321 16321 I FrameWork:         {
03-24 18:01:02.812 16321 16321 I FrameWork:             
03-24 18:01:02.808  1073  1073 W balong_modem0: type=1400 audit(0.0:38162): avc: denied { search } for pid=1073 name="cota" dev="sdd70" ino=1170 scontext=u:r:rild:s0 tcontext=u:object_r:hw_cust_file:s0 tclass=dir permissive=0
03-24 18:01:02.812 16321 16321 I FrameWork: Get 4 Model(s) from JNI
03-24 18:01:02.814  1645  3092 W ProcBatteryStats: timer is running , not start, name: com.huawei.ims, uid: 1001, tag: RILJ_IMS
03-24 18:01:02.815 16321 16321 I FrameWork: Start register operation
03-24 18:01:02.815 16321 16321 I FrameWork: Creating instance of CVPipe::CVLiteResize
03-24 18:01:02.815 16321 16321 I FrameWork: static ClassFactory* Instance()
03-24 18:01:02.815 16321 16321 I FrameWork: Creating Object
03-24 18:01:02.815 16321 16321 I FrameWork: Init DynamicCreator...
03-24 18:01:02.815 16321 16321 I FrameWork: ~OperationContextList()
03-24 18:01:02.815 16321 16321 I FrameWork: Push OperationBase ptr: 0x71e8e2d870 to map<NodeName, OperationBase *>
03-24 18:01:02.815 16321 16321 I FrameWork: Creating instance of CVPipe::ConvertColor
03-24 18:01:02.815 16321 16321 I FrameWork: static ClassFactory* Instance()
03-24 18:01:02.815 16321 16321 I FrameWork: Creating Object
03-24 18:01:02.815 16321 16321 I FrameWork: Init DynamicCreator...
03-24 18:01:02.815 16321 16321 I FrameWork: ~OperationContextList()
03-24 18:01:02.815 16321 16321 I FrameWork: Push OperationBase ptr: 0x71e292b7c0 to map<NodeName, OperationBase *>
03-24 18:01:02.815 16321 16321 I FrameWork: Creating instance of CVPipe::CVLiteNormalize
03-24 18:01:02.815 16321 16321 I FrameWork: static ClassFactory* Instance()
03-24 18:01:02.815 16321 16321 I FrameWork: Creating Object
03-24 18:01:02.815 16321 16321 I FrameWork: Init DynamicCreator...
03-24 18:01:02.815 16321 16321 I FrameWork: ~OperationContextList()
03-24 18:01:02.815 16321 16321 I FrameWork: Push OperationBase ptr: 0x71e292b820 to map<NodeName, OperationBase *>
03-24 18:01:02.815 16321 16321 I FrameWork: Creating instance of CVPipe::DlliteOperator
03-24 18:01:02.815 16321 16321 I FrameWork: static ClassFactory* Instance()
03-24 18:01:02.815 16321 16321 I FrameWork: Creating Object
03-24 18:01:02.815 16321 16321 I FrameWork: Init DynamicCreator...
03-24 18:01:02.815 16321 16321 I DLLite  : RegisterFeature success
03-24 18:01:02.815 16321 16321 I DLLite  : ModelPathBuffer with ModelBuffer
03-24 18:01:02.815 16321 16321 I DLLite  : Check ModelBuffer [Exit]
03-24 18:01:02.815 16321 16321 I DLLite  : Create HETERNEURAL wrapper
03-24 18:01:02.816 16321 16321 I DLLite  : Current heterneural version is HETERNEURAL RUNTIME1.1.1.
03-24 18:01:02.816 16321 16321 I DLLite  : CreateModelInterpreter success
03-24 18:01:02.818  1645  2792 I SensorService: createSensorEventConnection begin
03-24 18:01:02.818  1645  2792 I SensorService: SensorEventConnection begin
03-24 18:01:02.818  1645  2792 I SensorService: SensorEventConnection end
03-24 18:01:02.818  1645  2792 I SensorService: createSensorEventConnection end
03-24 18:01:02.818  1645  1752 I WindowManager: UL_Power All windows ready for display!
03-24 18:01:02.820  2143  2705 D SensorManager: 0x716d053df0 addFd fd=195
03-24 18:01:02.820  1645  1749 D HWExtDeviceManager: motion DeviceEventQueue mDeviceHandler: Handler (com.huawei.hwextdevice.HWExtDeviceManager$DeviceEventQueue$HWExtDeviceHandler) {85a3c4a}
03-24 18:01:02.820  1645  2792 I SensorService: enable begin
03-24 18:01:02.820  1645  1749 D         : ALOGD: HWExtDeviceManager::enableDevice 1 type : 700... 
03-24 18:01:02.820  1645  1749 D         : HWExtDeviceService HWExtDeviceRecord 
03-24 18:01:02.820  1645  1749 D         : ALOGD: HWExtDeviceService::addActiveRecord add connection sucessed connSize: 2 
03-24 18:01:02.820  1645  1749 D         : ALOGD: HWExtDeviceService::enableDevice subdevice is not null 
03-24 18:01:02.820  1645  1749 I         : HWExtMotionService::enableMotion motionType:700 , action:-1, delay:0
03-24 18:01:02.820  1645  2792 I SensorService: batch begin
03-24 18:01:02.820   711   711 I motion@1.0-service: start registered pid = 1645 motion = 7
03-24 18:01:02.820  1094  1094 E Sensors@1.2-impl: Sensors::batch: sensorHandle: 4, samplingPeriodNs: 20000000, maxReportLatencyNs: 0
03-24 18:01:02.820  1094  1094 I Sensors@1.2-impl: IsConfigParamNeedUpdate: service: 1645, sensor: 4, first set config, create it
03-24 18:01:02.820  1094  1094 I Sensors@1.2-impl: GetSensorConfig: sensor: 4, Can't get param
03-24 18:01:02.820  1094  1094 I Sensors@1.2-impl: GetSensorConfig: sensor: 4, Can't get param
03-24 18:01:02.820  1094  1094 I Sensors@1.2-impl: JudgeOptimizeConfig: sensor: 4, oldPeriod: 200000000, initPeroid: 20000000
03-24 18:01:02.820  1094  1094 I Sensors@1.2-impl: SetOptimizeConfig: sensor: 4, period: 20000000, reportDelay: 0
03-24 18:01:02.820  1094  1094 I Sensors@1.2-impl: GetSampleFifoConfig: sensor: 4, period: 20000000, reportDelay: 0
03-24 18:01:02.820  1094  1094 I SensorHub: batch called handle:4 sampleNs:20000000 latencyNs:0
03-24 18:01:02.820  1094  1094 I SensorHub: in Batch, handle = 4, flags = 0, periodNs = 20000000, timeout = 0
03-24 18:01:02.820   711   711 I motion@1.0-service: Motion startMotionReco err = 0
03-24 18:01:02.820   711   711 I motion@1.0-service: g_pollCaredMotionFlag before = 6144
03-24 18:01:02.820   711   711 I motion@1.0-service: start pid == g_pollPid g_pollPid = 1645
03-24 18:01:02.820   711   711 I motion@1.0-service: g_pollCaredMotionFlag after = [6272]
03-24 18:01:02.821  1645  1749 D         : ALOGD: HWExtDeviceService::enableDevice add record: 2 
03-24 18:01:02.821  1645  1749 I HWEMRP  : registerDeviceListener mHwExtDeviceEventListener
03-24 18:01:02.821  1645  2792 I SensorService: batch end
03-24 18:01:02.821  1645  2792 I SensorService: enableSensor handle:4, packageName:com.android.systemui.classifier.FalsingManager, opPackageName:com.android.systemui , rate=20000000
03-24 18:01:02.821  1645  2792 I SensorService: enable activate begin
03-24 18:01:02.821  1645  2792 I SensorService: enable activate end
03-24 18:01:02.821  1645  1749 I WindowManager: UL_Power Finished screen turning on...
03-24 18:01:02.821  1645  1783 I DisplayPowerController: mPowerState.mScreenChangedReason: 65537 mPendingRequestLocked.mScreenChangeReason 65537
03-24 18:01:02.822  1645  2792 I SensorService: enable end
03-24 18:01:02.822  1645  1783 I DisplayPowerController: Animating brightness: target=-1, rate=0,brightnessTargetReal=-1,AutoBrightness=true
03-24 18:01:02.822  2514  3518 I SensorState: sensor:4 name:proximity enable:true uid:10072
03-24 18:01:02.823  2514  3518 I PGServer: report state:4 event type:1 pid:4 uid:10072 pkg:null to pid: 1645
03-24 18:01:02.824  2514  3518 I SensorState: addSensor,mHandles:{4=1}
03-24 18:01:02.823   477   477 I hwservicemanager: getTransport: Cannot find entry vendor.huawei.hardware.nnx@1.0::INnxService/default in either framework or device manifest.
03-24 18:01:02.827 16321 16321 E NNX_CLIENT_EXECUTOR: Failed to get nnx service
03-24 18:01:02.827   718 17824 D AudioPolicyService: getUidState(10159) !cacheIter->second.first, return PROCESS_STATE_UNKNOWN
03-24 18:01:02.828 16321 16321 E MS_LITE : [mindspore/lite/src/runtime/executor/hnexecutor/nnx/hn_client_executor.cc:60] InitExecutor] Create NNXContext Executor failed.
03-24 18:01:02.828  1094  1183 D SensorHub: SENSOR_TYPE_PROXIMITY data[0] = 5.000000
03-24 18:01:02.828  1094  1183 D SensorHub: SENSOR_TYPE_PROXIMITY data[0] = 5.000000
03-24 18:01:02.831   477   477 I hwservicemanager: getTransport: Cannot find entry vendor.huawei.hardware.nnx@1.0::INnxService/default in either framework or device manifest.
03-24 18:01:02.831 16321 16321 E NNX_CLIENT_EXECUTOR: Failed to get nnx service
03-24 18:01:02.832 16321 16321 E MS_LITE : [mindspore/lite/src/runtime/executor/hnexecutor/nnx/hn_client_executor.cc:60] InitExecutor] Create NNXContext Executor failed.
03-24 18:01:02.832 16321 16321 E MS_LITE : [mindspore/lite/src/runtime/executor/hnexecutor/nnx/executor_impl.cc:40] CreateExecutor] InitExecutor failed.
03-24 18:01:02.832 16321 16321 E MS_LITE : [mindspore/lite/src/lite_session.cc:541] Init] create nnx executor failed, using client executor
03-24 18:01:02.834   718 17824 D AudioPolicyService: getUidState(10159) !cacheIter->second.first, return PROCESS_STATE_UNKNOWN
03-24 18:01:02.835  4696  4930 D FLTAG_SC: bindService from Intent: Intent { cmp=com.android.gallery3d/com.huawei.gallery.service.ThumbWriteToKvService }
03-24 18:01:02.835  4696  4930 I FLTAG_FM: getRequireFeature it maybe not in a feature:com.huawei.gallery.service.ThumbWriteToKvService
03-24 18:01:02.835  4696  4930 D FLTAG_SC: Feature cannot been obtained
03-24 18:01:02.835  1645  3092 V BroadcastQueue: Finished with ordered broadcast BroadcastRecord{846ed5b u-1 android.intent.action.SCREEN_OFF}
